C51 COMPILER V9.52.0.0   ION                                                               12/04/2019 20:53:40 PAGE 1   


C51 COMPILER V9.52.0.0, COMPILATION OF MODULE ION
OBJECT MODULE PLACED IN .\obj\ion.obj
COMPILER INVOKED BY: d:\Keil\C51\BIN\C51.EXE src\ion.c BROWSE INCDIR(.\inc;.\lib) DEBUG OBJECTEXTEND PRINT(.\list\ion.ls
                    -t) TABS(2) OBJECT(.\obj\ion.obj)

line level    source

   1          
   2          /*
   3           * ion.c
   4           * Kit Shaw
   5           * 2019.10.4
   6           */
   7           
   8          #include "SC92F844X_C.h"
   9          #include "ion.h"
  10          #include "eeprom.h"
  11          
  12          unsigned char ion_init_status;    //0xaa是关闭状态, 其他开启
  13          
  14          unsigned char read_ion_init_status(void)
  15            //24
  16          {
  17   1        return ion_init_status;
  18   1      }
  19          
  20          void write_ion_to_eeprom(void)
  21          {
  22   1        WDTCON = 0x10;
  23   1        if(read_ion_init_status() == 0xaa) eeprom_write_byte(24, 0x55);
  24   1        else eeprom_write_byte(24, 0xaa);
  25   1        ion_init_status = eeprom_read_byte(24);
  26   1        if(read_ion_init_status() == 0xaa)ion_off();
  27   1        else ion_on();
  28   1      }
  29          
  30          void ion_init(void)
  31          {
  32   1        P4CON |= 1<<5;  //P45输出模式
  33   1        //P4PH |= 1<<5;  //上拉
  34   1        ion_off();
  35   1        WDTCON = 0x10;
  36   1        ion_init_status = eeprom_read_byte(24);
  37   1        //if(ion_init_status)
  38   1      }
  39          
  40          void ion_on(void)
  41          {
  42   1        ION_PIN = 0;
  43   1      }
  44          
  45          void ion_off(void)
  46          {
  47   1        ION_PIN = 1;
  48   1      }


MODULE INFORMATION:   STATIC OVERLAYABLE
   CODE SIZE        =     66    ----
   CONSTANT SIZE    =   ----    ----
   XDATA SIZE       =   ----    ----
C51 COMPILER V9.52.0.0   ION                                                               12/04/2019 20:53:40 PAGE 2   

   PDATA SIZE       =   ----    ----
   DATA SIZE        =      1    ----
   IDATA SIZE       =   ----    ----
   BIT SIZE         =   ----    ----
END OF MODULE INFORMATION.


C51 COMPILATION COMPLETE.  0 WARNING(S),  0 ERROR(S)
