C51 COMPILER V9.52.0.0   ION                                                               10/05/2019 22:47:59 PAGE 1   


C51 COMPILER V9.52.0.0, COMPILATION OF MODULE ION
OBJECT MODULE PLACED IN .\obj\ion.obj
COMPILER INVOKED BY: d:\Keil\C51\BIN\C51.EXE src\ion.c BROWSE INCDIR(.\inc;.\lib) DEBUG OBJECTEXTEND PRINT(.\list\ion.ls
                    -t) TABS(2) OBJECT(.\obj\ion.obj)

line level    source

   1          
   2          /*
   3           * ion.c
   4           * Kit Shaw
   5           * 2019.10.4
   6           */
   7           
   8          #include "SC92F844X_C.h"
   9          #include "ion.h"
  10          
  11          
  12          void ion_init(void)
  13          {
  14   1        P4CON |= 1<<5;  //P45Êä³öÄ£Ê½
  15   1        ion_off();
  16   1      }
  17          
  18          void ion_on(void)
  19          {
  20   1        ION_PIN = 1;
  21   1      }
  22          
  23          void ion_off(void)
  24          {
  25   1        ION_PIN = 0;
  26   1      }


MODULE INFORMATION:   STATIC OVERLAYABLE
   CODE SIZE        =     12    ----
   CONSTANT SIZE    =   ----    ----
   XDATA SIZE       =   ----    ----
   PDATA SIZE       =   ----    ----
   DATA SIZE        =   ----    ----
   IDATA SIZE       =   ----    ----
   BIT SIZE         =   ----    ----
END OF MODULE INFORMATION.


C51 COMPILATION COMPLETE.  0 WARNING(S),  0 ERROR(S)
