BL51 BANKED LINKER/LOCATER V6.22                                                        11/01/2019  21:34:32  PAGE 1


BL51 BANKED LINKER/LOCATER V6.22, INVOKED BY:
D:\KEIL\C51\BIN\BL51.EXE .\obj\STARTUP.obj, .\obj\S_TouchKeyCFG.obj, .\obj\eeprom.obj, .\obj\fan.obj, .\obj\filter.obj, 
>> .\obj\ion.obj, .\obj\key.obj, .\obj\led.obj, .\obj\main.obj, .\lib\SC92F8X4X_HighSensitive_Lib_T1_V1.1.0.LIB, .\obj\d
>> ust.obj, .\obj\arom.obj, .\obj\timing_off.obj, .\obj\beep.obj TO .\obj\KJ109-A01·¢¹Ì¶¨Âö³å PRINT (.\list\KJ109-A01·¢¹
>> Ì¶¨Âö³å.m51) RAMSIZE (256) CODE (0X100)


MEMORY MODEL: SMALL


INPUT MODULES INCLUDED:
  .\obj\STARTUP.obj (?C_STARTUP)
  .\obj\S_TouchKeyCFG.obj (S_TOUCHKEYCFG)
  .\obj\eeprom.obj (EEPROM)
  .\obj\fan.obj (FAN)
  .\obj\filter.obj (FILTER)
  .\obj\ion.obj (ION)
  .\obj\key.obj (KEY)
  .\obj\led.obj (LED)
  .\obj\main.obj (MAIN)
  .\lib\SC92F8X4X_HighSensitive_Lib_T1_V1.1.0.LIB (SENSORMETHOD)
  .\obj\dust.obj (DUST)
  .\obj\arom.obj (AROM)
  .\obj\timing_off.obj (TIMING_OFF)
  .\obj\beep.obj (BEEP)
  D:\KEIL\C51\LIB\C51S.LIB (?C_INIT)
  D:\KEIL\C51\LIB\C51S.LIB (?C?IMUL)
  D:\KEIL\C51\LIB\C51S.LIB (?C?UIDIV)
  D:\KEIL\C51\LIB\C51S.LIB (?C?SIDIV)
  D:\KEIL\C51\LIB\C51S.LIB (?C?IILDX)
  D:\KEIL\C51\LIB\C51S.LIB (?C?LMUL)
  D:\KEIL\C51\LIB\C51S.LIB (?C?ULDIV)
  D:\KEIL\C51\LIB\C51S.LIB (?C?LNOT)
  D:\KEIL\C51\LIB\C51S.LIB (?C?ULCMP)
  D:\KEIL\C51\LIB\C51S.LIB (?C?ULSHR)
  D:\KEIL\C51\LIB\C51S.LIB (?C?LSHL)
  D:\KEIL\C51\LIB\C51S.LIB (?C?LSTXDATA)
  D:\KEIL\C51\LIB\C51S.LIB (?C?LSTKXDATA)
  D:\KEIL\C51\LIB\C51S.LIB (?C?OFFXADD)
  D:\KEIL\C51\LIB\C51S.LIB (RAND)


LINK MAP OF MODULE:  .\obj\KJ109-A01·¢¹Ì¶¨Âö³å (?C_STARTUP)


            TYPE    BASE      LENGTH    RELOCATION   SEGMENT NAME
            -----------------------------------------------------

            * * * * * * *   D A T A   M E M O R Y   * * * * * * *
            REG     0000H     0008H     ABSOLUTE     "REG BANK 0"
            DATA    0008H     0014H     UNIT         ?DT?KEY
            DATA    001CH     0004H     UNIT         ?DT?EEPROM
            BIT     0020H.0   0000H.2   UNIT         ?BI?SENSORMETHOD
            BIT     0020H.2   0000H.1   UNIT         ?BI?MAIN
            BIT     0020H.3   0000H.1   UNIT         _BIT_GROUP_
                    0020H.4   0000H.4                *** GAP ***
            DATA    0021H     0014H     UNIT         _DATA_GROUP_
            DATA    0035H     000CH     UNIT         ?DT?MAIN
BL51 BANKED LINKER/LOCATER V6.22                                                      11/01/2019  21:34:32  PAGE 2


            DATA    0041H     0009H     UNIT         ?DT?FAN
            DATA    004AH     0009H     UNIT         ?DT?SENSORMETHOD
            DATA    0053H     0007H     UNIT         ?DT?FILTER
            DATA    005AH     0005H     UNIT         ?DT?LED
            DATA    005FH     0004H     UNIT         ?DT?RAND?RAND
            DATA    0063H     0003H     UNIT         ?DT?AROM
            DATA    0066H     0003H     UNIT         ?DT?TIMING_OFF
            DATA    0069H     0001H     UNIT         ?DT?DUST
            IDATA   006AH     0001H     UNIT         ?STACK

            * * * * * * *  X D A T A   M E M O R Y  * * * * * * *
            XDATA   0000H     0062H     UNIT         ?XD?S_TOUCHKEYCFG
            XDATA   0062H     0035H     UNIT         ?XD?DUST
            XDATA   0097H     0009H     UNIT         ?XD?SENSORMETHOD
            XDATA   00A0H     0006H     UNIT         ?XD?FAN
            XDATA   00A6H     0004H     UNIT         ?XD?KEY
            XDATA   00AAH     0001H     UNIT         ?XD?BEEP
            XDATA   00ABH     0001H     UNIT         _XDATA_GROUP_
                    00ACH     0698H                  *** GAP ***
            XDATA   0744H     0002H     ABSOLUTE     

            * * * * * * *   C O D E   M E M O R Y   * * * * * * *
            CODE    0000H     0003H     ABSOLUTE     
                    0003H     0008H                  *** GAP ***
            CODE    000BH     0003H     ABSOLUTE     
                    000EH     000DH                  *** GAP ***
            CODE    001BH     0003H     ABSOLUTE     
                    001EH     000DH                  *** GAP ***
            CODE    002BH     0003H     ABSOLUTE     
                    002EH     0005H                  *** GAP ***
            CODE    0033H     0003H     ABSOLUTE     
                    0036H     0025H                  *** GAP ***
            CODE    005BH     0003H     ABSOLUTE     
                    005EH     00A2H                  *** GAP ***
            CODE    0100H     03A8H     UNIT         ?PR?_SENSORRENOVATE?SENSORMETHOD
            CODE    04A8H     0265H     UNIT         ?PR?KEY_TASK?KEY
            CODE    070DH     025DH     UNIT         ?C?LIB_CODE
            CODE    096AH     0155H     UNIT         ?PR?DUST_TASK?DUST
            CODE    0ABFH     0126H     UNIT         ?PR?TOUCHKEYSCAN?S_TOUCHKEYCFG
            CODE    0BE5H     011FH     UNIT         ?PR?_MULTIPLEDEAL?SENSORMETHOD
            CODE    0D04H     011DH     UNIT         ?PR?SENSORMETHOD
            CODE    0E21H     00C6H     UNIT         ?PR?DUST_ADC_MEAN_VALUE?DUST
            CODE    0EE7H     00BDH     UNIT         ?PR?READ_FILTER_TIME?FILTER
            CODE    0FA4H     00BBH     UNIT         ?PR?_FILTERDATADEAL?SENSORMETHOD
            CODE    105FH     009BH     UNIT         ?PR?FAN_HANDLE?FAN
            CODE    10FAH     009AH     UNIT         ?C_C51STARTUP
            CODE    1194H     008AH     UNIT         ?PR?AROM_TASK?AROM
            CODE    121EH     0087H     UNIT         ?PR?WRITE_FILTER_TIME?FILTER
            CODE    12A5H     0086H     UNIT         ?PR?FAN_TASK?FAN
            CODE    132BH     0082H     UNIT         ?PR?FAN_LEVEL2_SPEED_JUDGE?FAN
            CODE    13ADH     0082H     UNIT         ?PR?FAN_LEVEL3_SPEED_JUDGE?FAN
            CODE    142FH     0081H     UNIT         ?PR?FAN_LEVEL1_SPEED_JUDGE?FAN
            CODE    14B0H     0080H     UNIT         ?PR?TIMER2INT?MAIN
            CODE    1530H     0080H     UNIT         ?PR?TOUCHKEYINIT?SENSORMETHOD
            CODE    15B0H     007FH     UNIT         ?PR?_ICHAADJUST?SENSORMETHOD
            CODE    162FH     0075H     UNIT         ?PR?FAN_LEVEL12_SPEED_JUDGE?FAN
            CODE    16A4H     0075H     UNIT         ?PR?FAN_LEVEL23_SPEED_JUDGE?FAN
BL51 BANKED LINKER/LOCATER V6.22                                                      11/01/2019  21:34:32  PAGE 3


            CODE    1719H     006EH     UNIT         ?PR?SYS_INIT?MAIN
            CODE    1787H     0061H     UNIT         ?PR?FILTER_TASK?FILTER
            CODE    17E8H     005EH     UNIT         ?PR?TIMING_OFF_TASK?TIMING_OFF
            CODE    1846H     005BH     UNIT         ?PR?TOUCHKEY_SERVICE?SENSORMETHOD
            CODE    18A1H     0058H     UNIT         ?PR?_LED_DISPLAY_BCD?LED
            CODE    18F9H     0058H     UNIT         ?PR?FILTERAVERGEDEAL?SENSORMETHOD
            CODE    1951H     0054H     UNIT         ?PR?LED_DISPLAY_PM25?LED
            CODE    19A5H     0052H     UNIT         ?CO?S_TOUCHKEYCFG
            CODE    19F7H     004DH     UNIT         ?PR?RAND?RAND
            CODE    1A44H     004CH     UNIT         ?PR?INITIALIZESENSORFLAG?SENSORMETHOD
            CODE    1A90H     0047H     UNIT         ?PR?CURRENTSENSORCHOOSE?S_TOUCHKEYCFG
            CODE    1AD7H     0047H     UNIT         ?PR?TOUCHKEYCFGINIT?S_TOUCHKEYCFG
            CODE    1B1EH     0045H     UNIT         ?PR?LED_OFF?LED
            CODE    1B63H     0045H     UNIT         ?PR?LED_ALL_ON?LED
            CODE    1BA8H     003DH     UNIT         ?PR?TIMER1?MAIN
            CODE    1BE5H     003BH     UNIT         ?PR?CTK_ISR?S_TOUCHKEYCFG
            CODE    1C20H     0039H     UNIT         ?PR?MAIN?MAIN
            CODE    1C59H     0038H     UNIT         ?PR?_I2C_WRITE_BYTE?LED
            CODE    1C91H     0037H     UNIT         ?PR?LED_DISPLAY_TIMING_OFF_LEVEL?LED
            CODE    1CC8H     0036H     UNIT         ?PR?LED_DISPLAY_MODE?LED
            CODE    1CFEH     0034H     UNIT         ?PR?RESET_FILTER_TIME?FILTER
            CODE    1D32H     0034H     UNIT         ?PR?SYS_SCAN?KEY
            CODE    1D66H     0033H     UNIT         ?PR?I2C_WAIK_ACK?LED
            CODE    1D99H     0032H     UNIT         ?PR?_GETCFGMSG?S_TOUCHKEYCFG
            CODE    1DCBH     0032H     UNIT         ?PR?_ADC_INIT?DUST
            CODE    1DFDH     0030H     UNIT         ?PR?_EEPROM_WRITE_BYTE?EEPROM
            CODE    1E2DH     002CH     UNIT         ?PR?_GETCURRFINGERVALUE?S_TOUCHKEYCFG
            CODE    1E59H     002CH     UNIT         ?PR?TIMERINIT?MAIN
            CODE    1E85H     002BH     UNIT         ?PR?LED_DISPLAY_DUST_LEVEL?LED
            CODE    1EB0H     0028H     UNIT         ?PR?LED_DISPLAY_AROM_LEVEL?LED
            CODE    1ED8H     0026H     UNIT         ?PR?FAN_INIT?FAN
            CODE    1EFEH     0026H     UNIT         ?PR?LED_KEY_POWER?LED
            CODE    1F24H     0025H     UNIT         ?PR?FILTER_INIT?FILTER
            CODE    1F49H     0025H     UNIT         ?PR?FILTERCOMMCODE?SENSORMETHOD
            CODE    1F6EH     0025H     UNIT         ?PR?SENSORKEYFLAG?SENSORMETHOD
            CODE    1F93H     0024H     UNIT         ?PR?I2C_INIT?LED
            CODE    1FB7H     0024H     UNIT         ?PR?INITIALIZEBASELINES?SENSORMETHOD
            CODE    1FDBH     0021H     UNIT         ?PR?FILTERIIRINIT?SENSORMETHOD
            CODE    1FFCH     001FH     UNIT         ?PR?LED_KEY_POWER_COUNT?LED
            CODE    201BH     001EH     UNIT         ?PR?LED_INIT?LED
            CODE    2039H     001EH     UNIT         ?PR?TASK_10MS?MAIN
            CODE    2057H     001CH     UNIT         ?C_INITSEG
            CODE    2073H     001CH     UNIT         ?PR?FAN_PWM_START?FAN
            CODE    208FH     001CH     UNIT         ?PR?POWER_OFF?FAN
            CODE    20ABH     001CH     UNIT         ?PR?LED_TASK?LED
            CODE    20C7H     001AH     UNIT         ?PR?_TM1650_SET?LED
            CODE    20E1H     0019H     UNIT         ?PR?READ_SPEED?FAN
            CODE    20FAH     0019H     UNIT         ?PR?STORE_FAN_RETURN_PULSE?FAN
            CODE    2113H     0019H     UNIT         ?PR?ADC_INTERRUPT?DUST
            CODE    212CH     0018H     UNIT         ?PR?_EEPROM_READ_BYTE?EEPROM
            CODE    2144H     0017H     UNIT         ?PR?POWER_ON?FAN
            CODE    215BH     0016H     UNIT         ?PR?_GETTKYZTHRESHOLD?S_TOUCHKEYCFG
            CODE    2171H     0016H     UNIT         ?PR?I2C_START?LED
            CODE    2187H     0016H     UNIT         ?PR?I2C_STOP?LED
            CODE    219DH     0015H     UNIT         ?PR?KEY_POWER_COM?KEY
            CODE    21B2H     0015H     UNIT         ?PR?TASK_100MS?MAIN
            CODE    21C7H     0015H     UNIT         ?PR?DUST_INIT?DUST
BL51 BANKED LINKER/LOCATER V6.22                                                      11/01/2019  21:34:32  PAGE 4


            CODE    21DCH     0013H     UNIT         ?PR?TASK_1MS?MAIN
            CODE    21EFH     0012H     UNIT         ?PR?_GETSCANTIMEVALUE?S_TOUCHKEYCFG
            CODE    2201H     0012H     UNIT         ?PR?REGULATE_AROM_LEVEL?AROM
            CODE    2213H     0012H     UNIT         ?PR?REGULATE_TIMING_OFF_LEVEL?TIMING_OFF
            CODE    2225H     0012H     UNIT         ?PR?BEEP_TASK?BEEP
            CODE    2237H     0010H     UNIT         ?PR?BEEP_INIT?BEEP
            CODE    2247H     000FH     UNIT         ?PR?FAN_PULSE_COUNT_ADD?FAN
            CODE    2256H     000FH     UNIT         ?PR?FAN_PULSE_COUNT_DEC?FAN
            CODE    2265H     000EH     UNIT         ?PR?WRITE_SPEED_TO_EEPROM?FAN
            CODE    2273H     000DH     UNIT         ?PR?_GETBASELINEADJUSTVALUE?S_TOUCHKEYCFG
            CODE    2280H     000DH     UNIT         ?PR?REGULATE_FAN_SPEED?FAN
            CODE    228DH     000DH     UNIT         ?PR?LED_KEY_ON?LED
            CODE    229AH     000CH     UNIT         ?PR?LED_DISPLAY_LOCK?LED
            CODE    22A6H     000CH     UNIT         ?PR?_DELAY_US?LED
            CODE    22B2H     000CH     UNIT         ?PR?_USDELAY?SENSORMETHOD
            CODE    22BEH     000BH     UNIT         ?PR?SETONEKEYPUSHRESETTIME?S_TOUCHKEYCFG
            CODE    22C9H     000BH     UNIT         ?PR?GETBASELINEUPDATETHRESHOLD?S_TOUCHKEYCFG
            CODE    22D4H     000BH     UNIT         ?PR?RESET_KEY_NO_MOVE_COUNT?KEY
            CODE    22DFH     000BH     UNIT         ?PR?RESET_LOCK_FLAG?KEY
            CODE    22EAH     000BH     UNIT         ?PR?KEY_POWER_SPEED_COM?KEY
            CODE    22F5H     000BH     UNIT         ?PR?_SDA_MODE?LED
            CODE    2300H     000AH     UNIT         ?PR?GETTKYZCNT?S_TOUCHKEYCFG
            CODE    230AH     000AH     UNIT         ?PR?READ_LOCK_FLAG?KEY
            CODE    2314H     000AH     UNIT         ?PR?AROM_INIT?AROM
            CODE    231EH     0009H     UNIT         ?PR?_LED_DISPLAY_FILTER_OUT?LED
            CODE    2327H     0009H     UNIT         ?PR?LED_DISPLAY_ION?LED
            CODE    2330H     0009H     UNIT         ?PR?TIMER1_START?MAIN
            CODE    2339H     0009H     UNIT         ?PR?READ_DUST_DISPLAY_VALUE?DUST
            CODE    2342H     0008H     UNIT         ?PR?GETINITAUTOUPDATETIME?S_TOUCHKEYCFG
            CODE    234AH     0008H     UNIT         ?PR?ISDOUBLEKEYORSLIDEKEY?S_TOUCHKEYCFG
            CODE    2352H     0008H     UNIT         ?PR?GETUPCONFIRMCNT?S_TOUCHKEYCFG
            CODE    235AH     0008H     UNIT         ?PR?KEY_TIMER_COM?KEY
            CODE    2362H     0008H     UNIT         ?PR?KEY_AROM_COM?KEY
            CODE    236AH     0008H     UNIT         ?PR?KEY_SPEED_COM?KEY
            CODE    2372H     0008H     UNIT         ?PR?KEY_POWER_LONG_COM?KEY
            CODE    237AH     0008H     UNIT         ?PR?I2C_CLK_LOW?LED
            CODE    2382H     0007H     UNIT         ?PR?KEY_ION_COM?KEY
            CODE    2389H     0006H     UNIT         ?PR?ION_INIT?ION
            CODE    238FH     0006H     UNIT         ?PR?KEY_INIT?KEY
            CODE    2395H     0006H     UNIT         ?PR?TASK_1S?MAIN
            CODE    239BH     0006H     UNIT         ?PR?_SET_BEEP_COUNT?BEEP
            CODE    23A1H     0004H     UNIT         ?PR?ADC_START?DUST
            CODE    23A5H     0004H     UNIT         ?PR?TIMING_OFF_INIT?TIMING_OFF
            CODE    23A9H     0004H     UNIT         ?PR?RESET_TIMING_OFF_LEVEL?TIMING_OFF
            CODE    23ADH     0003H     UNIT         ?PR?GETCSFUNCTION?S_TOUCHKEYCFG
            CODE    23B0H     0003H     UNIT         ?PR?READ_POWER_STATUS?FAN
            CODE    23B3H     0003H     UNIT         ?PR?READ_FAN_SPEED?FAN
            CODE    23B6H     0003H     UNIT         ?PR?ION_ON?ION
            CODE    23B9H     0003H     UNIT         ?PR?ION_OFF?ION
            CODE    23BCH     0003H     UNIT         ?PR?KEY_LOCK_COM?KEY
            CODE    23BFH     0003H     UNIT         ?PR?I2C_CLK_HIGH?LED
            CODE    23C2H     0003H     UNIT         ?PR?I2C_DIN_HIGH?LED
            CODE    23C5H     0003H     UNIT         ?PR?I2C_DIN_LOW?LED
            CODE    23C8H     0003H     UNIT         ?PR?TOUCHKEYRESTART?SENSORMETHOD
            CODE    23CBH     0003H     UNIT         ?PR?GETISNEEDUPDATEBASELINE?SENSORMETHOD
            CODE    23CEH     0003H     UNIT         ?PR?SETNEEDUPDATEBASELINE?SENSORMETHOD
            CODE    23D1H     0003H     UNIT         ?PR?READ_DUST_LEVEL?DUST
BL51 BANKED LINKER/LOCATER V6.22                                                      11/01/2019  21:34:32  PAGE 5


            CODE    23D4H     0003H     UNIT         ?PR?AROM_ON?AROM
            CODE    23D7H     0003H     UNIT         ?PR?AROM_OFF?AROM
            CODE    23DAH     0003H     UNIT         ?PR?_SET_AROM_LEVEL?AROM
            CODE    23DDH     0003H     UNIT         ?PR?READ_AROM_LEVEL?AROM
            CODE    23E0H     0003H     UNIT         ?PR?READ_TIMING_OFF_LEVEL?TIMING_OFF
            CODE    23E3H     0001H     UNIT         ?PR?EEPROM_INIT?EEPROM
            CODE    23E4H     0001H     UNIT         ?PR?LED_ON?LED
            CODE    23E5H     0001H     UNIT         ?PR?TIMER0?MAIN



OVERLAY MAP OF MODULE:   .\obj\KJ109-A01·¢¹Ì¶¨Âö³å (?C_STARTUP)


SEGMENT                                             BIT_GROUP          DATA_GROUP          XDATA_GROUP
  +--> CALLED SEGMENT                            START    LENGTH     START    LENGTH     START    LENGTH
--------------------------------------------------------------------------------------------------------
?C_C51STARTUP                                    -----    -----      -----    -----      -----    -----
  +--> ?PR?MAIN?MAIN
  +--> ?C_INITSEG

?PR?MAIN?MAIN                                    -----    -----      -----    -----      -----    -----
  +--> ?PR?SYS_INIT?MAIN
  +--> ?PR?TASK_1MS?MAIN
  +--> ?PR?TASK_10MS?MAIN
  +--> ?PR?TASK_100MS?MAIN
  +--> ?PR?TASK_1S?MAIN
  +--> ?PR?FAN_HANDLE?FAN

?PR?SYS_INIT?MAIN                                -----    -----      0021H    0004H      -----    -----
  +--> ?PR?LED_INIT?LED
  +--> ?PR?DUST_INIT?DUST
  +--> ?PR?TIMERINIT?MAIN
  +--> ?PR?FAN_INIT?FAN
  +--> ?PR?ION_INIT?ION
  +--> ?PR?AROM_INIT?AROM
  +--> ?PR?TOUCHKEYINIT?SENSORMETHOD
  +--> ?PR?KEY_INIT?KEY
  +--> ?PR?EEPROM_INIT?EEPROM
  +--> ?PR?FILTER_INIT?FILTER
  +--> ?PR?TIMING_OFF_INIT?TIMING_OFF
  +--> ?PR?BEEP_INIT?BEEP
  +--> ?PR?LED_ALL_ON?LED
  +--> ?PR?POWER_OFF?FAN

?PR?LED_INIT?LED                                 -----    -----      -----    -----      -----    -----
  +--> ?PR?I2C_INIT?LED
  +--> ?PR?LED_OFF?LED

?PR?I2C_INIT?LED                                 -----    -----      -----    -----      -----    -----
  +--> ?PR?I2C_CLK_LOW?LED
  +--> ?PR?I2C_DIN_HIGH?LED
  +--> ?PR?_TM1650_SET?LED

?PR?I2C_CLK_LOW?LED                              -----    -----      -----    -----      -----    -----
  +--> ?PR?_DELAY_US?LED

BL51 BANKED LINKER/LOCATER V6.22                                                      11/01/2019  21:34:32  PAGE 6


?PR?_TM1650_SET?LED                              -----    -----      0025H    0002H      -----    -----
  +--> ?PR?I2C_START?LED
  +--> ?PR?_I2C_WRITE_BYTE?LED
  +--> ?PR?I2C_WAIK_ACK?LED
  +--> ?PR?I2C_STOP?LED

?PR?I2C_START?LED                                -----    -----      -----    -----      -----    -----
  +--> ?PR?I2C_DIN_HIGH?LED
  +--> ?PR?I2C_CLK_HIGH?LED
  +--> ?PR?_DELAY_US?LED
  +--> ?PR?I2C_DIN_LOW?LED
  +--> ?PR?I2C_CLK_LOW?LED

?PR?_I2C_WRITE_BYTE?LED                          -----    -----      0027H    0002H      -----    -----
  +--> ?PR?I2C_CLK_LOW?LED
  +--> ?PR?I2C_DIN_HIGH?LED
  +--> ?PR?_DELAY_US?LED
  +--> ?PR?I2C_DIN_LOW?LED
  +--> ?PR?I2C_CLK_HIGH?LED

?PR?I2C_WAIK_ACK?LED                             -----    -----      0027H    0001H      -----    -----
  +--> ?PR?_DELAY_US?LED
  +--> ?PR?_SDA_MODE?LED

?PR?I2C_STOP?LED                                 -----    -----      -----    -----      -----    -----
  +--> ?PR?I2C_DIN_LOW?LED
  +--> ?PR?I2C_CLK_HIGH?LED
  +--> ?PR?_DELAY_US?LED
  +--> ?PR?I2C_DIN_HIGH?LED
  +--> ?PR?I2C_CLK_LOW?LED

?PR?LED_OFF?LED                                  -----    -----      -----    -----      -----    -----
  +--> ?PR?_TM1650_SET?LED

?PR?DUST_INIT?DUST                               -----    -----      -----    -----      -----    -----
  +--> ?PR?_ADC_INIT?DUST

?PR?FAN_INIT?FAN                                 -----    -----      -----    -----      -----    -----
  +--> ?PR?READ_SPEED?FAN

?PR?READ_SPEED?FAN                               -----    -----      -----    -----      -----    -----
  +--> ?PR?_EEPROM_READ_BYTE?EEPROM

?PR?ION_INIT?ION                                 -----    -----      -----    -----      -----    -----
  +--> ?PR?ION_OFF?ION

?PR?AROM_INIT?AROM                               -----    -----      -----    -----      -----    -----
  +--> ?PR?AROM_OFF?AROM

?PR?TOUCHKEYINIT?SENSORMETHOD                    -----    -----      -----    -----      -----    -----
  +--> ?PR?TOUCHKEYCFGINIT?S_TOUCHKEYCFG
  +--> ?PR?_GETCFGMSG?S_TOUCHKEYCFG
  +--> ?PR?_GETSCANTIMEVALUE?S_TOUCHKEYCFG
  +--> ?PR?SENSORMETHOD
  +--> ?PR?INITIALIZESENSORFLAG?SENSORMETHOD
  +--> ?PR?FILTERAVERGEDEAL?SENSORMETHOD
  +--> ?PR?INITIALIZEBASELINES?SENSORMETHOD
BL51 BANKED LINKER/LOCATER V6.22                                                      11/01/2019  21:34:32  PAGE 7



?PR?TOUCHKEYCFGINIT?S_TOUCHKEYCFG                -----    -----      -----    -----      -----    -----
  +--> ?CO?S_TOUCHKEYCFG
  +--> ?PR?CURRENTSENSORCHOOSE?S_TOUCHKEYCFG

?PR?CURRENTSENSORCHOOSE?S_TOUCHKEYCFG            -----    -----      0025H    0004H      -----    -----

?PR?_GETCFGMSG?S_TOUCHKEYCFG                     -----    -----      -----    -----      -----    -----
  +--> ?CO?S_TOUCHKEYCFG
  +--> ?PR?_GETBASELINEADJUSTVALUE?S_TOUCHKE...

?PR?_GETSCANTIMEVALUE?S_TOUCHKEYCFG              -----    -----      -----    -----      -----    -----
  +--> ?CO?S_TOUCHKEYCFG

?PR?INITIALIZESENSORFLAG?SENSORMETHOD            -----    -----      -----    -----      -----    -----
  +--> ?PR?SENSORMETHOD

?PR?FILTERAVERGEDEAL?SENSORMETHOD                -----    -----      0025H    0002H      -----    -----
  +--> ?PR?FILTERCOMMCODE?SENSORMETHOD
  +--> ?PR?SENSORMETHOD
  +--> ?PR?_ICHAADJUST?SENSORMETHOD
  +--> ?PR?FILTERIIRINIT?SENSORMETHOD
  +--> ?PR?GETINITAUTOUPDATETIME?S_TOUCHKEYCFG
  +--> ?PR?_FILTERDATADEAL?SENSORMETHOD

?PR?FILTERCOMMCODE?SENSORMETHOD                  -----    -----      -----    -----      -----    -----
  +--> ?PR?_USDELAY?SENSORMETHOD

?PR?_ICHAADJUST?SENSORMETHOD                     -----    -----      0034H    0001H      00ABH    0001H
  +--> ?PR?_GETBASELINEADJUSTVALUE?S_TOUCHKE...
  +--> ?PR?_GETSCANTIMEVALUE?S_TOUCHKEYCFG
  +--> ?PR?SENSORMETHOD

?PR?FILTERIIRINIT?SENSORMETHOD                   -----    -----      -----    -----      -----    -----
  +--> ?PR?SENSORMETHOD

?PR?GETINITAUTOUPDATETIME?S_TOUCHKEYCFG          -----    -----      -----    -----      -----    -----
  +--> ?CO?S_TOUCHKEYCFG

?PR?_FILTERDATADEAL?SENSORMETHOD                 -----    -----      002CH    0003H      -----    -----
  +--> ?PR?SENSORMETHOD
  +--> ?PR?_GETCURRFINGERVALUE?S_TOUCHKEYCFG

?PR?_GETCURRFINGERVALUE?S_TOUCHKEYCFG            -----    -----      -----    -----      -----    -----
  +--> ?CO?S_TOUCHKEYCFG

?PR?INITIALIZEBASELINES?SENSORMETHOD             -----    -----      -----    -----      -----    -----
  +--> ?PR?SENSORMETHOD

?PR?KEY_INIT?KEY                                 -----    -----      -----    -----      -----    -----
  +--> ?PR?RESET_KEY_NO_MOVE_COUNT?KEY

?PR?FILTER_INIT?FILTER                           -----    -----      -----    -----      -----    -----
  +--> ?PR?READ_FILTER_TIME?FILTER

?PR?READ_FILTER_TIME?FILTER                      -----    -----      0025H    0004H      -----    -----
  +--> ?PR?_EEPROM_READ_BYTE?EEPROM
BL51 BANKED LINKER/LOCATER V6.22                                                      11/01/2019  21:34:32  PAGE 8



?PR?BEEP_INIT?BEEP                               -----    -----      -----    -----      -----    -----
  +--> ?PR?_SET_BEEP_COUNT?BEEP

?PR?LED_ALL_ON?LED                               -----    -----      -----    -----      -----    -----
  +--> ?PR?_TM1650_SET?LED

?PR?POWER_OFF?FAN                                -----    -----      -----    -----      -----    -----
  +--> ?PR?ION_OFF?ION
  +--> ?PR?_SET_AROM_LEVEL?AROM
  +--> ?PR?RESET_TIMING_OFF_LEVEL?TIMING_OFF
  +--> ?PR?LED_OFF?LED
  +--> ?PR?RESET_KEY_NO_MOVE_COUNT?KEY
  +--> ?PR?WRITE_FILTER_TIME?FILTER
  +--> ?PR?RESET_LOCK_FLAG?KEY

?PR?WRITE_FILTER_TIME?FILTER                     -----    -----      0025H    0004H      -----    -----
  +--> ?PR?_EEPROM_WRITE_BYTE?EEPROM

?PR?_EEPROM_WRITE_BYTE?EEPROM                    -----    -----      0029H    0001H      -----    -----
  +--> ?PR?_EEPROM_READ_BYTE?EEPROM

?PR?RESET_LOCK_FLAG?KEY                          -----    -----      -----    -----      -----    -----
  +--> ?PR?RESET_KEY_NO_MOVE_COUNT?KEY
  +--> ?PR?_SET_BEEP_COUNT?BEEP

?PR?TASK_1MS?MAIN                                -----    -----      -----    -----      -----    -----
  +--> ?PR?KEY_TASK?KEY

?PR?KEY_TASK?KEY                                 -----    -----      -----    -----      -----    -----
  +--> ?PR?KEY_POWER_LONG_COM?KEY
  +--> ?PR?KEY_POWER_COM?KEY
  +--> ?PR?READ_POWER_STATUS?FAN
  +--> ?PR?KEY_POWER_SPEED_COM?KEY
  +--> ?PR?KEY_SPEED_COM?KEY
  +--> ?PR?KEY_ION_COM?KEY
  +--> ?PR?KEY_AROM_COM?KEY
  +--> ?PR?KEY_LOCK_COM?KEY
  +--> ?PR?KEY_TIMER_COM?KEY

?PR?KEY_POWER_LONG_COM?KEY                       -----    -----      -----    -----      -----    -----
  +--> ?PR?RESET_FILTER_TIME?FILTER
  +--> ?PR?_SET_BEEP_COUNT?BEEP

?PR?RESET_FILTER_TIME?FILTER                     -----    -----      -----    -----      -----    -----
  +--> ?PR?_EEPROM_WRITE_BYTE?EEPROM

?PR?KEY_POWER_COM?KEY                            -----    -----      -----    -----      -----    -----
  +--> ?PR?_SET_BEEP_COUNT?BEEP
  +--> ?PR?READ_POWER_STATUS?FAN
  +--> ?PR?POWER_OFF?FAN
  +--> ?PR?WRITE_FILTER_TIME?FILTER
  +--> ?PR?POWER_ON?FAN

?PR?POWER_ON?FAN                                 -----    -----      -----    -----      -----    -----
  +--> ?PR?LED_ON?LED
  +--> ?PR?ION_ON?ION
BL51 BANKED LINKER/LOCATER V6.22                                                      11/01/2019  21:34:32  PAGE 9


  +--> ?PR?FAN_PWM_START?FAN
  +--> ?PR?RESET_KEY_NO_MOVE_COUNT?KEY
  +--> ?PR?LED_KEY_ON?LED

?PR?KEY_POWER_SPEED_COM?KEY                      -----    -----      -----    -----      -----    -----
  +--> ?PR?REGULATE_FAN_SPEED?FAN
  +--> ?PR?WRITE_SPEED_TO_EEPROM?FAN
  +--> ?PR?_SET_BEEP_COUNT?BEEP

?PR?WRITE_SPEED_TO_EEPROM?FAN                    -----    -----      -----    -----      -----    -----
  +--> ?PR?_EEPROM_WRITE_BYTE?EEPROM

?PR?KEY_SPEED_COM?KEY                            -----    -----      -----    -----      -----    -----
  +--> ?PR?REGULATE_FAN_SPEED?FAN
  +--> ?PR?_SET_BEEP_COUNT?BEEP

?PR?KEY_ION_COM?KEY                              -----    -----      -----    -----      -----    -----
  +--> ?PR?_SET_BEEP_COUNT?BEEP

?PR?KEY_AROM_COM?KEY                             -----    -----      -----    -----      -----    -----
  +--> ?PR?REGULATE_AROM_LEVEL?AROM
  +--> ?PR?_SET_BEEP_COUNT?BEEP

?PR?KEY_LOCK_COM?KEY                             -----    -----      -----    -----      -----    -----
  +--> ?PR?RESET_LOCK_FLAG?KEY

?PR?KEY_TIMER_COM?KEY                            -----    -----      -----    -----      -----    -----
  +--> ?PR?REGULATE_TIMING_OFF_LEVEL?TIMING_OFF
  +--> ?PR?_SET_BEEP_COUNT?BEEP

?PR?TASK_10MS?MAIN                               -----    -----      -----    -----      -----    -----
  +--> ?PR?SYS_SCAN?KEY
  +--> ?PR?DUST_TASK?DUST
  +--> ?PR?FAN_TASK?FAN
  +--> ?PR?BEEP_TASK?BEEP
  +--> ?PR?LED_KEY_POWER?LED

?PR?SYS_SCAN?KEY                                 -----    -----      -----    -----      -----    -----
  +--> ?PR?TOUCHKEYSCAN?S_TOUCHKEYCFG
  +--> ?PR?RESET_KEY_NO_MOVE_COUNT?KEY
  +--> ?PR?TOUCHKEYRESTART?SENSORMETHOD

?PR?TOUCHKEYSCAN?S_TOUCHKEYCFG                   -----    -----      0021H    0009H      -----    -----
  +--> ?PR?GETISNEEDUPDATEBASELINE?SENSORMETHOD
  +--> ?PR?SENSORKEYFLAG?SENSORMETHOD
  +--> ?PR?SETNEEDUPDATEBASELINE?SENSORMETHOD
  +--> ?PR?ISDOUBLEKEYORSLIDEKEY?S_TOUCHKEYCFG
  +--> ?PR?SETONEKEYPUSHRESETTIME?S_TOUCHKEYCFG
  +--> ?CO?S_TOUCHKEYCFG
  +--> ?PR?_MULTIPLEDEAL?SENSORMETHOD

?PR?SENSORKEYFLAG?SENSORMETHOD                   -----    -----      002AH    0001H      -----    -----
  +--> ?PR?_FILTERDATADEAL?SENSORMETHOD
  +--> ?PR?_SENSORRENOVATE?SENSORMETHOD

?PR?_SENSORRENOVATE?SENSORMETHOD                 -----    -----      002BH    0009H      -----    -----
  +--> ?PR?SENSORMETHOD
BL51 BANKED LINKER/LOCATER V6.22                                                      11/01/2019  21:34:32  PAGE 10


  +--> ?PR?_GETCURRFINGERVALUE?S_TOUCHKEYCFG
  +--> ?PR?GETCSFUNCTION?S_TOUCHKEYCFG
  +--> ?PR?ISDOUBLEKEYORSLIDEKEY?S_TOUCHKEYCFG
  +--> ?PR?GETTKYZCNT?S_TOUCHKEYCFG
  +--> ?PR?_GETTKYZTHRESHOLD?S_TOUCHKEYCFG
  +--> ?PR?GETBASELINEUPDATETHRESHOLD?S_TOUC...
  +--> ?PR?GETUPCONFIRMCNT?S_TOUCHKEYCFG
  +--> ?PR?_ICHAADJUST?SENSORMETHOD

?PR?ISDOUBLEKEYORSLIDEKEY?S_TOUCHKEYCFG          -----    -----      -----    -----      -----    -----
  +--> ?CO?S_TOUCHKEYCFG

?PR?_GETTKYZTHRESHOLD?S_TOUCHKEYCFG              -----    -----      -----    -----      -----    -----
  +--> ?PR?_GETCURRFINGERVALUE?S_TOUCHKEYCFG

?PR?GETBASELINEUPDATETHRESHOLD?S_TOUC...         -----    -----      -----    -----      -----    -----
  +--> ?CO?S_TOUCHKEYCFG

?PR?SETONEKEYPUSHRESETTIME?S_TOUCHKEYCFG         -----    -----      -----    -----      -----    -----
  +--> ?CO?S_TOUCHKEYCFG

?PR?_MULTIPLEDEAL?SENSORMETHOD                   -----    -----      002AH    0002H      -----    -----
  +--> ?PR?SENSORMETHOD
  +--> ?PR?INITIALIZESENSORFLAG?SENSORMETHOD
  +--> ?PR?FILTERIIRINIT?SENSORMETHOD
  +--> ?PR?_FILTERDATADEAL?SENSORMETHOD
  +--> ?PR?INITIALIZEBASELINES?SENSORMETHOD

?PR?DUST_TASK?DUST                               -----    -----      -----    -----      -----    -----
  +--> ?PR?DUST_ADC_MEAN_VALUE?DUST
  +--> ?PR?RAND?RAND

?PR?DUST_ADC_MEAN_VALUE?DUST                     -----    -----      0021H    0008H      -----    -----

?PR?FAN_TASK?FAN                                 -----    -----      -----    -----      -----    -----
  +--> ?PR?READ_POWER_STATUS?FAN

?PR?LED_KEY_POWER?LED                            -----    -----      -----    -----      -----    -----
  +--> ?PR?READ_POWER_STATUS?FAN

?PR?TASK_100MS?MAIN                              -----    -----      -----    -----      -----    -----
  +--> ?PR?FILTER_TASK?FILTER
  +--> ?PR?LED_TASK?LED

?PR?FILTER_TASK?FILTER                           -----    -----      -----    -----      -----    -----
  +--> ?PR?READ_POWER_STATUS?FAN
  +--> ?PR?WRITE_FILTER_TIME?FILTER
  +--> ?PR?_LED_DISPLAY_FILTER_OUT?LED

?PR?LED_TASK?LED                                 -----    -----      -----    -----      -----    -----
  +--> ?PR?READ_POWER_STATUS?FAN
  +--> ?PR?LED_DISPLAY_ION?LED
  +--> ?PR?LED_DISPLAY_AROM_LEVEL?LED
  +--> ?PR?LED_DISPLAY_MODE?LED
  +--> ?PR?LED_DISPLAY_LOCK?LED
  +--> ?PR?LED_DISPLAY_PM25?LED
  +--> ?PR?LED_DISPLAY_DUST_LEVEL?LED
BL51 BANKED LINKER/LOCATER V6.22                                                      11/01/2019  21:34:32  PAGE 11


  +--> ?PR?LED_DISPLAY_TIMING_OFF_LEVEL?LED

?PR?LED_DISPLAY_AROM_LEVEL?LED                   -----    -----      -----    -----      -----    -----
  +--> ?PR?READ_AROM_LEVEL?AROM

?PR?LED_DISPLAY_MODE?LED                         -----    -----      -----    -----      -----    -----
  +--> ?PR?READ_FAN_SPEED?FAN

?PR?LED_DISPLAY_LOCK?LED                         -----    -----      -----    -----      -----    -----
  +--> ?PR?READ_LOCK_FLAG?KEY

?PR?LED_DISPLAY_PM25?LED                         -----    -----      0021H    0002H      -----    -----
  +--> ?PR?READ_DUST_DISPLAY_VALUE?DUST
  +--> ?PR?_LED_DISPLAY_BCD?LED
  +--> ?PR?_TM1650_SET?LED

?PR?LED_DISPLAY_DUST_LEVEL?LED                   -----    -----      -----    -----      -----    -----
  +--> ?PR?READ_DUST_LEVEL?DUST

?PR?LED_DISPLAY_TIMING_OFF_LEVEL?LED             -----    -----      -----    -----      -----    -----
  +--> ?PR?READ_TIMING_OFF_LEVEL?TIMING_OFF

?PR?TASK_1S?MAIN                                 -----    -----      -----    -----      -----    -----
  +--> ?PR?AROM_TASK?AROM
  +--> ?PR?TIMING_OFF_TASK?TIMING_OFF

?PR?AROM_TASK?AROM                               -----    -----      -----    -----      -----    -----
  +--> ?PR?AROM_ON?AROM
  +--> ?PR?AROM_OFF?AROM

?PR?TIMING_OFF_TASK?TIMING_OFF                   -----    -----      -----    -----      -----    -----
  +--> ?PR?POWER_OFF?FAN

?PR?FAN_HANDLE?FAN                               -----    -----      -----    -----      -----    -----
  +--> ?PR?READ_POWER_STATUS?FAN
  +--> ?PR?READ_DUST_LEVEL?DUST
  +--> ?PR?FAN_LEVEL1_SPEED_JUDGE?FAN
  +--> ?PR?FAN_LEVEL2_SPEED_JUDGE?FAN
  +--> ?PR?FAN_LEVEL3_SPEED_JUDGE?FAN

*** NEW ROOT ***************************************************

?PR?CTK_ISR?S_TOUCHKEYCFG                        -----    -----      -----    -----      -----    -----
  +--> ?PR?TOUCHKEY_SERVICE?SENSORMETHOD

?PR?TOUCHKEY_SERVICE?SENSORMETHOD                0020H.3  0000H.1    -----    -----      -----    -----
  +--> ?PR?SENSORMETHOD
  +--> ?PR?_GETSCANTIMEVALUE?S_TOUCHKEYCFG
  +--> ?PR?_GETBASELINEADJUSTVALUE?S_TOUCHKE...

*** NEW ROOT ***************************************************

?PR?TIMER2INT?MAIN                               -----    -----      -----    -----      -----    -----
  +--> ?PR?TIMER1_START?MAIN
  +--> ?PR?STORE_FAN_RETURN_PULSE?FAN
  +--> ?PR?LED_KEY_POWER_COUNT?LED

BL51 BANKED LINKER/LOCATER V6.22                                                      11/01/2019  21:34:32  PAGE 12


?PR?LED_KEY_POWER_COUNT?LED                      -----    -----      -----    -----      -----    -----
  +--> ?PR?READ_POWER_STATUS?FAN

*** NEW ROOT ***************************************************

?PR?TIMER1?MAIN                                  -----    -----      -----    -----      -----    -----
  +--> ?PR?ADC_START?DUST



SYMBOL TABLE OF MODULE:  .\obj\KJ109-A01·¢¹Ì¶¨Âö³å (?C_STARTUP)

  VALUE           TYPE          NAME
  ----------------------------------

  -------         MODULE        ?C_STARTUP
  C:10FAH         SEGMENT       ?C_C51STARTUP
  I:006AH         SEGMENT       ?STACK
  C:0000H         PUBLIC        ?C_STARTUP
  D:00E0H         SYMBOL        ACC
  D:00F0H         SYMBOL        B
  D:0083H         SYMBOL        DPH
  D:0082H         SYMBOL        DPL
  N:0000H         SYMBOL        IBPSTACK
  N:0100H         SYMBOL        IBPSTACKTOP
  N:0100H         SYMBOL        IDATALEN
  C:10FDH         SYMBOL        IDATALOOP
  N:0000H         SYMBOL        PBPSTACK
  N:0100H         SYMBOL        PBPSTACKTOP
  N:0000H         SYMBOL        PDATALEN
  N:0000H         SYMBOL        PDATASTART
  N:0000H         SYMBOL        PPAGE
  N:0000H         SYMBOL        PPAGEENABLE
  D:00A0H         SYMBOL        PPAGE_SFR
  D:0081H         SYMBOL        SP
  C:10FAH         SYMBOL        STARTUP1
  N:0000H         SYMBOL        XBPSTACK
  N:0000H         SYMBOL        XBPSTACKTOP
  N:0080H         SYMBOL        XDATALEN
  C:1108H         SYMBOL        XDATALOOP
  N:0000H         SYMBOL        XDATASTART
  C:0000H         LINE#         126
  C:10FAH         LINE#         133
  C:10FCH         LINE#         134
  C:10FDH         LINE#         135
  C:10FEH         LINE#         136
  C:1100H         LINE#         140
  C:1103H         LINE#         141
  C:1105H         LINE#         143
  C:1107H         LINE#         147
  C:1108H         LINE#         148
  C:1109H         LINE#         149
  C:110AH         LINE#         150
  C:110CH         LINE#         151
  C:110EH         LINE#         185
  C:1111H         LINE#         196
  -------         ENDMOD        ?C_STARTUP
BL51 BANKED LINKER/LOCATER V6.22                                                      11/01/2019  21:34:32  PAGE 13



  -------         MODULE        S_TOUCHKEYCFG
  C:0000H         SYMBOL        _ICE_DUMMY_
  X:0000H         PUBLIC        ConfirmTouchCnt
  X:0001H         PUBLIC        BaseLine
  C:1AD7H         PUBLIC        TouchKeyCFGInit
  C:2273H         PUBLIC        _GetBaseLineAdjustValue
  X:000DH         PUBLIC        FloatAreaCnt
  B:00D0H.7       PUBLIC        TK_CY
  C:1E2DH         PUBLIC        _GetCurrFingerValue
  C:23ADH         PUBLIC        GetCsFunction
  X:0013H         PUBLIC        CurrentChannel
  X:0019H         PUBLIC        RawData
  C:234AH         PUBLIC        IsDoubleKeyOrSlideKey
  X:0025H         PUBLIC        TouchCnt
  C:1BE5H         PUBLIC        CTK_ISR
  X:002BH         PUBLIC        LowFingerDataCnt
  C:0ABFH         PUBLIC        TouchKeyScan
  C:22BEH         PUBLIC        SetOneKeyPushResetTime
  C:21EFH         PUBLIC        _GetScanTimeValue
  C:2300H         PUBLIC        GetTKYzCnt
  X:0031H         PUBLIC        DifferAccum
  X:003DH         PUBLIC        RestAreaCnt
  C:215BH         PUBLIC        _GetTKYzThreshold
  X:0043H         PUBLIC        BaseLineAdjusttmp
  C:1A90H         PUBLIC        CurrentSensorChoose
  C:2342H         PUBLIC        GetInitAutoUpdateTime
  X:0049H         PUBLIC        MultipleLNum
  C:1D99H         PUBLIC        _GetCfgMsg
  X:004BH         PUBLIC        SOCAPI_TouchKeyStatus
  C:2352H         PUBLIC        GetUpConfirmCnt
  X:004CH         PUBLIC        UpdateBaseLNum
  X:004EH         PUBLIC        SetNoiseThreshold
  C:22C9H         PUBLIC        GetBaselineUpdateThreshold
  X:004FH         PUBLIC        FilterData
  X:005BH         PUBLIC        NoTouchCnt
  X:0061H         PUBLIC        MultipleDealTpye
  C:19C7H         PUBLIC        TKChannelCfg
  C:19A5H         PUBLIC        TKCFG
  D:00D0H         PUBLIC        TK_PSW
  -------         PROC          SETONEKEYPUSHRESETTIME
  C:22BEH         LINE#         96
  C:22BEH         LINE#         97
  C:22BEH         LINE#         98
  C:22C8H         LINE#         99
  -------         ENDPROC       SETONEKEYPUSHRESETTIME
  -------         PROC          GETBASELINEUPDATETHRESHOLD
  C:22C9H         LINE#         107
  C:22C9H         LINE#         108
  C:22C9H         LINE#         109
  C:22D3H         LINE#         110
  -------         ENDPROC       GETBASELINEUPDATETHRESHOLD
  -------         PROC          GETINITAUTOUPDATETIME
  C:2342H         LINE#         119
  C:2342H         LINE#         120
  C:2342H         LINE#         121
  C:2349H         LINE#         122
BL51 BANKED LINKER/LOCATER V6.22                                                      11/01/2019  21:34:32  PAGE 14


  -------         ENDPROC       GETINITAUTOUPDATETIME
  -------         PROC          GETCSFUNCTION
  C:23ADH         LINE#         130
  C:23ADH         LINE#         131
  C:23ADH         LINE#         132
  C:23AFH         LINE#         133
  -------         ENDPROC       GETCSFUNCTION
  -------         PROC          _GETCURRFINGERVALUE
  D:0005H         SYMBOL        i
  C:1E2DH         LINE#         141
  C:1E2FH         LINE#         142
  C:1E2FH         LINE#         143
  C:1E58H         LINE#         144
  -------         ENDPROC       _GETCURRFINGERVALUE
  -------         PROC          _GETSCANTIMEVALUE
  D:0007H         SYMBOL        i
  C:21EFH         LINE#         153
  C:21EFH         LINE#         154
  C:21EFH         LINE#         155
  C:2200H         LINE#         156
  -------         ENDPROC       _GETSCANTIMEVALUE
  -------         PROC          ISDOUBLEKEYORSLIDEKEY
  C:234AH         LINE#         164
  C:234AH         LINE#         165
  C:234AH         LINE#         166
  C:2351H         LINE#         167
  -------         ENDPROC       ISDOUBLEKEYORSLIDEKEY
  -------         PROC          _GETBASELINEADJUSTVALUE
  D:0007H         SYMBOL        i
  C:2273H         LINE#         176
  C:2273H         LINE#         177
  C:2273H         LINE#         178
  C:227FH         LINE#         179
  -------         ENDPROC       _GETBASELINEADJUSTVALUE
  -------         PROC          GETUPCONFIRMCNT
  C:2352H         LINE#         187
  C:2352H         LINE#         188
  C:2352H         LINE#         189
  C:2359H         LINE#         190
  -------         ENDPROC       GETUPCONFIRMCNT
  -------         PROC          GETTKYZCNT
  C:2300H         LINE#         199
  C:2300H         LINE#         200
  C:2300H         LINE#         201
  C:2309H         LINE#         202
  -------         ENDPROC       GETTKYZCNT
  -------         PROC          _GETTKYZTHRESHOLD
  D:0007H         SYMBOL        i
  -------         DO            
  D:0006H         SYMBOL        SetFingerThresholdtmp
  -------         ENDDO         
  C:215BH         LINE#         211
  C:215BH         LINE#         212
  C:215BH         LINE#         215
  C:215EH         LINE#         216
  C:2170H         LINE#         218
  C:2170H         LINE#         219
BL51 BANKED LINKER/LOCATER V6.22                                                      11/01/2019  21:34:32  PAGE 15


  -------         ENDPROC       _GETTKYZTHRESHOLD
  -------         PROC          CURRENTSENSORCHOOSE
  -------         DO            
  D:0003H         SYMBOL        i
  D:0002H         SYMBOL        Ctk_Channel_mark
  D:0025H         SYMBOL        CurrentSensorKey
  -------         ENDDO         
  C:1A90H         LINE#         227
  C:1A90H         LINE#         228
  C:1A90H         LINE#         229
  C:1A92H         LINE#         230
  C:1A93H         LINE#         231
  C:1A9BH         LINE#         233
  C:1AA5H         LINE#         235
  C:1AA5H         LINE#         236
  C:1AA5H         LINE#         237
  C:1ABAH         LINE#         238
  C:1ABDH         LINE#         239
  C:1ABDH         LINE#         240
  C:1AC9H         LINE#         241
  C:1ACAH         LINE#         242
  C:1AD0H         LINE#         243
  C:1AD0H         LINE#         244
  C:1AD0H         LINE#         245
  C:1AD4H         LINE#         246
  C:1AD6H         LINE#         247
  -------         ENDPROC       CURRENTSENSORCHOOSE
  -------         PROC          _GETCFGMSG
  D:0007H         SYMBOL        i
  C:1D99H         LINE#         256
  C:1D99H         LINE#         257
  C:1D99H         LINE#         258
  C:1DAAH         LINE#         259
  C:1DAAH         LINE#         260
  C:1DAFH         LINE#         261
  C:1DB4H         LINE#         262
  C:1DBBH         LINE#         263
  C:1DC0H         LINE#         264
  C:1DC8H         LINE#         265
  C:1DCAH         LINE#         266
  C:1DCAH         LINE#         267
  -------         ENDPROC       _GETCFGMSG
  -------         PROC          TOUCHKEYCFGINIT
  -------         DO            
  D:0007H         SYMBOL        i
  -------         ENDDO         
  C:1AD7H         LINE#         276
  C:1AD7H         LINE#         277
  C:1AD7H         LINE#         279
  C:1AE1H         LINE#         280
  C:1AEBH         LINE#         281
  C:1AEEH         LINE#         282
  C:1AF6H         LINE#         283
  C:1AF6H         LINE#         284
  C:1B13H         LINE#         285
  C:1B16H         LINE#         286
  C:1B1DH         LINE#         287
BL51 BANKED LINKER/LOCATER V6.22                                                      11/01/2019  21:34:32  PAGE 16


  -------         ENDPROC       TOUCHKEYCFGINIT
  -------         PROC          TOUCHKEYSCAN
  -------         DO            
  D:0003H         SYMBOL        t
  D:0021H         SYMBOL        MultipleCnt
  D:0022H         SYMBOL        Keyvalue
  D:0026H         SYMBOL        KeyData
  -------         ENDDO         
  C:0ABFH         LINE#         299
  C:0ABFH         LINE#         300
  C:0ABFH         LINE#         302
  C:0AC2H         LINE#         303
  C:0ACAH         LINE#         304
  C:0AD2H         LINE#         306
  C:0ADAH         LINE#         307
  C:0ADAH         LINE#         308
  C:0AE5H         LINE#         309
  C:0AEDH         LINE#         310
  C:0AEDH         LINE#         311
  C:0B02H         LINE#         312
  C:0B05H         LINE#         313
  C:0B05H         LINE#         314
  C:0B2FH         LINE#         315
  C:0B31H         LINE#         316
  C:0B31H         LINE#         317
  C:0B34H         LINE#         318
  C:0B3BH         LINE#         319
  C:0B3BH         LINE#         320
  C:0B3DH         LINE#         321
  C:0B43H         LINE#         322
  C:0B43H         LINE#         323
  C:0B46H         LINE#         324
  C:0B48H         LINE#         326
  C:0B48H         LINE#         327
  C:0B4EH         LINE#         328
  C:0B4EH         LINE#         329
  C:0B50H         LINE#         330
  C:0B50H         LINE#         331
  C:0B50H         LINE#         332
  C:0B50H         LINE#         334
  C:0B53H         LINE#         335
  C:0B53H         LINE#         336
  C:0B66H         LINE#         337
  C:0B66H         LINE#         338
  C:0B74H         LINE#         339
  C:0B76H         LINE#         341
  C:0B76H         LINE#         342
  C:0B7DH         LINE#         343
  C:0B7DH         LINE#         344
  C:0B7FH         LINE#         346
  C:0B7FH         LINE#         348
  C:0B8DH         LINE#         349
  C:0B96H         LINE#         350
  C:0B96H         LINE#         352
  C:0BA6H         LINE#         353
  C:0BA6H         LINE#         354
  C:0BA9H         LINE#         355
BL51 BANKED LINKER/LOCATER V6.22                                                      11/01/2019  21:34:32  PAGE 17


  C:0BB0H         LINE#         356
  C:0BB0H         LINE#         358
  C:0BBFH         LINE#         359
  C:0BBFH         LINE#         360
  C:0BC2H         LINE#         361
  C:0BC8H         LINE#         362
  C:0BCFH         LINE#         363
  C:0BCFH         LINE#         364
  C:0BD1H         LINE#         366
  C:0BD1H         LINE#         367
  C:0BDCH         LINE#         368
  C:0BDCH         LINE#         370
  C:0BE4H         LINE#         371
  -------         ENDPROC       TOUCHKEYSCAN
  -------         PROC          CTK_ISR
  C:1BE5H         LINE#         380
  C:1C02H         LINE#         382
  C:1C05H         LINE#         383
  -------         ENDPROC       CTK_ISR
  -------         ENDMOD        S_TOUCHKEYCFG

  -------         MODULE        EEPROM
  C:0000H         SYMBOL        _ICE_DUMMY_
  D:0080H         PUBLIC        P0
  D:0090H         PUBLIC        P1
  D:00A0H         PUBLIC        P2
  D:00B0H         PUBLIC        P3
  D:00C0H         PUBLIC        P4
  D:00D8H         PUBLIC        P5
  B:00A8H.7       PUBLIC        EA
  D:00A8H         PUBLIC        IE
  D:00B8H         PUBLIC        IP
  C:212CH         PUBLIC        _eeprom_read_byte
  C:23E3H         PUBLIC        eeprom_init
  D:00F4H         PUBLIC        IAPADE
  D:00F3H         PUBLIC        IAPADH
  D:001CH         PUBLIC        point
  D:00F2H         PUBLIC        IAPADL
  C:1DFDH         PUBLIC        _eeprom_write_byte
  D:0098H         PUBLIC        SCON
  D:00F5H         PUBLIC        IAPDAT
  D:0088H         PUBLIC        TCON
  D:00F6H         PUBLIC        IAPCTL
  D:00F1H         PUBLIC        IAPKEY
  D:001EH         PUBLIC        ee_data
  D:001FH         PUBLIC        dd_add
  D:00C8H         PUBLIC        T2CON
  D:00D0H         PUBLIC        PSW
  -------         PROC          EEPROM_INIT
  C:23E3H         LINE#         16
  C:23E3H         LINE#         17
  C:23E3H         LINE#         19
  -------         ENDPROC       EEPROM_INIT
  -------         PROC          _EEPROM_WRITE_BYTE
  D:0007H         SYMBOL        addr
  D:0029H         SYMBOL        e_data
  C:1DFDH         LINE#         21
BL51 BANKED LINKER/LOCATER V6.22                                                      11/01/2019  21:34:32  PAGE 18


  C:1DFFH         LINE#         23
  C:1DFFH         LINE#         24
  C:1E01H         LINE#         25
  C:1E04H         LINE#         26
  C:1E07H         LINE#         27
  C:1E0AH         LINE#         28
  C:1E0CH         LINE#         29
  C:1E0FH         LINE#         30
  C:1E12H         LINE#         31
  C:1E13H         LINE#         32
  C:1E14H         LINE#         33
  C:1E15H         LINE#         34
  C:1E16H         LINE#         35
  C:1E17H         LINE#         36
  C:1E18H         LINE#         37
  C:1E19H         LINE#         38
  C:1E1AH         LINE#         39
  C:1E1BH         LINE#         40
  C:1E1CH         LINE#         41
  C:1E1EH         LINE#         42
  C:1E20H         LINE#         43
  C:1E2AH         LINE#         44
  C:1E2CH         LINE#         45
  -------         ENDPROC       _EEPROM_WRITE_BYTE
  -------         PROC          _EEPROM_READ_BYTE
  D:0007H         SYMBOL        addr
  -------         DO            
  D:0007H         SYMBOL        data_buf
  -------         ENDDO         
  C:212CH         LINE#         47
  C:212CH         LINE#         49
  C:212CH         LINE#         51
  C:212EH         LINE#         52
  C:2131H         LINE#         53
  C:213EH         LINE#         54
  C:2141H         LINE#         55
  C:2143H         LINE#         56
  C:2143H         LINE#         57
  -------         ENDPROC       _EEPROM_READ_BYTE
  -------         ENDMOD        EEPROM

  -------         MODULE        FAN
  C:0000H         SYMBOL        _ICE_DUMMY_
  C:2073H         PUBLIC        fan_pwm_start
  C:16A4H         PUBLIC        fan_level23_speed_judge
  D:0080H         PUBLIC        P0
  D:0090H         PUBLIC        P1
  D:00A0H         PUBLIC        P2
  D:00B0H         PUBLIC        P3
  D:00C0H         PUBLIC        P4
  X:00A0H         PUBLIC        PWMRD_Temp
  D:00D8H         PUBLIC        P5
  C:105FH         PUBLIC        fan_handle
  D:00A8H         PUBLIC        IE
  C:20E1H         PUBLIC        read_speed
  D:009BH         PUBLIC        P0PH
  D:00B8H         PUBLIC        IP
BL51 BANKED LINKER/LOCATER V6.22                                                      11/01/2019  21:34:32  PAGE 19


  D:0041H         PUBLIC        fan_judge
  C:23B3H         PUBLIC        read_fan_speed
  D:0042H         PUBLIC        fan_speed
  D:0098H         PUBLIC        SCON
  D:0088H         PUBLIC        TCON
  B:00C0H.2       PUBLIC        P42
  C:23B0H         PUBLIC        read_power_status
  B:00D8H.3       PUBLIC        P53
  B:00C0H.4       PUBLIC        P44
  D:0043H         PUBLIC        power_status
  D:0044H         PUBLIC        fan_init_speed
  D:00D4H         PUBLIC        PWMCFG
  C:142FH         PUBLIC        fan_level1_speed_judge
  C:132BH         PUBLIC        fan_level2_speed_judge
  C:12A5H         PUBLIC        fan_task
  D:008CH         PUBLIC        TH0
  C:13ADH         PUBLIC        fan_level3_speed_judge
  C:208FH         PUBLIC        power_off
  C:1ED8H         PUBLIC        fan_init
  X:00A2H         PUBLIC        fan_pulse_count
  D:008AH         PUBLIC        TL0
  D:00CFH         PUBLIC        WDTCON
  X:0744H         PUBLIC        PWMRD_42
  C:2265H         PUBLIC        write_speed_to_eeprom
  D:0045H         PUBLIC        fan_return_pulse_count
  D:00D3H         PUBLIC        PWMCON
  C:20FAH         PUBLIC        store_fan_return_pulse
  D:0047H         PUBLIC        disp_fan_return_pulse
  C:2247H         PUBLIC        fan_pulse_count_add
  C:2256H         PUBLIC        fan_pulse_count_dec
  D:009AH         PUBLIC        P0CON
  D:00C1H         PUBLIC        P4CON
  D:00C8H         PUBLIC        T2CON
  C:2280H         PUBLIC        regulate_fan_speed
  X:00A4H         PUBLIC        fan_pwm_value
  C:2144H         PUBLIC        power_on
  D:0049H         PUBLIC        fan_regulate_flag
  D:00D0H         PUBLIC        PSW
  C:162FH         PUBLIC        fan_level12_speed_judge
  -------         PROC          READ_POWER_STATUS
  C:23B0H         LINE#         51
  C:23B0H         LINE#         52
  C:23B0H         LINE#         53
  C:23B2H         LINE#         54
  -------         ENDPROC       READ_POWER_STATUS
  -------         PROC          FAN_INIT
  C:1ED8H         LINE#         56
  C:1ED8H         LINE#         57
  C:1ED8H         LINE#         58
  C:1EDBH         LINE#         59
  C:1EDEH         LINE#         60
  C:1EE1H         LINE#         70
  C:1EE4H         LINE#         71
  C:1EE6H         LINE#         72
  C:1EE8H         LINE#         78
  C:1EEBH         LINE#         79
  C:1EEEH         LINE#         81
BL51 BANKED LINKER/LOCATER V6.22                                                      11/01/2019  21:34:32  PAGE 20


  C:1EF8H         LINE#         82
  C:1EFDH         LINE#         83
  -------         ENDPROC       FAN_INIT
  -------         PROC          WRITE_SPEED_TO_EEPROM
  C:2265H         LINE#         85
  C:2265H         LINE#         86
  C:2265H         LINE#         87
  C:2268H         LINE#         88
  C:226FH         LINE#         89
  C:2272H         LINE#         90
  -------         ENDPROC       WRITE_SPEED_TO_EEPROM
  -------         PROC          READ_SPEED
  -------         DO            
  D:0007H         SYMBOL        tmp
  -------         ENDDO         
  C:20E1H         LINE#         93
  C:20E1H         LINE#         94
  C:20E1H         LINE#         96
  C:20E4H         LINE#         97
  C:20E9H         LINE#         98
  C:20F7H         LINE#         99
  C:20F9H         LINE#         100
  -------         ENDPROC       READ_SPEED
  -------         PROC          FAN_PWM_START
  C:2073H         LINE#         104
  C:2073H         LINE#         105
  C:2073H         LINE#         106
  C:2075H         LINE#         108
  C:207DH         LINE#         109
  C:2087H         LINE#         110
  C:208EH         LINE#         111
  -------         ENDPROC       FAN_PWM_START
  -------         PROC          REGULATE_FAN_SPEED
  C:2280H         LINE#         126
  C:2280H         LINE#         128
  C:2280H         LINE#         129
  C:228CH         LINE#         130
  -------         ENDPROC       REGULATE_FAN_SPEED
  -------         PROC          READ_FAN_SPEED
  C:23B3H         LINE#         132
  C:23B3H         LINE#         133
  C:23B3H         LINE#         134
  C:23B5H         LINE#         135
  -------         ENDPROC       READ_FAN_SPEED
  -------         PROC          FAN_TASK
  C:12A5H         LINE#         137
  C:12A5H         LINE#         139
  C:12A5H         LINE#         142
  C:12ADH         LINE#         143
  C:12ADH         LINE#         145
  C:12C4H         LINE#         146
  C:12C4H         LINE#         147
  C:12CBH         LINE#         148
  C:12CBH         LINE#         149
  C:12D9H         LINE#         150
  C:12DBH         LINE#         151
  C:12E9H         LINE#         153
BL51 BANKED LINKER/LOCATER V6.22                                                      11/01/2019  21:34:32  PAGE 21


  C:12ECH         LINE#         154
  C:12ECH         LINE#         158
  C:12EEH         LINE#         160
  C:12EEH         LINE#         161
  C:12FDH         LINE#         162
  C:12FDH         LINE#         163
  C:1309H         LINE#         164
  C:1317H         LINE#         165
  C:1318H         LINE#         167
  C:1318H         LINE#         168
  C:131FH         LINE#         169
  C:1326H         LINE#         170
  C:1328H         LINE#         171
  C:132AH         LINE#         172
  C:132AH         LINE#         173
  C:132AH         LINE#         174
  -------         ENDPROC       FAN_TASK
  -------         PROC          STORE_FAN_RETURN_PULSE
  C:20FAH         LINE#         185
  C:20FAH         LINE#         187
  C:20FAH         LINE#         190
  C:210AH         LINE#         191
  C:210DH         LINE#         192
  C:210FH         LINE#         193
  C:2112H         LINE#         195
  -------         ENDPROC       STORE_FAN_RETURN_PULSE
  -------         PROC          FAN_HANDLE
  C:105FH         LINE#         198
  C:105FH         LINE#         200
  C:105FH         LINE#         202
  C:1068H         LINE#         203
  C:106FH         LINE#         204
  C:1072H         LINE#         205
  C:1078H         LINE#         206
  C:1087H         LINE#         207
  C:1087H         LINE#         208
  C:1087H         LINE#         209
  C:109CH         LINE#         210
  C:109CH         LINE#         211
  C:109CH         LINE#         212
  C:109CH         LINE#         213
  C:109EH         LINE#         214
  C:109EH         LINE#         215
  C:109EH         LINE#         216
  C:10A0H         LINE#         217
  C:10A0H         LINE#         218
  C:10A0H         LINE#         220
  C:10A2H         LINE#         221
  C:10A2H         LINE#         223
  C:10A2H         LINE#         224
  C:10A4H         LINE#         225
  C:10A4H         LINE#         227
  C:10A4H         LINE#         228
  C:10A6H         LINE#         229
  C:10A6H         LINE#         230
  C:10A6H         LINE#         231
  C:10A6H         LINE#         232
BL51 BANKED LINKER/LOCATER V6.22                                                      11/01/2019  21:34:32  PAGE 22


  C:10A9H         LINE#         233
  C:10ABH         LINE#         234
  C:10ABH         LINE#         235
  C:10AEH         LINE#         251
  C:10B0H         LINE#         252
  C:10B0H         LINE#         253
  C:10B3H         LINE#         269
  C:10B3H         LINE#         270
  C:10B3H         LINE#         271
  C:10B3H         LINE#         272
  C:10B3H         LINE#         274
  C:10BAH         LINE#         275
  C:10BAH         LINE#         276
  C:10BDH         LINE#         277
  C:10CBH         LINE#         279
  C:10CBH         LINE#         280
  C:10D2H         LINE#         281
  C:10D2H         LINE#         282
  C:10D5H         LINE#         283
  C:10E3H         LINE#         284
  C:10E3H         LINE#         285
  C:10F2H         LINE#         286
  C:10F2H         LINE#         287
  C:10F9H         LINE#         288
  C:10F9H         LINE#         290
  -------         ENDPROC       FAN_HANDLE
  -------         PROC          FAN_LEVEL1_SPEED_JUDGE
  C:142FH         LINE#         293
  C:142FH         LINE#         295
  C:142FH         LINE#         297
  C:143AH         LINE#         299
  C:143AH         LINE#         300
  C:1445H         LINE#         301
  C:1445H         LINE#         303
  C:1445H         LINE#         304
  C:1447H         LINE#         305
  C:1452H         LINE#         306
  C:1452H         LINE#         307
  C:1454H         LINE#         309
  C:1456H         LINE#         311
  C:1456H         LINE#         312
  C:1467H         LINE#         313
  C:1467H         LINE#         314
  C:1468H         LINE#         316
  C:1468H         LINE#         317
  C:1473H         LINE#         318
  C:1473H         LINE#         320
  C:147CH         LINE#         321
  C:147DH         LINE#         322
  C:1488H         LINE#         323
  C:1488H         LINE#         324
  C:1493H         LINE#         325
  C:1493H         LINE#         326
  C:1499H         LINE#         328
  C:149AH         LINE#         330
  C:149AH         LINE#         331
  C:14ABH         LINE#         332
BL51 BANKED LINKER/LOCATER V6.22                                                      11/01/2019  21:34:32  PAGE 23


  C:14ABH         LINE#         333
  C:14ACH         LINE#         334
  C:14AFH         LINE#         335
  C:14AFH         LINE#         336
  -------         ENDPROC       FAN_LEVEL1_SPEED_JUDGE
  -------         PROC          FAN_LEVEL2_SPEED_JUDGE
  C:132BH         LINE#         338
  C:132BH         LINE#         340
  C:132BH         LINE#         342
  C:1336H         LINE#         344
  C:1336H         LINE#         345
  C:1341H         LINE#         346
  C:1341H         LINE#         348
  C:1341H         LINE#         349
  C:1343H         LINE#         350
  C:134EH         LINE#         351
  C:134EH         LINE#         352
  C:1350H         LINE#         354
  C:1352H         LINE#         356
  C:1352H         LINE#         357
  C:1363H         LINE#         358
  C:1363H         LINE#         359
  C:1364H         LINE#         361
  C:1364H         LINE#         362
  C:136FH         LINE#         363
  C:136FH         LINE#         365
  C:1379H         LINE#         366
  C:137AH         LINE#         367
  C:1385H         LINE#         368
  C:1385H         LINE#         369
  C:1390H         LINE#         370
  C:1390H         LINE#         371
  C:1396H         LINE#         373
  C:1397H         LINE#         375
  C:1397H         LINE#         376
  C:13A8H         LINE#         377
  C:13A8H         LINE#         378
  C:13A9H         LINE#         379
  C:13ACH         LINE#         380
  C:13ACH         LINE#         381
  -------         ENDPROC       FAN_LEVEL2_SPEED_JUDGE
  -------         PROC          FAN_LEVEL3_SPEED_JUDGE
  C:13ADH         LINE#         384
  C:13ADH         LINE#         386
  C:13ADH         LINE#         388
  C:13B8H         LINE#         390
  C:13B8H         LINE#         391
  C:13C3H         LINE#         392
  C:13C3H         LINE#         394
  C:13C3H         LINE#         395
  C:13C5H         LINE#         396
  C:13D0H         LINE#         397
  C:13D0H         LINE#         398
  C:13D2H         LINE#         400
  C:13D4H         LINE#         402
  C:13D4H         LINE#         403
  C:13E5H         LINE#         404
BL51 BANKED LINKER/LOCATER V6.22                                                      11/01/2019  21:34:32  PAGE 24


  C:13E5H         LINE#         405
  C:13E6H         LINE#         407
  C:13E6H         LINE#         408
  C:13F1H         LINE#         409
  C:13F1H         LINE#         411
  C:13FBH         LINE#         412
  C:13FCH         LINE#         413
  C:1407H         LINE#         414
  C:1407H         LINE#         415
  C:1412H         LINE#         416
  C:1412H         LINE#         417
  C:1418H         LINE#         419
  C:1419H         LINE#         421
  C:1419H         LINE#         422
  C:142AH         LINE#         423
  C:142AH         LINE#         424
  C:142BH         LINE#         425
  C:142EH         LINE#         426
  C:142EH         LINE#         427
  -------         ENDPROC       FAN_LEVEL3_SPEED_JUDGE
  -------         PROC          FAN_PULSE_COUNT_ADD
  C:2247H         LINE#         430
  C:2247H         LINE#         431
  C:2247H         LINE#         432
  C:2255H         LINE#         433
  -------         ENDPROC       FAN_PULSE_COUNT_ADD
  -------         PROC          FAN_PULSE_COUNT_DEC
  C:2256H         LINE#         435
  C:2256H         LINE#         436
  C:2256H         LINE#         437
  C:2264H         LINE#         438
  -------         ENDPROC       FAN_PULSE_COUNT_DEC
  -------         PROC          FAN_LEVEL12_SPEED_JUDGE
  C:162FH         LINE#         442
  C:162FH         LINE#         443
  C:162FH         LINE#         444
  C:163AH         LINE#         445
  C:163AH         LINE#         446
  C:1645H         LINE#         447
  C:1645H         LINE#         448
  C:1653H         LINE#         449
  C:1654H         LINE#         450
  C:165FH         LINE#         451
  C:165FH         LINE#         452
  C:1661H         LINE#         453
  C:1663H         LINE#         454
  C:1665H         LINE#         455
  C:1666H         LINE#         457
  C:1666H         LINE#         458
  C:1671H         LINE#         459
  C:1671H         LINE#         460
  C:167FH         LINE#         461
  C:1680H         LINE#         462
  C:168BH         LINE#         463
  C:168BH         LINE#         464
  C:169DH         LINE#         465
  C:169FH         LINE#         466
BL51 BANKED LINKER/LOCATER V6.22                                                      11/01/2019  21:34:32  PAGE 25


  C:16A0H         LINE#         467
  C:16A3H         LINE#         468
  C:16A3H         LINE#         469
  -------         ENDPROC       FAN_LEVEL12_SPEED_JUDGE
  -------         PROC          FAN_LEVEL23_SPEED_JUDGE
  C:16A4H         LINE#         470
  C:16A4H         LINE#         471
  C:16A4H         LINE#         472
  C:16AFH         LINE#         473
  C:16AFH         LINE#         474
  C:16BAH         LINE#         475
  C:16BAH         LINE#         476
  C:16C8H         LINE#         477
  C:16C9H         LINE#         478
  C:16D4H         LINE#         479
  C:16D4H         LINE#         480
  C:16D6H         LINE#         481
  C:16D8H         LINE#         482
  C:16DAH         LINE#         483
  C:16DBH         LINE#         485
  C:16DBH         LINE#         486
  C:16E6H         LINE#         487
  C:16E6H         LINE#         488
  C:16F4H         LINE#         489
  C:16F5H         LINE#         490
  C:1700H         LINE#         491
  C:1700H         LINE#         492
  C:1712H         LINE#         493
  C:1714H         LINE#         494
  C:1715H         LINE#         495
  C:1718H         LINE#         496
  C:1718H         LINE#         497
  -------         ENDPROC       FAN_LEVEL23_SPEED_JUDGE
  -------         PROC          POWER_ON
  C:2144H         LINE#         501
  C:2144H         LINE#         502
  C:2144H         LINE#         503
  C:2147H         LINE#         504
  C:214AH         LINE#         505
  C:214DH         LINE#         507
  C:2150H         LINE#         508
  C:2152H         LINE#         509
  C:2155H         LINE#         510
  C:2158H         LINE#         511
  -------         ENDPROC       POWER_ON
  -------         PROC          POWER_OFF
  C:208FH         LINE#         515
  C:208FH         LINE#         516
  C:208FH         LINE#         518
  C:2092H         LINE#         519
  C:2095H         LINE#         520
  C:209AH         LINE#         521
  C:209DH         LINE#         523
  C:20A0H         LINE#         524
  C:20A2H         LINE#         525
  C:20A5H         LINE#         526
  C:20A8H         LINE#         527
BL51 BANKED LINKER/LOCATER V6.22                                                      11/01/2019  21:34:32  PAGE 26


  -------         ENDPROC       POWER_OFF
  -------         ENDMOD        FAN

  -------         MODULE        FILTER
  C:0000H         SYMBOL        _ICE_DUMMY_
  D:0080H         PUBLIC        P0
  D:0090H         PUBLIC        P1
  D:00A0H         PUBLIC        P2
  D:00B0H         PUBLIC        P3
  D:00C0H         PUBLIC        P4
  D:00D8H         PUBLIC        P5
  D:00A8H         PUBLIC        IE
  D:00B8H         PUBLIC        IP
  C:0EE7H         PUBLIC        read_filter_time
  D:0055H         PUBLIC        filter_time
  C:1787H         PUBLIC        filter_task
  C:1F24H         PUBLIC        filter_init
  C:1CFEH         PUBLIC        reset_filter_time
  C:121EH         PUBLIC        write_filter_time
  D:0098H         PUBLIC        SCON
  D:0088H         PUBLIC        TCON
  D:00CFH         PUBLIC        WDTCON
  D:0059H         PUBLIC        filter_out_time_flag
  D:00C8H         PUBLIC        T2CON
  D:00D0H         PUBLIC        PSW
  -------         PROC          FILTER_INIT
  C:1F24H         LINE#         20
  C:1F24H         LINE#         21
  C:1F24H         LINE#         23
  C:1F2FH         LINE#         24
  C:1F48H         LINE#         25
  -------         ENDPROC       FILTER_INIT
  -------         PROC          FILTER_TASK
  -------         DO            
  D:0053H         SYMBOL        count_1s
  D:0054H         SYMBOL        count2
  -------         ENDDO         
  C:1787H         LINE#         27
  C:1787H         LINE#         29
  C:1787H         LINE#         32
  C:178DH         LINE#         33
  C:1792H         LINE#         34
  C:1792H         LINE#         35
  C:179BH         LINE#         36
  C:179BH         LINE#         37
  C:179EH         LINE#         39
  C:179EH         LINE#         40
  C:179EH         LINE#         41
  C:17A7H         LINE#         42
  C:17A7H         LINE#         43
  C:17AAH         LINE#         44
  C:17BDH         LINE#         45
  C:17BDH         LINE#         46
  C:17C4H         LINE#         47
  C:17C7H         LINE#         48
  C:17C9H         LINE#         49
  C:17E2H         LINE#         51
BL51 BANKED LINKER/LOCATER V6.22                                                      11/01/2019  21:34:32  PAGE 27


  C:17E2H         LINE#         52
  C:17E7H         LINE#         53
  -------         ENDPROC       FILTER_TASK
  -------         PROC          WRITE_FILTER_TIME
  -------         DO            
  D:0025H         SYMBOL        tmp
  -------         ENDDO         
  C:121EH         LINE#         55
  C:121EH         LINE#         56
  C:121EH         LINE#         58
  C:122EH         LINE#         62
  C:1231H         LINE#         63
  C:123CH         LINE#         66
  C:1251H         LINE#         67
  C:1254H         LINE#         68
  C:125FH         LINE#         69
  C:1274H         LINE#         70
  C:1277H         LINE#         71
  C:1282H         LINE#         72
  C:1297H         LINE#         73
  C:129AH         LINE#         74
  -------         ENDPROC       WRITE_FILTER_TIME
  -------         PROC          READ_FILTER_TIME
  -------         DO            
  D:0025H         SYMBOL        temp
  -------         ENDDO         
  C:0EE7H         LINE#         80
  C:0EE7H         LINE#         81
  C:0EE7H         LINE#         82
  C:0EF0H         LINE#         87
  C:0EF3H         LINE#         88
  C:0F01H         LINE#         89
  C:0F14H         LINE#         90
  C:0F17H         LINE#         91
  C:0F34H         LINE#         92
  C:0F48H         LINE#         93
  C:0F4BH         LINE#         94
  C:0F68H         LINE#         95
  C:0F7CH         LINE#         96
  C:0F7FH         LINE#         97
  C:0F9CH         LINE#         99
  C:0FA3H         LINE#         100
  -------         ENDPROC       READ_FILTER_TIME
  -------         PROC          RESET_FILTER_TIME
  C:1CFEH         LINE#         104
  C:1CFEH         LINE#         105
  C:1CFEH         LINE#         107
  C:1D01H         LINE#         108
  C:1D08H         LINE#         109
  C:1D0BH         LINE#         110
  C:1D12H         LINE#         111
  C:1D15H         LINE#         112
  C:1D1CH         LINE#         113
  C:1D1FH         LINE#         114
  C:1D26H         LINE#         127
  C:1D2FH         LINE#         128
  C:1D31H         LINE#         131
BL51 BANKED LINKER/LOCATER V6.22                                                      11/01/2019  21:34:32  PAGE 28


  -------         ENDPROC       RESET_FILTER_TIME
  -------         ENDMOD        FILTER

  -------         MODULE        ION
  C:0000H         SYMBOL        _ICE_DUMMY_
  D:0080H         PUBLIC        P0
  D:0090H         PUBLIC        P1
  D:00A0H         PUBLIC        P2
  D:00B0H         PUBLIC        P3
  D:00C0H         PUBLIC        P4
  D:00D8H         PUBLIC        P5
  C:23B6H         PUBLIC        ion_on
  D:00A8H         PUBLIC        IE
  D:00B8H         PUBLIC        IP
  D:0098H         PUBLIC        SCON
  D:0088H         PUBLIC        TCON
  B:00C0H.5       PUBLIC        P45
  C:2389H         PUBLIC        ion_init
  C:23B9H         PUBLIC        ion_off
  D:00C1H         PUBLIC        P4CON
  D:00C8H         PUBLIC        T2CON
  D:00D0H         PUBLIC        PSW
  -------         PROC          ION_INIT
  C:2389H         LINE#         12
  C:2389H         LINE#         13
  C:2389H         LINE#         14
  C:238CH         LINE#         15
  -------         ENDPROC       ION_INIT
  -------         PROC          ION_ON
  C:23B6H         LINE#         18
  C:23B6H         LINE#         19
  C:23B6H         LINE#         20
  C:23B8H         LINE#         21
  -------         ENDPROC       ION_ON
  -------         PROC          ION_OFF
  C:23B9H         LINE#         23
  C:23B9H         LINE#         24
  C:23B9H         LINE#         25
  C:23BBH         LINE#         26
  -------         ENDPROC       ION_OFF
  -------         ENDMOD        ION

  -------         MODULE        KEY
  C:0000H         SYMBOL        _ICE_DUMMY_
  D:0008H         PUBLIC        key_ion_count
  D:0080H         PUBLIC        P0
  D:0090H         PUBLIC        P1
  D:00A0H         PUBLIC        P2
  D:00B0H         PUBLIC        P3
  D:00C0H         PUBLIC        P4
  D:00D8H         PUBLIC        P5
  D:000AH         PUBLIC        exKeyValueFlag
  D:00A8H         PUBLIC        IE
  C:2372H         PUBLIC        key_power_long_com
  C:2382H         PUBLIC        key_ion_com
  D:00B8H         PUBLIC        IP
  C:230AH         PUBLIC        read_lock_flag
BL51 BANKED LINKER/LOCATER V6.22                                                      11/01/2019  21:34:32  PAGE 29


  C:1D32H         PUBLIC        Sys_Scan
  C:22DFH         PUBLIC        reset_lock_flag
  X:00A6H         PUBLIC        key_no_move_count
  D:0098H         PUBLIC        SCON
  D:0088H         PUBLIC        TCON
  C:22D4H         PUBLIC        reset_key_no_move_count
  B:00C0H.5       PUBLIC        P45
  D:000EH         PUBLIC        key_flag
  D:000FH         PUBLIC        key_speed_count
  D:0011H         PUBLIC        key_timer_count
  D:0013H         PUBLIC        key_power_speed_count
  C:236AH         PUBLIC        key_speed_com
  C:04A8H         PUBLIC        key_task
  C:238FH         PUBLIC        key_init
  D:0015H         PUBLIC        key_lock_count
  D:00C8H         PUBLIC        T2CON
  D:0017H         PUBLIC        key_power_count
  D:0019H         PUBLIC        key_arom_count
  C:235AH         PUBLIC        key_timer_com
  C:22EAH         PUBLIC        key_power_speed_com
  C:23BCH         PUBLIC        key_lock_com
  D:001BH         PUBLIC        key_flag2
  D:00D0H         PUBLIC        PSW
  C:219DH         PUBLIC        key_power_com
  C:2362H         PUBLIC        key_arom_com
  -------         PROC          SYS_SCAN
  C:1D32H         LINE#         56
  C:1D32H         LINE#         57
  C:1D32H         LINE#         58
  C:1D3AH         LINE#         59
  C:1D3AH         LINE#         60
  C:1D3DH         LINE#         61
  C:1D48H         LINE#         62
  C:1D62H         LINE#         63
  C:1D65H         LINE#         64
  C:1D65H         LINE#         65
  -------         ENDPROC       SYS_SCAN
  -------         PROC          KEY_INIT
  C:238FH         LINE#         67
  C:238FH         LINE#         68
  C:238FH         LINE#         69
  C:2392H         LINE#         70
  -------         ENDPROC       KEY_INIT
  -------         PROC          RESET_KEY_NO_MOVE_COUNT
  C:22D4H         LINE#         73
  C:22D4H         LINE#         74
  C:22D4H         LINE#         75
  C:22DEH         LINE#         76
  -------         ENDPROC       RESET_KEY_NO_MOVE_COUNT
  -------         PROC          KEY_TASK
  C:04A8H         LINE#         86
  C:04A8H         LINE#         88
  C:04A8H         LINE#         89
  C:04C4H         LINE#         90
  C:04C4H         LINE#         91
  C:04C7H         LINE#         92
  C:04C9H         LINE#         94
BL51 BANKED LINKER/LOCATER V6.22                                                      11/01/2019  21:34:32  PAGE 30


  C:04C9H         LINE#         96
  C:04E8H         LINE#         97
  C:04E8H         LINE#         101
  C:050AH         LINE#         103
  C:050AH         LINE#         104
  C:050DH         LINE#         105
  C:050DH         LINE#         106
  C:051EH         LINE#         107
  C:051EH         LINE#         108
  C:0521H         LINE#         109
  C:0524H         LINE#         110
  C:0524H         LINE#         111
  C:0524H         LINE#         112
  C:0526H         LINE#         114
  C:0526H         LINE#         115
  C:053FH         LINE#         116
  C:053FH         LINE#         117
  C:0554H         LINE#         118
  C:0554H         LINE#         119
  C:0557H         LINE#         120
  C:0557H         LINE#         121
  C:0557H         LINE#         122
  C:055AH         LINE#         123
  C:055FH         LINE#         125
  C:055FH         LINE#         129
  C:0568H         LINE#         130
  C:0586H         LINE#         132
  C:0586H         LINE#         133
  C:0589H         LINE#         134
  C:0589H         LINE#         135
  C:059AH         LINE#         136
  C:059AH         LINE#         137
  C:059DH         LINE#         138
  C:05A0H         LINE#         139
  C:05A3H         LINE#         140
  C:05A3H         LINE#         141
  C:05A3H         LINE#         142
  C:05A5H         LINE#         144
  C:05A5H         LINE#         145
  C:05BFH         LINE#         146
  C:05C2H         LINE#         147
  C:05C7H         LINE#         148
  C:05C7H         LINE#         150
  C:05E9H         LINE#         152
  C:05E9H         LINE#         153
  C:05ECH         LINE#         154
  C:05ECH         LINE#         155
  C:05FDH         LINE#         156
  C:05FDH         LINE#         157
  C:0600H         LINE#         158
  C:0603H         LINE#         159
  C:0603H         LINE#         160
  C:0603H         LINE#         161
  C:0605H         LINE#         163
  C:0605H         LINE#         168
  C:0608H         LINE#         169
  C:060DH         LINE#         170
BL51 BANKED LINKER/LOCATER V6.22                                                      11/01/2019  21:34:32  PAGE 31


  C:060DH         LINE#         172
  C:062AH         LINE#         173
  C:062AH         LINE#         174
  C:062DH         LINE#         175
  C:062DH         LINE#         176
  C:063EH         LINE#         177
  C:063EH         LINE#         178
  C:0641H         LINE#         179
  C:0644H         LINE#         180
  C:0644H         LINE#         181
  C:0644H         LINE#         182
  C:0646H         LINE#         184
  C:0646H         LINE#         185
  C:0649H         LINE#         186
  C:064EH         LINE#         187
  C:064EH         LINE#         189
  C:066BH         LINE#         190
  C:066BH         LINE#         191
  C:066EH         LINE#         192
  C:066EH         LINE#         193
  C:067FH         LINE#         194
  C:067FH         LINE#         195
  C:0682H         LINE#         196
  C:0685H         LINE#         197
  C:0685H         LINE#         198
  C:0685H         LINE#         199
  C:0687H         LINE#         201
  C:0687H         LINE#         202
  C:068AH         LINE#         203
  C:068FH         LINE#         204
  C:068FH         LINE#         206
  C:06A7H         LINE#         207
  C:06A7H         LINE#         208
  C:06ACH         LINE#         209
  C:06ACH         LINE#         210
  C:06BDH         LINE#         211
  C:06BDH         LINE#         212
  C:06C0H         LINE#         214
  C:06C3H         LINE#         215
  C:06C3H         LINE#         216
  C:06C3H         LINE#         217
  C:06C5H         LINE#         219
  C:06C5H         LINE#         220
  C:06C8H         LINE#         221
  C:06CDH         LINE#         222
  C:06CDH         LINE#         223
  C:06EAH         LINE#         224
  C:06EAH         LINE#         225
  C:06EDH         LINE#         226
  C:06EDH         LINE#         227
  C:06FEH         LINE#         228
  C:06FEH         LINE#         229
  C:0701H         LINE#         230
  C:0704H         LINE#         231
  C:0704H         LINE#         232
  C:0704H         LINE#         233
  C:0704H         LINE#         235
BL51 BANKED LINKER/LOCATER V6.22                                                      11/01/2019  21:34:32  PAGE 32


  C:0704H         LINE#         236
  C:0707H         LINE#         237
  C:070CH         LINE#         238
  C:070CH         LINE#         239
  -------         ENDPROC       KEY_TASK
  -------         PROC          KEY_ION_COM
  C:2382H         LINE#         241
  C:2382H         LINE#         242
  C:2382H         LINE#         243
  C:2384H         LINE#         244
  -------         ENDPROC       KEY_ION_COM
  -------         PROC          RESET_LOCK_FLAG
  C:22DFH         LINE#         248
  C:22DFH         LINE#         249
  C:22DFH         LINE#         250
  C:22E2H         LINE#         251
  C:22E5H         LINE#         252
  -------         ENDPROC       RESET_LOCK_FLAG
  -------         PROC          KEY_TIMER_COM
  C:235AH         LINE#         255
  C:235AH         LINE#         256
  C:235AH         LINE#         257
  C:235DH         LINE#         258
  -------         ENDPROC       KEY_TIMER_COM
  -------         PROC          KEY_AROM_COM
  C:2362H         LINE#         261
  C:2362H         LINE#         262
  C:2362H         LINE#         263
  C:2365H         LINE#         264
  -------         ENDPROC       KEY_AROM_COM
  -------         PROC          KEY_POWER_SPEED_COM
  C:22EAH         LINE#         268
[...]
  C:1A64H         LINE#         673
  C:1A6CH         LINE#         674
  C:1A74H         LINE#         675
  C:1A77H         LINE#         677
  C:1A80H         LINE#         678
  C:1A86H         LINE#         679
  C:1A8DH         LINE#         680
  C:1A8FH         LINE#         681
  -------         ENDPROC       INITIALIZESENSORFLAG
  -------         PROC          _MULTIPLEDEAL
BL51 BANKED LINKER/LOCATER V6.22                                                      11/01/2019  21:34:32  PAGE 57


  D:002AH         SYMBOL        CycleCnt
  -------         DO            
  X:0097H         SYMBOL        InitSensorCnt
  D:0004H         SYMBOL        FilterTemp
  D:002BH         SYMBOL        t
  -------         ENDDO         
  C:0BE5H         LINE#         690
  C:0BE7H         LINE#         691
  C:0BE7H         LINE#         697
  C:0BF0H         LINE#         698
  C:0BF0H         LINE#         699
  C:0BF2H         LINE#         700
  C:0BF8H         LINE#         701
  C:0BF8H         LINE#         702
  C:0C01H         LINE#         703
  C:0C01H         LINE#         704
  C:0C16H         LINE#         705
  C:0C1AH         LINE#         706
  C:0C1AH         LINE#         707
  C:0C1DH         LINE#         708
  C:0C1FH         LINE#         709
  C:0C25H         LINE#         711
  C:0C25H         LINE#         713
  C:0C2BH         LINE#         714
  C:0C2FH         LINE#         715
  C:0C2FH         LINE#         716
  C:0C32H         LINE#         717
  C:0C37H         LINE#         718
  C:0C37H         LINE#         720
  C:0C43H         LINE#         721
  C:0C43H         LINE#         722
  C:0C4DH         LINE#         723
  C:0C4DH         LINE#         724
  C:0C66H         LINE#         725
  C:0C6CH         LINE#         726
  C:0C6CH         LINE#         727
  C:0C93H         LINE#         728
  C:0C95H         LINE#         731
  C:0C95H         LINE#         732
  C:0CBDH         LINE#         733
  C:0CBDH         LINE#         734
  C:0CBDH         LINE#         735
  C:0CC2H         LINE#         736
  C:0CC7H         LINE#         738
  C:0CCCH         LINE#         739
  C:0CCCH         LINE#         740
  C:0CD2H         LINE#         741
  C:0CD2H         LINE#         743
  C:0CDFH         LINE#         744
  C:0CDFH         LINE#         745
  C:0CE1H         LINE#         746
  C:0CE3H         LINE#         747
  C:0CE9H         LINE#         748
  C:0CF6H         LINE#         749
  C:0CF6H         LINE#         750
  C:0CFBH         LINE#         751
  C:0CFEH         LINE#         752
BL51 BANKED LINKER/LOCATER V6.22                                                      11/01/2019  21:34:32  PAGE 58


  C:0D01H         LINE#         753
  C:0D03H         LINE#         754
  C:0D03H         LINE#         755
  C:0D03H         LINE#         756
  C:0D03H         LINE#         757
  -------         ENDPROC       _MULTIPLEDEAL
  -------         ENDMOD        SENSORMETHOD

  -------         MODULE        DUST
  C:0000H         SYMBOL        _ICE_DUMMY_
  D:0080H         PUBLIC        P0
  D:0090H         PUBLIC        P1
  D:00A0H         PUBLIC        P2
  D:00B0H         PUBLIC        P3
  D:00C0H         PUBLIC        P4
  D:00D8H         PUBLIC        P5
  D:00A8H         PUBLIC        IE
  D:00B8H         PUBLIC        IP
  C:2339H         PUBLIC        read_dust_display_value
  X:0062H         PUBLIC        dust_display_value
  D:00ADH         PUBLIC        ADCCON
  X:0064H         PUBLIC        dust_chang_count
  D:0098H         PUBLIC        SCON
  D:0088H         PUBLIC        TCON
  X:0065H         PUBLIC        dust_last_display_value
  C:23A1H         PUBLIC        adc_start
  C:23D1H         PUBLIC        read_dust_level
  D:0069H         PUBLIC        dust_level
  X:0067H         PUBLIC        dust_index
  C:1DCBH         PUBLIC        _adc_init
  X:0068H         PUBLIC        dust_delay_count
  D:00ABH         PUBLIC        ADCCFG0
  D:00ACH         PUBLIC        ADCCFG1
  X:006AH         PUBLIC        dust_adc_value
  X:0092H         PUBLIC        dust_adc_mean
  C:0E21H         PUBLIC        dust_adc_mean_value
  C:096AH         PUBLIC        dust_task
  C:21C7H         PUBLIC        dust_init
  D:00D9H         PUBLIC        P5CON
  D:00AFH         PUBLIC        ADCVH
  D:00C8H         PUBLIC        T2CON
  D:00AEH         PUBLIC        ADCVL
  X:0096H         PUBLIC        dust_ok_flag
  D:00D0H         PUBLIC        PSW
  C:2113H         PUBLIC        ADC_Interrupt
  -------         PROC          DUST_INIT
  C:21C7H         LINE#         24
  C:21C7H         LINE#         25
  C:21C7H         LINE#         26
  C:21CAH         LINE#         28
  C:21D1H         LINE#         29
  C:21DBH         LINE#         30
  -------         ENDPROC       DUST_INIT
  -------         PROC          READ_DUST_DISPLAY_VALUE
  C:2339H         LINE#         37
  C:2339H         LINE#         38
  C:2339H         LINE#         40
BL51 BANKED LINKER/LOCATER V6.22                                                      11/01/2019  21:34:32  PAGE 59


  C:2341H         LINE#         44
  -------         ENDPROC       READ_DUST_DISPLAY_VALUE
  -------         PROC          DUST_ADC_MEAN_VALUE
  -------         DO            
  D:0003H         SYMBOL        i
  D:0021H         SYMBOL        sum
  D:0025H         SYMBOL        dust_voltage
  -------         ENDDO         
  C:0E21H         LINE#         46
  C:0E21H         LINE#         47
  C:0E21H         LINE#         51
  C:0E2AH         LINE#         52
  C:0E2BH         LINE#         53
  C:0E2BH         LINE#         54
  C:0E53H         LINE#         55
  C:0E57H         LINE#         61
  C:0E6CH         LINE#         62
  C:0E95H         LINE#         66
  C:0EC4H         LINE#         67
  C:0ECDH         LINE#         68
  C:0EE6H         LINE#         71
  -------         ENDPROC       DUST_ADC_MEAN_VALUE
  -------         PROC          DUST_TASK
  C:096AH         LINE#         74
  C:096AH         LINE#         76
  C:096AH         LINE#         77
  C:0972H         LINE#         78
  C:0972H         LINE#         79
  C:0973H         LINE#         80
  C:099CH         LINE#         81
  C:09A7H         LINE#         82
  C:09A7H         LINE#         83
  C:09AAH         LINE#         85
  C:09AFH         LINE#         86
  C:09AFH         LINE#         87
  C:09AFH         LINE#         89
  C:09C7H         LINE#         90
  C:09C7H         LINE#         91
  C:09CEH         LINE#         93
  C:09E9H         LINE#         94
  C:09E9H         LINE#         96
  C:0A00H         LINE#         97
  C:0A02H         LINE#         99
  C:0A02H         LINE#         100
  C:0A21H         LINE#         101
  C:0A21H         LINE#         102
  C:0A29H         LINE#         103
  C:0A2BH         LINE#         104
  C:0A3AH         LINE#         105
  C:0A3AH         LINE#         106
  C:0A43H         LINE#         107
  C:0A43H         LINE#         108
  C:0A45H         LINE#         109
  C:0A4BH         LINE#         110
  C:0A65H         LINE#         111
  C:0A65H         LINE#         112
  C:0A65H         LINE#         113
BL51 BANKED LINKER/LOCATER V6.22                                                      11/01/2019  21:34:32  PAGE 60


  C:0A65H         LINE#         115
  C:0A7BH         LINE#         118
  C:0A8FH         LINE#         119
  C:0AA5H         LINE#         120
  C:0ABBH         LINE#         122
  C:0ABEH         LINE#         125
  C:0ABEH         LINE#         126
  -------         ENDPROC       DUST_TASK
  -------         PROC          READ_DUST_LEVEL
  C:23D1H         LINE#         128
  C:23D1H         LINE#         129
  C:23D1H         LINE#         130
  C:23D3H         LINE#         131
  -------         ENDPROC       READ_DUST_LEVEL
  -------         PROC          _ADC_INIT
  D:0006H         SYMBOL        channel
  C:1DCBH         LINE#         139
  C:1DCBH         LINE#         140
  C:1DCBH         LINE#         141
  C:1DD0H         LINE#         142
  C:1DD9H         LINE#         143
  C:1DD9H         LINE#         144
  C:1DE6H         LINE#         145
  C:1DE8H         LINE#         147
  C:1DE8H         LINE#         148
  C:1DF9H         LINE#         149
  C:1DF9H         LINE#         152
  C:1DFCH         LINE#         153
  -------         ENDPROC       _ADC_INIT
  -------         PROC          ADC_START
  C:23A1H         LINE#         155
  C:23A1H         LINE#         157
  C:23A1H         LINE#         158
  C:23A4H         LINE#         159
  -------         ENDPROC       ADC_START
  -------         PROC          ADC_INTERRUPT
  C:2113H         LINE#         162
  C:2119H         LINE#         164
  C:211CH         LINE#         165
  C:211FH         LINE#         166
  C:2125H         LINE#         167
  -------         ENDPROC       ADC_INTERRUPT
  -------         ENDMOD        DUST

  -------         MODULE        AROM
  C:0000H         SYMBOL        _ICE_DUMMY_
  D:0080H         PUBLIC        P0
  D:0090H         PUBLIC        P1
  D:00A0H         PUBLIC        P2
  D:00B0H         PUBLIC        P3
  D:00C0H         PUBLIC        P4
  D:00D8H         PUBLIC        P5
  D:00A8H         PUBLIC        IE
  D:00B8H         PUBLIC        IP
  C:23DDH         PUBLIC        read_arom_level
  D:0063H         PUBLIC        arom_level
  D:0098H         PUBLIC        SCON
BL51 BANKED LINKER/LOCATER V6.22                                                      11/01/2019  21:34:32  PAGE 61


  D:0088H         PUBLIC        TCON
  B:00D8H.5       PUBLIC        P55
  C:1194H         PUBLIC        arom_task
  C:2314H         PUBLIC        arom_init
  C:23D7H         PUBLIC        arom_off
  C:23DAH         PUBLIC        _set_arom_level
  D:0064H         PUBLIC        arom_work_count
  D:00D9H         PUBLIC        P5CON
  D:00C8H         PUBLIC        T2CON
  C:2201H         PUBLIC        regulate_arom_level
  C:23D4H         PUBLIC        arom_on
  D:00D0H         PUBLIC        PSW
  -------         PROC          AROM_INIT
  C:2314H         LINE#         13
  C:2314H         LINE#         14
  C:2314H         LINE#         15
  C:2317H         LINE#         16
  C:231AH         LINE#         17
  C:231DH         LINE#         18
  -------         ENDPROC       AROM_INIT
  -------         PROC          AROM_TASK
  C:1194H         LINE#         20
  C:1194H         LINE#         25
  C:1194H         LINE#         26
  C:11A1H         LINE#         27
  C:11A1H         LINE#         28
  C:11A1H         LINE#         29
  C:11AAH         LINE#         30
  C:11B5H         LINE#         31
  C:11C6H         LINE#         32
  C:11C8H         LINE#         33
  C:11C8H         LINE#         34
  C:11D1H         LINE#         35
  C:11DCH         LINE#         36
  C:11EDH         LINE#         37
  C:11EFH         LINE#         38
  C:11EFH         LINE#         39
  C:11F8H         LINE#         40
  C:1203H         LINE#         41
  C:1219H         LINE#         42
  C:121AH         LINE#         43
  C:121AH         LINE#         44
  C:121DH         LINE#         45
  C:121DH         LINE#         46
  C:121DH         LINE#         47
  -------         ENDPROC       AROM_TASK
  -------         PROC          AROM_ON
  C:23D4H         LINE#         49
  C:23D4H         LINE#         50
  C:23D4H         LINE#         51
  C:23D6H         LINE#         52
  -------         ENDPROC       AROM_ON
  -------         PROC          AROM_OFF
  C:23D7H         LINE#         54
  C:23D7H         LINE#         55
  C:23D7H         LINE#         56
  C:23D9H         LINE#         57
BL51 BANKED LINKER/LOCATER V6.22                                                      11/01/2019  21:34:32  PAGE 62


  -------         ENDPROC       AROM_OFF
  -------         PROC          REGULATE_AROM_LEVEL
  C:2201H         LINE#         59
  C:2201H         LINE#         61
  C:2201H         LINE#         62
  C:220DH         LINE#         63
  C:2212H         LINE#         64
  -------         ENDPROC       REGULATE_AROM_LEVEL
  -------         PROC          _SET_AROM_LEVEL
  D:0007H         SYMBOL        level
  C:23DAH         LINE#         66
  C:23DAH         LINE#         67
  C:23DAH         LINE#         68
  C:23DCH         LINE#         69
  -------         ENDPROC       _SET_AROM_LEVEL
  -------         PROC          READ_AROM_LEVEL
  C:23DDH         LINE#         71
  C:23DDH         LINE#         72
  C:23DDH         LINE#         73
  C:23DFH         LINE#         74
  -------         ENDPROC       READ_AROM_LEVEL
  -------         ENDMOD        AROM

  -------         MODULE        TIMING_OFF
  C:0000H         SYMBOL        _ICE_DUMMY_
  D:0080H         PUBLIC        P0
  D:0090H         PUBLIC        P1
  D:00A0H         PUBLIC        P2
  D:00B0H         PUBLIC        P3
  D:00C0H         PUBLIC        P4
  D:00D8H         PUBLIC        P5
  D:00A8H         PUBLIC        IE
  D:00B8H         PUBLIC        IP
  C:23E0H         PUBLIC        read_timing_off_level
  D:0066H         PUBLIC        timing_off_level
  C:23A9H         PUBLIC        reset_timing_off_level
  D:0098H         PUBLIC        SCON
  D:0088H         PUBLIC        TCON
  D:0067H         PUBLIC        timing_off_count
  C:17E8H         PUBLIC        timing_off_task
  C:23A5H         PUBLIC        timing_off_init
  C:2213H         PUBLIC        regulate_timing_off_level
  D:00C8H         PUBLIC        T2CON
  D:00D0H         PUBLIC        PSW
  -------         PROC          TIMING_OFF_INIT
  C:23A5H         LINE#         14
  C:23A5H         LINE#         15
  C:23A5H         LINE#         16
  C:23A8H         LINE#         17
  -------         ENDPROC       TIMING_OFF_INIT
  -------         PROC          TIMING_OFF_TASK
  C:17E8H         LINE#         19
  C:17E8H         LINE#         21
  C:17E8H         LINE#         22
  C:17F8H         LINE#         23
  C:17F8H         LINE#         24
  C:17F8H         LINE#         25
BL51 BANKED LINKER/LOCATER V6.22                                                      11/01/2019  21:34:32  PAGE 63


  C:1809H         LINE#         26
  C:180BH         LINE#         27
  C:180BH         LINE#         28
  C:181CH         LINE#         29
  C:181EH         LINE#         30
  C:181EH         LINE#         31
  C:182FH         LINE#         32
  C:1831H         LINE#         33
  C:1831H         LINE#         34
  C:1845H         LINE#         35
  C:1845H         LINE#         36
  C:1845H         LINE#         38
  C:1845H         LINE#         39
  C:1845H         LINE#         40
  -------         ENDPROC       TIMING_OFF_TASK
  -------         PROC          REGULATE_TIMING_OFF_LEVEL
  C:2213H         LINE#         41
  C:2213H         LINE#         43
  C:2213H         LINE#         44
  C:221FH         LINE#         45
  C:2224H         LINE#         46
  -------         ENDPROC       REGULATE_TIMING_OFF_LEVEL
  -------         PROC          RESET_TIMING_OFF_LEVEL
  C:23A9H         LINE#         48
  C:23A9H         LINE#         49
  C:23A9H         LINE#         50
  C:23ACH         LINE#         51
  -------         ENDPROC       RESET_TIMING_OFF_LEVEL
  -------         PROC          READ_TIMING_OFF_LEVEL
  C:23E0H         LINE#         53
  C:23E0H         LINE#         54
  C:23E0H         LINE#         55
  C:23E2H         LINE#         56
  -------         ENDPROC       READ_TIMING_OFF_LEVEL
  -------         ENDMOD        TIMING_OFF

  -------         MODULE        BEEP
  C:0000H         SYMBOL        _ICE_DUMMY_
  D:0080H         PUBLIC        P0
  D:0090H         PUBLIC        P1
  D:00A0H         PUBLIC        P2
  D:00B0H         PUBLIC        P3
  D:00C0H         PUBLIC        P4
  D:00D8H         PUBLIC        P5
  D:00A8H         PUBLIC        IE
  D:009BH         PUBLIC        P0PH
  D:00B8H         PUBLIC        IP
  X:00AAH         PUBLIC        beep_count
  B:0080H.3       PUBLIC        P03
  C:2225H         PUBLIC        beep_task
  D:0098H         PUBLIC        SCON
  C:2237H         PUBLIC        beep_init
  D:0088H         PUBLIC        TCON
  C:239BH         PUBLIC        _set_beep_count
  D:009AH         PUBLIC        P0CON
  D:00C8H         PUBLIC        T2CON
  D:00D0H         PUBLIC        PSW
BL51 BANKED LINKER/LOCATER V6.22                                                      11/01/2019  21:34:32  PAGE 64


  -------         PROC          BEEP_INIT
  C:2237H         LINE#         13
  C:2237H         LINE#         14
  C:2237H         LINE#         15
  C:223AH         LINE#         16
  C:223DH         LINE#         17
  C:223FH         LINE#         18
  C:2242H         LINE#         19
  -------         ENDPROC       BEEP_INIT
  -------         PROC          BEEP_TASK
  C:2225H         LINE#         22
  C:2225H         LINE#         24
  C:2225H         LINE#         27
  C:222EH         LINE#         28
  C:222EH         LINE#         29
  C:2230H         LINE#         30
  C:2233H         LINE#         31
  C:2234H         LINE#         33
  C:2234H         LINE#         34
  C:2236H         LINE#         35
  C:2236H         LINE#         36
  -------         ENDPROC       BEEP_TASK
  -------         PROC          _SET_BEEP_COUNT
  D:0007H         SYMBOL        beep_count_val
  C:239BH         LINE#         38
  C:239BH         LINE#         39
  C:239BH         LINE#         40
  C:23A0H         LINE#         41
  -------         ENDPROC       _SET_BEEP_COUNT
  -------         ENDMOD        BEEP

  -------         MODULE        ?C?IMUL
  C:070DH         PUBLIC        ?C?IMUL
  -------         ENDMOD        ?C?IMUL

  -------         MODULE        ?C?UIDIV
  C:071FH         PUBLIC        ?C?UIDIV
  -------         ENDMOD        ?C?UIDIV

  -------         MODULE        ?C?SIDIV
  C:0774H         PUBLIC        ?C?SIDIV
  -------         ENDMOD        ?C?SIDIV

  -------         MODULE        ?C?IILDX
  C:07AAH         PUBLIC        ?C?IILDX
  -------         ENDMOD        ?C?IILDX

  -------         MODULE        ?C?LMUL
  C:07C0H         PUBLIC        ?C?LMUL
  -------         ENDMOD        ?C?LMUL

  -------         MODULE        ?C?ULDIV
  C:084BH         PUBLIC        ?C?ULDIV
  -------         ENDMOD        ?C?ULDIV

  -------         MODULE        ?C?LNOT
  C:08DDH         PUBLIC        ?C?LNOT
BL51 BANKED LINKER/LOCATER V6.22                                                      11/01/2019  21:34:32  PAGE 65


  -------         ENDMOD        ?C?LNOT

  -------         MODULE        ?C?ULCMP
  C:08EAH         PUBLIC        ?C?ULCMP
  -------         ENDMOD        ?C?ULCMP

  -------         MODULE        ?C?ULSHR
  C:08FBH         PUBLIC        ?C?ULSHR
  -------         ENDMOD        ?C?ULSHR

  -------         MODULE        ?C?LSHL
  C:090EH         PUBLIC        ?C?LSHL
  -------         ENDMOD        ?C?LSHL

  -------         MODULE        ?C?LSTXDATA
  C:0921H         PUBLIC        ?C?LSTXDATA
  -------         ENDMOD        ?C?LSTXDATA

  -------         MODULE        ?C?LSTKXDATA
  C:092DH         PUBLIC        ?C?LSTKXDATA
  -------         ENDMOD        ?C?LSTKXDATA

  -------         MODULE        ?C?OFFXADD
  C:095EH         PUBLIC        ?C?OFFXADD
  -------         ENDMOD        ?C?OFFXADD

  -------         MODULE        RAND
  D:005FH         PUBLIC        ?SRAND?BYTE
  C:19F7H         PUBLIC        RAND
  C:1A39H         PUBLIC        _SRAND
  -------         ENDMOD        RAND

*** WARNING L16: UNCALLED SEGMENT, IGNORED FOR OVERLAY PROCESS
    SEGMENT: ?PR?FAN_PULSE_COUNT_ADD?FAN

*** WARNING L16: UNCALLED SEGMENT, IGNORED FOR OVERLAY PROCESS
    SEGMENT: ?PR?FAN_PULSE_COUNT_DEC?FAN

*** WARNING L16: UNCALLED SEGMENT, IGNORED FOR OVERLAY PROCESS
    SEGMENT: ?PR?FAN_LEVEL12_SPEED_JUDGE?FAN

*** WARNING L16: UNCALLED SEGMENT, IGNORED FOR OVERLAY PROCESS
    SEGMENT: ?PR?FAN_LEVEL23_SPEED_JUDGE?FAN

Program Size: data=106.4 xdata=174 code=8952
LINK/LOCATE RUN COMPLETE.  4 WARNING(S),  0 ERROR(S)
