BL51 BANKED LINKER/LOCATER V6.22                                                        10/04/2019  21:28:59  PAGE 1


BL51 BANKED LINKER/LOCATER V6.22, INVOKED BY:
D:\KEIL\C51\BIN\BL51.EXE .\obj\STARTUP.obj, .\obj\S_TouchKeyCFG.obj, .\obj\eeprom.obj, .\obj\fan.obj, .\obj\filter.obj, 
>> .\obj\ion.obj, .\obj\key.obj, .\obj\led.obj, .\obj\main.obj, .\lib\SC92F8X4X_HighSensitive_Lib_T1_V1.1.0.LIB, .\obj\d
>> ust.obj TO .\obj\KJ109-A01 PRINT (.\list\KJ109-A01.m51) RAMSIZE (256) CODE (0X100)


MEMORY MODEL: SMALL


INPUT MODULES INCLUDED:
  .\obj\STARTUP.obj (?C_STARTUP)
  .\obj\S_TouchKeyCFG.obj (S_TOUCHKEYCFG)
  .\obj\eeprom.obj (EEPROM)
  .\obj\fan.obj (FAN)
  .\obj\filter.obj (FILTER)
  .\obj\ion.obj (ION)
  .\obj\key.obj (KEY)
  .\obj\led.obj (LED)
  .\obj\main.obj (MAIN)
  .\lib\SC92F8X4X_HighSensitive_Lib_T1_V1.1.0.LIB (SENSORMETHOD)
  .\obj\dust.obj (DUST)
  D:\KEIL\C51\LIB\C51S.LIB (?C_INIT)
  D:\KEIL\C51\LIB\C51S.LIB (?C?IMUL)
  D:\KEIL\C51\LIB\C51S.LIB (?C?UIDIV)
  D:\KEIL\C51\LIB\C51S.LIB (?C?SIDIV)
  D:\KEIL\C51\LIB\C51S.LIB (?C?IILDX)
  D:\KEIL\C51\LIB\C51S.LIB (?C?LMUL)
  D:\KEIL\C51\LIB\C51S.LIB (?C?ULDIV)
  D:\KEIL\C51\LIB\C51S.LIB (?C?LNOT)
  D:\KEIL\C51\LIB\C51S.LIB (?C?ULCMP)
  D:\KEIL\C51\LIB\C51S.LIB (?C?ULSHR)
  D:\KEIL\C51\LIB\C51S.LIB (?C?LSHL)
  D:\KEIL\C51\LIB\C51S.LIB (?C?LSTXDATA)
  D:\KEIL\C51\LIB\C51S.LIB (?C?LSTKXDATA)
  D:\KEIL\C51\LIB\C51S.LIB (?C?OFFXADD)
  D:\KEIL\C51\LIB\C51S.LIB (RAND)


LINK MAP OF MODULE:  .\obj\KJ109-A01 (?C_STARTUP)


            TYPE    BASE      LENGTH    RELOCATION   SEGMENT NAME
            -----------------------------------------------------

            * * * * * * *   D A T A   M E M O R Y   * * * * * * *
            REG     0000H     0008H     ABSOLUTE     "REG BANK 0"
            DATA    0008H     0014H     UNIT         _DATA_GROUP_
            DATA    001CH     0004H     UNIT         ?DT?EEPROM
            BIT     0020H.0   0000H.2   UNIT         ?BI?SENSORMETHOD
            BIT     0020H.2   0000H.1   UNIT         ?BI?MAIN
            BIT     0020H.3   0000H.1   UNIT         _BIT_GROUP_
                    0020H.4   0000H.4                *** GAP ***
            DATA    0021H     0011H     UNIT         ?DT?KEY
            DATA    0032H     000CH     UNIT         ?DT?MAIN
            DATA    003EH     0009H     UNIT         ?DT?SENSORMETHOD
            DATA    0047H     0008H     UNIT         ?DT?FAN
            DATA    004FH     0007H     UNIT         ?DT?FILTER
            DATA    0056H     0004H     UNIT         ?DT?RAND?RAND
BL51 BANKED LINKER/LOCATER V6.22                                                      10/04/2019  21:28:59  PAGE 2


            DATA    005AH     0001H     UNIT         ?DT?DUST
            IDATA   005BH     0001H     UNIT         ?STACK

            * * * * * * *  X D A T A   M E M O R Y  * * * * * * *
            XDATA   0000H     0062H     UNIT         ?XD?S_TOUCHKEYCFG
            XDATA   0062H     0033H     UNIT         ?XD?DUST
            XDATA   0095H     0009H     UNIT         ?XD?SENSORMETHOD
            XDATA   009EH     0006H     UNIT         ?XD?FAN
            XDATA   00A4H     0001H     UNIT         _XDATA_GROUP_
                    00A5H     065BH                  *** GAP ***
            XDATA   0700H     001EH     ABSOLUTE     
                    071EH     0026H                  *** GAP ***
            XDATA   0744H     0002H     ABSOLUTE     

            * * * * * * *   C O D E   M E M O R Y   * * * * * * *
            CODE    0000H     0003H     ABSOLUTE     
                    0003H     0008H                  *** GAP ***
            CODE    000BH     0003H     ABSOLUTE     
                    000EH     000DH                  *** GAP ***
            CODE    001BH     0003H     ABSOLUTE     
                    001EH     000DH                  *** GAP ***
            CODE    002BH     0003H     ABSOLUTE     
                    002EH     0005H                  *** GAP ***
            CODE    0033H     0003H     ABSOLUTE     
                    0036H     0025H                  *** GAP ***
            CODE    005BH     0003H     ABSOLUTE     
                    005EH     00A2H                  *** GAP ***
            CODE    0100H     03A8H     UNIT         ?PR?_SENSORRENOVATE?SENSORMETHOD
            CODE    04A8H     028EH     UNIT         ?PR?_LED_DISPLAY_BCD?LED
            CODE    0736H     025DH     UNIT         ?C?LIB_CODE
            CODE    0993H     01F9H     UNIT         ?PR?FAN_HANDLE?FAN
            CODE    0B8CH     0194H     UNIT         ?PR?KEY_TASK?KEY
            CODE    0D20H     0126H     UNIT         ?PR?TOUCHKEYSCAN?S_TOUCHKEYCFG
            CODE    0E46H     011FH     UNIT         ?PR?_MULTIPLEDEAL?SENSORMETHOD
            CODE    0F65H     011DH     UNIT         ?PR?SENSORMETHOD
            CODE    1082H     00FBH     UNIT         ?PR?DUST_TASK?DUST
            CODE    117DH     00C6H     UNIT         ?PR?DUST_ADC_MEAN_VALUE?DUST
            CODE    1243H     00BDH     UNIT         ?PR?READ_FILTER_TIME?FILTER
            CODE    1300H     00BBH     UNIT         ?PR?_FILTERDATADEAL?SENSORMETHOD
            CODE    13BBH     009AH     UNIT         ?C_C51STARTUP
            CODE    1455H     0087H     UNIT         ?PR?WRITE_FILTER_TIME?FILTER
            CODE    14DCH     0086H     UNIT         ?PR?FAN_TASK?FAN
            CODE    1562H     0080H     UNIT         ?PR?TOUCHKEYINIT?SENSORMETHOD
            CODE    15E2H     007FH     UNIT         ?PR?TIMER2INT?MAIN
            CODE    1661H     007FH     UNIT         ?PR?_ICHAADJUST?SENSORMETHOD
            CODE    16E0H     0063H     UNIT         ?PR?LED_DISPLAY_MODE?LED
            CODE    1743H     005CH     UNIT         ?PR?FILTER_TASK?FILTER
            CODE    179FH     005BH     UNIT         ?PR?TOUCHKEY_SERVICE?SENSORMETHOD
            CODE    17FAH     0058H     UNIT         ?PR?FILTERAVERGEDEAL?SENSORMETHOD
            CODE    1852H     0052H     UNIT         ?CO?S_TOUCHKEYCFG
            CODE    18A4H     004DH     UNIT         ?PR?RAND?RAND
            CODE    18F1H     004CH     UNIT         ?PR?INITIALIZESENSORFLAG?SENSORMETHOD
            CODE    193DH     004AH     UNIT         ?PR?LED_DISPLAY_PM25?LED
            CODE    1987H     0047H     UNIT         ?PR?CURRENTSENSORCHOOSE?S_TOUCHKEYCFG
            CODE    19CEH     0047H     UNIT         ?PR?TOUCHKEYCFGINIT?S_TOUCHKEYCFG
            CODE    1A15H     0040H     UNIT         ?PR?LED_OFF?LED
            CODE    1A55H     003FH     UNIT         ?PR?LED_INIT?LED
BL51 BANKED LINKER/LOCATER V6.22                                                      10/04/2019  21:28:59  PAGE 3


            CODE    1A94H     003DH     UNIT         ?PR?TIMER1?MAIN
            CODE    1AD1H     003BH     UNIT         ?PR?CTK_ISR?S_TOUCHKEYCFG
            CODE    1B0CH     0037H     UNIT         ?PR?MAIN?MAIN
            CODE    1B43H     0034H     UNIT         ?PR?RESET_FILTER_TIME?FILTER
            CODE    1B77H     0032H     UNIT         ?PR?_GETCFGMSG?S_TOUCHKEYCFG
            CODE    1BA9H     0032H     UNIT         ?PR?_ADC_INIT?DUST
            CODE    1BDBH     0030H     UNIT         ?PR?_EEPROM_WRITE_BYTE?EEPROM
            CODE    1C0BH     002CH     UNIT         ?PR?_GETCURRFINGERVALUE?S_TOUCHKEYCFG
            CODE    1C37H     002CH     UNIT         ?PR?TIMERINIT?MAIN
            CODE    1C63H     0029H     UNIT         ?PR?SYS_INIT?MAIN
            CODE    1C8CH     0027H     UNIT         ?PR?FAN_INIT?FAN
            CODE    1CB3H     0025H     UNIT         ?PR?FILTER_INIT?FILTER
            CODE    1CD8H     0025H     UNIT         ?PR?FILTERCOMMCODE?SENSORMETHOD
            CODE    1CFDH     0025H     UNIT         ?PR?SENSORKEYFLAG?SENSORMETHOD
            CODE    1D22H     0024H     UNIT         ?PR?LED_DISPLAY_DUST_LEVEL?LED
            CODE    1D46H     0024H     UNIT         ?PR?INITIALIZEBASELINES?SENSORMETHOD
            CODE    1D6AH     0021H     UNIT         ?PR?FILTERIIRINIT?SENSORMETHOD
            CODE    1D8BH     001DH     UNIT         ?PR?FAN_PWM_START?FAN
            CODE    1DA8H     001CH     UNIT         ?C_INITSEG
            CODE    1DC4H     001AH     UNIT         ?PR?SYS_SCAN?KEY
            CODE    1DDEH     0019H     UNIT         ?PR?STORE_FAN_RETURN_PULSE?FAN
            CODE    1DF7H     0019H     UNIT         ?PR?KEY_LOCK_COM?KEY
            CODE    1E10H     0019H     UNIT         ?PR?ADC_INTERRUPT?DUST
            CODE    1E29H     0018H     UNIT         ?PR?_EEPROM_READ_BYTE?EEPROM
            CODE    1E41H     0018H     UNIT         ?PR?TASK_10MS?MAIN
            CODE    1E59H     0016H     UNIT         ?PR?_GETTKYZTHRESHOLD?S_TOUCHKEYCFG
            CODE    1E6FH     0016H     UNIT         ?PR?LED_TASK?LED
            CODE    1E85H     0015H     UNIT         ?PR?TASK_100MS?MAIN
            CODE    1E9AH     0015H     UNIT         ?PR?DUST_INIT?DUST
            CODE    1EAFH     0013H     UNIT         ?PR?TASK_1MS?MAIN
            CODE    1EC2H     0012H     UNIT         ?PR?_GETSCANTIMEVALUE?S_TOUCHKEYCFG
            CODE    1ED4H     0011H     UNIT         ?PR?LED_DISPLAY_UNLOCK?LED
            CODE    1EE5H     0010H     UNIT         ?PR?KEY_POWER_COM?KEY
            CODE    1EF5H     000FH     UNIT         ?PR?POWER_ON?FAN
            CODE    1F04H     000FH     UNIT         ?PR?LED_DISPLAY_ION?LED
            CODE    1F13H     000DH     UNIT         ?PR?_GETBASELINEADJUSTVALUE?S_TOUCHKEYCFG
            CODE    1F20H     000DH     UNIT         ?PR?REGULATE_FAN_SPEED?FAN
            CODE    1F2DH     000CH     UNIT         ?PR?POWER_OFF?FAN
            CODE    1F39H     000CH     UNIT         ?PR?_USDELAY?SENSORMETHOD
            CODE    1F45H     000BH     UNIT         ?PR?SETONEKEYPUSHRESETTIME?S_TOUCHKEYCFG
            CODE    1F50H     000BH     UNIT         ?PR?GETBASELINEUPDATETHRESHOLD?S_TOUCHKEYCFG
            CODE    1F5BH     000AH     UNIT         ?PR?GETTKYZCNT?S_TOUCHKEYCFG
            CODE    1F65H     000AH     UNIT         ?PR?READ_UNLOCK_FLAG?KEY
            CODE    1F6FH     0009H     UNIT         ?PR?READ_DISP_FAN_RETURN_PULSE?FAN
            CODE    1F78H     0009H     UNIT         ?PR?TIMER1_START?MAIN
            CODE    1F81H     0008H     UNIT         ?PR?GETINITAUTOUPDATETIME?S_TOUCHKEYCFG
            CODE    1F89H     0008H     UNIT         ?PR?ISDOUBLEKEYORSLIDEKEY?S_TOUCHKEYCFG
            CODE    1F91H     0008H     UNIT         ?PR?GETUPCONFIRMCNT?S_TOUCHKEYCFG
            CODE    1F99H     0004H     UNIT         ?PR?KEY_INIT?KEY
            CODE    1F9DH     0004H     UNIT         ?PR?LED_ON?LED
            CODE    1FA1H     0004H     UNIT         ?PR?READ_DUST_DISPLAY_VALUE?DUST
            CODE    1FA5H     0004H     UNIT         ?PR?ADC_START?DUST
            CODE    1FA9H     0003H     UNIT         ?PR?GETCSFUNCTION?S_TOUCHKEYCFG
            CODE    1FACH     0003H     UNIT         ?PR?READ_POWER_STATUS?FAN
            CODE    1FAFH     0003H     UNIT         ?PR?READ_FAN_SPEED?FAN
            CODE    1FB2H     0003H     UNIT         ?PR?ION_INIT?ION
            CODE    1FB5H     0003H     UNIT         ?PR?ION_ON?ION
BL51 BANKED LINKER/LOCATER V6.22                                                      10/04/2019  21:28:59  PAGE 4


            CODE    1FB8H     0003H     UNIT         ?PR?ION_OFF?ION
            CODE    1FBBH     0003H     UNIT         ?PR?KEY_ION_COM?KEY
            CODE    1FBEH     0003H     UNIT         ?PR?KEY_SPEED_COM?KEY
            CODE    1FC1H     0003H     UNIT         ?PR?KEY_SPEED_LONG_COM?KEY
            CODE    1FC4H     0003H     UNIT         ?PR?TOUCHKEYRESTART?SENSORMETHOD
            CODE    1FC7H     0003H     UNIT         ?PR?GETISNEEDUPDATEBASELINE?SENSORMETHOD
            CODE    1FCAH     0003H     UNIT         ?PR?SETNEEDUPDATEBASELINE?SENSORMETHOD
            CODE    1FCDH     0003H     UNIT         ?PR?READ_DUST_LEVEL?DUST
            CODE    1FD0H     0001H     UNIT         ?PR?EEPROM_INIT?EEPROM
            CODE    1FD1H     0001H     UNIT         ?PR?KEY_TIMER_COM?KEY
            CODE    1FD2H     0001H     UNIT         ?PR?KEY_AROM_COM?KEY
            CODE    1FD3H     0001H     UNIT         ?PR?TIMER0?MAIN
            CODE    1FD4H     0001H     UNIT         ?PR?TASK_1S?MAIN



OVERLAY MAP OF MODULE:   .\obj\KJ109-A01 (?C_STARTUP)


SEGMENT                                             BIT_GROUP          DATA_GROUP          XDATA_GROUP
  +--> CALLED SEGMENT                            START    LENGTH     START    LENGTH     START    LENGTH
--------------------------------------------------------------------------------------------------------
?C_C51STARTUP                                    -----    -----      -----    -----      -----    -----
  +--> ?PR?MAIN?MAIN
  +--> ?C_INITSEG

?PR?MAIN?MAIN                                    -----    -----      -----    -----      -----    -----
  +--> ?PR?SYS_INIT?MAIN
  +--> ?PR?TASK_1MS?MAIN
  +--> ?PR?TASK_10MS?MAIN
  +--> ?PR?TASK_100MS?MAIN
  +--> ?PR?TASK_1S?MAIN
  +--> ?PR?FAN_HANDLE?FAN

?PR?SYS_INIT?MAIN                                -----    -----      -----    -----      -----    -----
  +--> ?PR?LED_INIT?LED
  +--> ?PR?DUST_INIT?DUST
  +--> ?PR?TIMERINIT?MAIN
  +--> ?PR?FAN_INIT?FAN
  +--> ?PR?ION_INIT?ION
  +--> ?PR?TOUCHKEYINIT?SENSORMETHOD
  +--> ?PR?KEY_INIT?KEY
  +--> ?PR?EEPROM_INIT?EEPROM
  +--> ?PR?FILTER_INIT?FILTER
  +--> ?PR?POWER_ON?FAN

?PR?DUST_INIT?DUST                               -----    -----      -----    -----      -----    -----
  +--> ?PR?_ADC_INIT?DUST

?PR?ION_INIT?ION                                 -----    -----      -----    -----      -----    -----
  +--> ?PR?ION_OFF?ION

?PR?TOUCHKEYINIT?SENSORMETHOD                    -----    -----      -----    -----      -----    -----
  +--> ?PR?TOUCHKEYCFGINIT?S_TOUCHKEYCFG
  +--> ?PR?_GETCFGMSG?S_TOUCHKEYCFG
  +--> ?PR?_GETSCANTIMEVALUE?S_TOUCHKEYCFG
  +--> ?PR?SENSORMETHOD
BL51 BANKED LINKER/LOCATER V6.22                                                      10/04/2019  21:28:59  PAGE 5


  +--> ?PR?INITIALIZESENSORFLAG?SENSORMETHOD
  +--> ?PR?FILTERAVERGEDEAL?SENSORMETHOD
  +--> ?PR?INITIALIZEBASELINES?SENSORMETHOD

?PR?TOUCHKEYCFGINIT?S_TOUCHKEYCFG                -----    -----      -----    -----      -----    -----
  +--> ?CO?S_TOUCHKEYCFG
  +--> ?PR?CURRENTSENSORCHOOSE?S_TOUCHKEYCFG

?PR?CURRENTSENSORCHOOSE?S_TOUCHKEYCFG            -----    -----      0008H    0004H      -----    -----

?PR?_GETCFGMSG?S_TOUCHKEYCFG                     -----    -----      -----    -----      -----    -----
  +--> ?CO?S_TOUCHKEYCFG
  +--> ?PR?_GETBASELINEADJUSTVALUE?S_TOUCHKE...

?PR?_GETSCANTIMEVALUE?S_TOUCHKEYCFG              -----    -----      -----    -----      -----    -----
  +--> ?CO?S_TOUCHKEYCFG

?PR?INITIALIZESENSORFLAG?SENSORMETHOD            -----    -----      -----    -----      -----    -----
  +--> ?PR?SENSORMETHOD

?PR?FILTERAVERGEDEAL?SENSORMETHOD                -----    -----      0008H    0002H      -----    -----
  +--> ?PR?FILTERCOMMCODE?SENSORMETHOD
  +--> ?PR?SENSORMETHOD
  +--> ?PR?_ICHAADJUST?SENSORMETHOD
  +--> ?PR?FILTERIIRINIT?SENSORMETHOD
  +--> ?PR?GETINITAUTOUPDATETIME?S_TOUCHKEYCFG
  +--> ?PR?_FILTERDATADEAL?SENSORMETHOD

?PR?FILTERCOMMCODE?SENSORMETHOD                  -----    -----      -----    -----      -----    -----
  +--> ?PR?_USDELAY?SENSORMETHOD

?PR?_ICHAADJUST?SENSORMETHOD                     -----    -----      001BH    0001H      00A4H    0001H
  +--> ?PR?_GETBASELINEADJUSTVALUE?S_TOUCHKE...
  +--> ?PR?_GETSCANTIMEVALUE?S_TOUCHKEYCFG
  +--> ?PR?SENSORMETHOD

?PR?FILTERIIRINIT?SENSORMETHOD                   -----    -----      -----    -----      -----    -----
  +--> ?PR?SENSORMETHOD

?PR?GETINITAUTOUPDATETIME?S_TOUCHKEYCFG          -----    -----      -----    -----      -----    -----
  +--> ?CO?S_TOUCHKEYCFG

?PR?_FILTERDATADEAL?SENSORMETHOD                 -----    -----      0013H    0003H      -----    -----
  +--> ?PR?SENSORMETHOD
  +--> ?PR?_GETCURRFINGERVALUE?S_TOUCHKEYCFG

?PR?_GETCURRFINGERVALUE?S_TOUCHKEYCFG            -----    -----      -----    -----      -----    -----
  +--> ?CO?S_TOUCHKEYCFG

?PR?INITIALIZEBASELINES?SENSORMETHOD             -----    -----      -----    -----      -----    -----
  +--> ?PR?SENSORMETHOD

?PR?FILTER_INIT?FILTER                           -----    -----      -----    -----      -----    -----
  +--> ?PR?READ_FILTER_TIME?FILTER

?PR?READ_FILTER_TIME?FILTER                      -----    -----      0008H    0004H      -----    -----
  +--> ?PR?_EEPROM_READ_BYTE?EEPROM
BL51 BANKED LINKER/LOCATER V6.22                                                      10/04/2019  21:28:59  PAGE 6



?PR?POWER_ON?FAN                                 -----    -----      -----    -----      -----    -----
  +--> ?PR?LED_ON?LED
  +--> ?PR?ION_ON?ION
  +--> ?PR?FAN_PWM_START?FAN

?PR?TASK_1MS?MAIN                                -----    -----      -----    -----      -----    -----
  +--> ?PR?KEY_TASK?KEY

?PR?KEY_TASK?KEY                                 -----    -----      -----    -----      -----    -----
  +--> ?PR?KEY_POWER_COM?KEY
  +--> ?PR?READ_POWER_STATUS?FAN
  +--> ?PR?KEY_SPEED_LONG_COM?KEY
  +--> ?PR?KEY_SPEED_COM?KEY
  +--> ?PR?KEY_ION_COM?KEY
  +--> ?PR?KEY_AROM_COM?KEY
  +--> ?PR?KEY_LOCK_COM?KEY
  +--> ?PR?KEY_TIMER_COM?KEY

?PR?KEY_POWER_COM?KEY                            -----    -----      -----    -----      -----    -----
  +--> ?PR?READ_POWER_STATUS?FAN
  +--> ?PR?POWER_OFF?FAN
  +--> ?PR?WRITE_FILTER_TIME?FILTER
  +--> ?PR?POWER_ON?FAN

?PR?POWER_OFF?FAN                                -----    -----      -----    -----      -----    -----
  +--> ?PR?ION_OFF?ION
  +--> ?PR?LED_OFF?LED

?PR?WRITE_FILTER_TIME?FILTER                     -----    -----      0008H    0004H      -----    -----
  +--> ?PR?_EEPROM_WRITE_BYTE?EEPROM

?PR?_EEPROM_WRITE_BYTE?EEPROM                    -----    -----      000CH    0001H      -----    -----
  +--> ?PR?_EEPROM_READ_BYTE?EEPROM

?PR?KEY_SPEED_LONG_COM?KEY                       -----    -----      -----    -----      -----    -----
  +--> ?PR?RESET_FILTER_TIME?FILTER

?PR?RESET_FILTER_TIME?FILTER                     -----    -----      -----    -----      -----    -----
  +--> ?PR?_EEPROM_WRITE_BYTE?EEPROM

?PR?KEY_SPEED_COM?KEY                            -----    -----      -----    -----      -----    -----
  +--> ?PR?REGULATE_FAN_SPEED?FAN

?PR?TASK_10MS?MAIN                               -----    -----      -----    -----      -----    -----
  +--> ?PR?SYS_SCAN?KEY
  +--> ?PR?LED_TASK?LED
  +--> ?PR?DUST_TASK?DUST

?PR?SYS_SCAN?KEY                                 -----    -----      -----    -----      -----    -----
  +--> ?PR?TOUCHKEYSCAN?S_TOUCHKEYCFG
  +--> ?PR?TOUCHKEYRESTART?SENSORMETHOD

?PR?TOUCHKEYSCAN?S_TOUCHKEYCFG                   -----    -----      0008H    0009H      -----    -----
  +--> ?PR?GETISNEEDUPDATEBASELINE?SENSORMETHOD
  +--> ?PR?SENSORKEYFLAG?SENSORMETHOD
  +--> ?PR?SETNEEDUPDATEBASELINE?SENSORMETHOD
BL51 BANKED LINKER/LOCATER V6.22                                                      10/04/2019  21:28:59  PAGE 7


  +--> ?PR?ISDOUBLEKEYORSLIDEKEY?S_TOUCHKEYCFG
  +--> ?PR?SETONEKEYPUSHRESETTIME?S_TOUCHKEYCFG
  +--> ?CO?S_TOUCHKEYCFG
  +--> ?PR?_MULTIPLEDEAL?SENSORMETHOD

?PR?SENSORKEYFLAG?SENSORMETHOD                   -----    -----      0011H    0001H      -----    -----
  +--> ?PR?_FILTERDATADEAL?SENSORMETHOD
  +--> ?PR?_SENSORRENOVATE?SENSORMETHOD

?PR?_SENSORRENOVATE?SENSORMETHOD                 -----    -----      0012H    0009H      -----    -----
  +--> ?PR?SENSORMETHOD
  +--> ?PR?_GETCURRFINGERVALUE?S_TOUCHKEYCFG
  +--> ?PR?GETCSFUNCTION?S_TOUCHKEYCFG
  +--> ?PR?ISDOUBLEKEYORSLIDEKEY?S_TOUCHKEYCFG
  +--> ?PR?GETTKYZCNT?S_TOUCHKEYCFG
  +--> ?PR?_GETTKYZTHRESHOLD?S_TOUCHKEYCFG
  +--> ?PR?GETBASELINEUPDATETHRESHOLD?S_TOUC...
  +--> ?PR?GETUPCONFIRMCNT?S_TOUCHKEYCFG
  +--> ?PR?_ICHAADJUST?SENSORMETHOD

?PR?ISDOUBLEKEYORSLIDEKEY?S_TOUCHKEYCFG          -----    -----      -----    -----      -----    -----
  +--> ?CO?S_TOUCHKEYCFG

?PR?_GETTKYZTHRESHOLD?S_TOUCHKEYCFG              -----    -----      -----    -----      -----    -----
  +--> ?PR?_GETCURRFINGERVALUE?S_TOUCHKEYCFG

?PR?GETBASELINEUPDATETHRESHOLD?S_TOUC...         -----    -----      -----    -----      -----    -----
  +--> ?CO?S_TOUCHKEYCFG

?PR?SETONEKEYPUSHRESETTIME?S_TOUCHKEYCFG         -----    -----      -----    -----      -----    -----
  +--> ?CO?S_TOUCHKEYCFG

?PR?_MULTIPLEDEAL?SENSORMETHOD                   -----    -----      0011H    0002H      -----    -----
  +--> ?PR?SENSORMETHOD
  +--> ?PR?INITIALIZESENSORFLAG?SENSORMETHOD
  +--> ?PR?FILTERIIRINIT?SENSORMETHOD
  +--> ?PR?_FILTERDATADEAL?SENSORMETHOD
  +--> ?PR?INITIALIZEBASELINES?SENSORMETHOD

?PR?LED_TASK?LED                                 -----    -----      -----    -----      -----    -----
  +--> ?PR?READ_POWER_STATUS?FAN
  +--> ?PR?LED_DISPLAY_ION?LED
  +--> ?PR?LED_DISPLAY_MODE?LED
  +--> ?PR?LED_DISPLAY_UNLOCK?LED
  +--> ?PR?LED_DISPLAY_PM25?LED
  +--> ?PR?LED_DISPLAY_DUST_LEVEL?LED

?PR?LED_DISPLAY_MODE?LED                         -----    -----      -----    -----      -----    -----
  +--> ?PR?READ_FAN_SPEED?FAN

?PR?LED_DISPLAY_UNLOCK?LED                       -----    -----      -----    -----      -----    -----
  +--> ?PR?READ_UNLOCK_FLAG?KEY

?PR?LED_DISPLAY_PM25?LED                         -----    -----      0008H    0002H      -----    -----
  +--> ?PR?READ_DUST_DISPLAY_VALUE?DUST
  +--> ?PR?_LED_DISPLAY_BCD?LED

BL51 BANKED LINKER/LOCATER V6.22                                                      10/04/2019  21:28:59  PAGE 8


?PR?READ_DUST_DISPLAY_VALUE?DUST                 -----    -----      -----    -----      -----    -----
  +--> ?PR?READ_DISP_FAN_RETURN_PULSE?FAN

?PR?LED_DISPLAY_DUST_LEVEL?LED                   -----    -----      -----    -----      -----    -----
  +--> ?PR?READ_DUST_LEVEL?DUST

?PR?DUST_TASK?DUST                               -----    -----      -----    -----      -----    -----
  +--> ?PR?DUST_ADC_MEAN_VALUE?DUST
  +--> ?PR?RAND?RAND

?PR?DUST_ADC_MEAN_VALUE?DUST                     -----    -----      0008H    0008H      -----    -----

?PR?TASK_100MS?MAIN                              -----    -----      -----    -----      -----    -----
  +--> ?PR?FILTER_TASK?FILTER
  +--> ?PR?FAN_TASK?FAN

?PR?FILTER_TASK?FILTER                           -----    -----      -----    -----      -----    -----
  +--> ?PR?READ_POWER_STATUS?FAN
  +--> ?PR?WRITE_FILTER_TIME?FILTER

?PR?FAN_TASK?FAN                                 -----    -----      -----    -----      -----    -----
  +--> ?PR?READ_POWER_STATUS?FAN

?PR?FAN_HANDLE?FAN                               -----    -----      -----    -----      -----    -----
  +--> ?PR?READ_DUST_LEVEL?DUST

*** NEW ROOT ***************************************************

?PR?CTK_ISR?S_TOUCHKEYCFG                        -----    -----      -----    -----      -----    -----
  +--> ?PR?TOUCHKEY_SERVICE?SENSORMETHOD

?PR?TOUCHKEY_SERVICE?SENSORMETHOD                0020H.3  0000H.1    -----    -----      -----    -----
  +--> ?PR?SENSORMETHOD
  +--> ?PR?_GETSCANTIMEVALUE?S_TOUCHKEYCFG
  +--> ?PR?_GETBASELINEADJUSTVALUE?S_TOUCHKE...

*** NEW ROOT ***************************************************

?PR?TIMER2INT?MAIN                               -----    -----      -----    -----      -----    -----
  +--> ?PR?TIMER1_START?MAIN
  +--> ?PR?STORE_FAN_RETURN_PULSE?FAN

*** NEW ROOT ***************************************************

?PR?TIMER1?MAIN                                  -----    -----      -----    -----      -----    -----
  +--> ?PR?ADC_START?DUST



SYMBOL TABLE OF MODULE:  .\obj\KJ109-A01 (?C_STARTUP)

  VALUE           TYPE          NAME
  ----------------------------------

  -------         MODULE        ?C_STARTUP
  C:13BBH         SEGMENT       ?C_C51STARTUP
  I:005BH         SEGMENT       ?STACK
BL51 BANKED LINKER/LOCATER V6.22                                                      10/04/2019  21:28:59  PAGE 9


  C:0000H         PUBLIC        ?C_STARTUP
  D:00E0H         SYMBOL        ACC
  D:00F0H         SYMBOL        B
  D:0083H         SYMBOL        DPH
  D:0082H         SYMBOL        DPL
  N:0000H         SYMBOL        IBPSTACK
  N:0100H         SYMBOL        IBPSTACKTOP
  N:0100H         SYMBOL        IDATALEN
  C:13BEH         SYMBOL        IDATALOOP
  N:0000H         SYMBOL        PBPSTACK
  N:0100H         SYMBOL        PBPSTACKTOP
  N:0000H         SYMBOL        PDATALEN
  N:0000H         SYMBOL        PDATASTART
  N:0000H         SYMBOL        PPAGE
  N:0000H         SYMBOL        PPAGEENABLE
  D:00A0H         SYMBOL        PPAGE_SFR
  D:0081H         SYMBOL        SP
  C:13BBH         SYMBOL        STARTUP1
  N:0000H         SYMBOL        XBPSTACK
  N:0000H         SYMBOL        XBPSTACKTOP
  N:0080H         SYMBOL        XDATALEN
  C:13C9H         SYMBOL        XDATALOOP
  N:0000H         SYMBOL        XDATASTART
  C:0000H         LINE#         126
  C:13BBH         LINE#         133
  C:13BDH         LINE#         134
  C:13BEH         LINE#         135
  C:13BFH         LINE#         136
  C:13C1H         LINE#         140
  C:13C4H         LINE#         141
  C:13C6H         LINE#         143
  C:13C8H         LINE#         147
  C:13C9H         LINE#         148
  C:13CAH         LINE#         149
  C:13CBH         LINE#         150
  C:13CDH         LINE#         151
  C:13CFH         LINE#         185
  C:13D2H         LINE#         196
  -------         ENDMOD        ?C_STARTUP

  -------         MODULE        S_TOUCHKEYCFG
  C:0000H         SYMBOL        _ICE_DUMMY_
  X:0000H         PUBLIC        ConfirmTouchCnt
  X:0001H         PUBLIC        BaseLine
  C:19CEH         PUBLIC        TouchKeyCFGInit
  C:1F13H         PUBLIC        _GetBaseLineAdjustValue
  X:000DH         PUBLIC        FloatAreaCnt
  B:00D0H.7       PUBLIC        TK_CY
  C:1C0BH         PUBLIC        _GetCurrFingerValue
  C:1FA9H         PUBLIC        GetCsFunction
  X:0013H         PUBLIC        CurrentChannel
  X:0019H         PUBLIC        RawData
  C:1F89H         PUBLIC        IsDoubleKeyOrSlideKey
  X:0025H         PUBLIC        TouchCnt
  C:1AD1H         PUBLIC        CTK_ISR
  X:002BH         PUBLIC        LowFingerDataCnt
  C:0D20H         PUBLIC        TouchKeyScan
BL51 BANKED LINKER/LOCATER V6.22                                                      10/04/2019  21:28:59  PAGE 10


  C:1F45H         PUBLIC        SetOneKeyPushResetTime
  C:1EC2H         PUBLIC        _GetScanTimeValue
  C:1F5BH         PUBLIC        GetTKYzCnt
  X:0031H         PUBLIC        DifferAccum
  X:003DH         PUBLIC        RestAreaCnt
  C:1E59H         PUBLIC        _GetTKYzThreshold
  X:0043H         PUBLIC        BaseLineAdjusttmp
  C:1987H         PUBLIC        CurrentSensorChoose
  C:1F81H         PUBLIC        GetInitAutoUpdateTime
  X:0049H         PUBLIC        MultipleLNum
  C:1B77H         PUBLIC        _GetCfgMsg
  X:004BH         PUBLIC        SOCAPI_TouchKeyStatus
  C:1F91H         PUBLIC        GetUpConfirmCnt
  X:004CH         PUBLIC        UpdateBaseLNum
  X:004EH         PUBLIC        SetNoiseThreshold
  C:1F50H         PUBLIC        GetBaselineUpdateThreshold
  X:004FH         PUBLIC        FilterData
  X:005BH         PUBLIC        NoTouchCnt
  X:0061H         PUBLIC        MultipleDealTpye
  C:1874H         PUBLIC        TKChannelCfg
  C:1852H         PUBLIC        TKCFG
  D:00D0H         PUBLIC        TK_PSW
  -------         PROC          SETONEKEYPUSHRESETTIME
  C:1F45H         LINE#         96
  C:1F45H         LINE#         97
  C:1F45H         LINE#         98
  C:1F4FH         LINE#         99
  -------         ENDPROC       SETONEKEYPUSHRESETTIME
  -------         PROC          GETBASELINEUPDATETHRESHOLD
  C:1F50H         LINE#         107
  C:1F50H         LINE#         108
  C:1F50H         LINE#         109
  C:1F5AH         LINE#         110
  -------         ENDPROC       GETBASELINEUPDATETHRESHOLD
  -------         PROC          GETINITAUTOUPDATETIME
  C:1F81H         LINE#         119
  C:1F81H         LINE#         120
  C:1F81H         LINE#         121
  C:1F88H         LINE#         122
  -------         ENDPROC       GETINITAUTOUPDATETIME
  -------         PROC          GETCSFUNCTION
  C:1FA9H         LINE#         130
  C:1FA9H         LINE#         131
  C:1FA9H         LINE#         132
  C:1FABH         LINE#         133
  -------         ENDPROC       GETCSFUNCTION
  -------         PROC          _GETCURRFINGERVALUE
  D:0005H         SYMBOL        i
  C:1C0BH         LINE#         141
  C:1C0DH         LINE#         142
  C:1C0DH         LINE#         143
  C:1C36H         LINE#         144
  -------         ENDPROC       _GETCURRFINGERVALUE
  -------         PROC          _GETSCANTIMEVALUE
  D:0007H         SYMBOL        i
  C:1EC2H         LINE#         153
  C:1EC2H         LINE#         154
BL51 BANKED LINKER/LOCATER V6.22                                                      10/04/2019  21:28:59  PAGE 11


  C:1EC2H         LINE#         155
  C:1ED3H         LINE#         156
  -------         ENDPROC       _GETSCANTIMEVALUE
  -------         PROC          ISDOUBLEKEYORSLIDEKEY
  C:1F89H         LINE#         164
  C:1F89H         LINE#         165
  C:1F89H         LINE#         166
  C:1F90H         LINE#         167
  -------         ENDPROC       ISDOUBLEKEYORSLIDEKEY
  -------         PROC          _GETBASELINEADJUSTVALUE
  D:0007H         SYMBOL        i
  C:1F13H         LINE#         176
  C:1F13H         LINE#         177
  C:1F13H         LINE#         178
  C:1F1FH         LINE#         179
  -------         ENDPROC       _GETBASELINEADJUSTVALUE
  -------         PROC          GETUPCONFIRMCNT
  C:1F91H         LINE#         187
  C:1F91H         LINE#         188
  C:1F91H         LINE#         189
  C:1F98H         LINE#         190
  -------         ENDPROC       GETUPCONFIRMCNT
  -------         PROC          GETTKYZCNT
  C:1F5BH         LINE#         199
  C:1F5BH         LINE#         200
  C:1F5BH         LINE#         201
  C:1F64H         LINE#         202
  -------         ENDPROC       GETTKYZCNT
  -------         PROC          _GETTKYZTHRESHOLD
  D:0007H         SYMBOL        i
  -------         DO            
  D:0006H         SYMBOL        SetFingerThresholdtmp
  -------         ENDDO         
  C:1E59H         LINE#         211
  C:1E59H         LINE#         212
  C:1E59H         LINE#         215
  C:1E5CH         LINE#         216
  C:1E6EH         LINE#         218
  C:1E6EH         LINE#         219
  -------         ENDPROC       _GETTKYZTHRESHOLD
  -------         PROC          CURRENTSENSORCHOOSE
  -------         DO            
  D:0003H         SYMBOL        i
  D:0002H         SYMBOL        Ctk_Channel_mark
  D:0008H         SYMBOL        CurrentSensorKey
  -------         ENDDO         
  C:1987H         LINE#         227
  C:1987H         LINE#         228
  C:1987H         LINE#         229
  C:1989H         LINE#         230
  C:198AH         LINE#         231
  C:1992H         LINE#         233
  C:199CH         LINE#         235
  C:199CH         LINE#         236
  C:199CH         LINE#         237
  C:19B1H         LINE#         238
  C:19B4H         LINE#         239
BL51 BANKED LINKER/LOCATER V6.22                                                      10/04/2019  21:28:59  PAGE 12


  C:19B4H         LINE#         240
  C:19C0H         LINE#         241
  C:19C1H         LINE#         242
  C:19C7H         LINE#         243
  C:19C7H         LINE#         244
  C:19C7H         LINE#         245
  C:19CBH         LINE#         246
  C:19CDH         LINE#         247
  -------         ENDPROC       CURRENTSENSORCHOOSE
  -------         PROC          _GETCFGMSG
  D:0007H         SYMBOL        i
  C:1B77H         LINE#         256
  C:1B77H         LINE#         257
  C:1B77H         LINE#         258
  C:1B88H         LINE#         259
  C:1B88H         LINE#         260
  C:1B8DH         LINE#         261
  C:1B92H         LINE#         262
  C:1B99H         LINE#         263
  C:1B9EH         LINE#         264
  C:1BA6H         LINE#         265
  C:1BA8H         LINE#         266
  C:1BA8H         LINE#         267
  -------         ENDPROC       _GETCFGMSG
  -------         PROC          TOUCHKEYCFGINIT
  -------         DO            
  D:0007H         SYMBOL        i
  -------         ENDDO         
  C:19CEH         LINE#         276
  C:19CEH         LINE#         277
  C:19CEH         LINE#         279
  C:19D8H         LINE#         280
  C:19E2H         LINE#         281
  C:19E5H         LINE#         282
  C:19EDH         LINE#         283
  C:19EDH         LINE#         284
  C:1A0AH         LINE#         285
  C:1A0DH         LINE#         286
  C:1A14H         LINE#         287
  -------         ENDPROC       TOUCHKEYCFGINIT
  -------         PROC          TOUCHKEYSCAN
  -------         DO            
  D:0003H         SYMBOL        t
  D:0008H         SYMBOL        MultipleCnt
  D:0009H         SYMBOL        Keyvalue
  D:000DH         SYMBOL        KeyData
  -------         ENDDO         
  C:0D20H         LINE#         299
  C:0D20H         LINE#         300
  C:0D20H         LINE#         302
  C:0D23H         LINE#         303
  C:0D2BH         LINE#         304
  C:0D33H         LINE#         306
  C:0D3BH         LINE#         307
  C:0D3BH         LINE#         308
  C:0D46H         LINE#         309
  C:0D4EH         LINE#         310
BL51 BANKED LINKER/LOCATER V6.22                                                      10/04/2019  21:28:59  PAGE 13


  C:0D4EH         LINE#         311
  C:0D63H         LINE#         312
  C:0D66H         LINE#         313
  C:0D66H         LINE#         314
  C:0D90H         LINE#         315
  C:0D92H         LINE#         316
  C:0D92H         LINE#         317
  C:0D95H         LINE#         318
  C:0D9CH         LINE#         319
  C:0D9CH         LINE#         320
  C:0D9EH         LINE#         321
  C:0DA4H         LINE#         322
  C:0DA4H         LINE#         323
  C:0DA7H         LINE#         324
  C:0DA9H         LINE#         326
  C:0DA9H         LINE#         327
  C:0DAFH         LINE#         328
  C:0DAFH         LINE#         329
  C:0DB1H         LINE#         330
  C:0DB1H         LINE#         331
  C:0DB1H         LINE#         332
  C:0DB1H         LINE#         334
  C:0DB4H         LINE#         335
  C:0DB4H         LINE#         336
  C:0DC7H         LINE#         337
  C:0DC7H         LINE#         338
  C:0DD5H         LINE#         339
  C:0DD7H         LINE#         341
  C:0DD7H         LINE#         342
  C:0DDEH         LINE#         343
  C:0DDEH         LINE#         344
  C:0DE0H         LINE#         346
  C:0DE0H         LINE#         348
  C:0DEEH         LINE#         349
  C:0DF7H         LINE#         350
  C:0DF7H         LINE#         352
  C:0E07H         LINE#         353
  C:0E07H         LINE#         354
  C:0E0AH         LINE#         355
  C:0E11H         LINE#         356
  C:0E11H         LINE#         358
  C:0E20H         LINE#         359
  C:0E20H         LINE#         360
  C:0E23H         LINE#         361
  C:0E29H         LINE#         362
  C:0E30H         LINE#         363
  C:0E30H         LINE#         364
  C:0E32H         LINE#         366
  C:0E32H         LINE#         367
  C:0E3DH         LINE#         368
  C:0E3DH         LINE#         370
  C:0E45H         LINE#         371
  -------         ENDPROC       TOUCHKEYSCAN
  -------         PROC          CTK_ISR
  C:1AD1H         LINE#         380
  C:1AEEH         LINE#         382
  C:1AF1H         LINE#         383
BL51 BANKED LINKER/LOCATER V6.22                                                      10/04/2019  21:28:59  PAGE 14


  -------         ENDPROC       CTK_ISR
  -------         ENDMOD        S_TOUCHKEYCFG

  -------         MODULE        EEPROM
  C:0000H         SYMBOL        _ICE_DUMMY_
  D:0080H         PUBLIC        P0
  D:0090H         PUBLIC        P1
  D:00A0H         PUBLIC        P2
  D:00B0H         PUBLIC        P3
  D:00C0H         PUBLIC        P4
  D:00D8H         PUBLIC        P5
  B:00A8H.7       PUBLIC        EA
  D:00A8H         PUBLIC        IE
  D:00B8H         PUBLIC        IP
  C:1E29H         PUBLIC        _eeprom_read_byte
  C:1FD0H         PUBLIC        eeprom_init
  D:00F4H         PUBLIC        IAPADE
  D:00F3H         PUBLIC        IAPADH
  D:001CH         PUBLIC        point
  D:00F2H         PUBLIC        IAPADL
  C:1BDBH         PUBLIC        _eeprom_write_byte
  D:0098H         PUBLIC        SCON
  D:00F5H         PUBLIC        IAPDAT
  D:0088H         PUBLIC        TCON
  D:00F6H         PUBLIC        IAPCTL
  D:00F1H         PUBLIC        IAPKEY
  D:001EH         PUBLIC        ee_data
  D:001FH         PUBLIC        dd_add
  D:00C8H         PUBLIC        T2CON
  D:00D0H         PUBLIC        PSW
  -------         PROC          EEPROM_INIT
  C:1FD0H         LINE#         16
  C:1FD0H         LINE#         17
  C:1FD0H         LINE#         19
  -------         ENDPROC       EEPROM_INIT
  -------         PROC          _EEPROM_WRITE_BYTE
  D:0007H         SYMBOL        addr
  D:000CH         SYMBOL        e_data
  C:1BDBH         LINE#         21
  C:1BDDH         LINE#         23
  C:1BDDH         LINE#         24
  C:1BDFH         LINE#         25
  C:1BE2H         LINE#         26
  C:1BE5H         LINE#         27
  C:1BE8H         LINE#         28
  C:1BEAH         LINE#         29
  C:1BEDH         LINE#         30
  C:1BF0H         LINE#         31
  C:1BF1H         LINE#         32
  C:1BF2H         LINE#         33
  C:1BF3H         LINE#         34
  C:1BF4H         LINE#         35
  C:1BF5H         LINE#         36
  C:1BF6H         LINE#         37
  C:1BF7H         LINE#         38
  C:1BF8H         LINE#         39
  C:1BF9H         LINE#         40
BL51 BANKED LINKER/LOCATER V6.22                                                      10/04/2019  21:28:59  PAGE 15


  C:1BFAH         LINE#         41
  C:1BFCH         LINE#         42
  C:1BFEH         LINE#         43
  C:1C08H         LINE#         44
  C:1C0AH         LINE#         45
  -------         ENDPROC       _EEPROM_WRITE_BYTE
  -------         PROC          _EEPROM_READ_BYTE
  D:0007H         SYMBOL        addr
  -------         DO            
  D:0007H         SYMBOL        data_buf
  -------         ENDDO         
  C:1E29H         LINE#         47
  C:1E29H         LINE#         49
  C:1E29H         LINE#         51
  C:1E2BH         LINE#         52
  C:1E2EH         LINE#         53
  C:1E3BH         LINE#         54
  C:1E3EH         LINE#         55
  C:1E40H         LINE#         56
  C:1E40H         LINE#         57
  -------         ENDPROC       _EEPROM_READ_BYTE
  -------         ENDMOD        EEPROM

  -------         MODULE        FAN
  C:0000H         SYMBOL        _ICE_DUMMY_
  C:1D8BH         PUBLIC        fan_pwm_start
  D:0080H         PUBLIC        P0
  D:0090H         PUBLIC        P1
  D:00A0H         PUBLIC        P2
  D:00B0H         PUBLIC        P3
  D:00C0H         PUBLIC        P4
  X:009EH         PUBLIC        PWMRD_Temp
  D:00D8H         PUBLIC        P5
  C:0993H         PUBLIC        fan_handle
  D:00A8H         PUBLIC        IE
  D:009BH         PUBLIC        P0PH
  D:00B8H         PUBLIC        IP
  D:0092H         PUBLIC        P1PH
  D:0047H         PUBLIC        fan_judge
  C:1FAFH         PUBLIC        read_fan_speed
  D:0048H         PUBLIC        fan_speed
  D:0098H         PUBLIC        SCON
  D:0088H         PUBLIC        TCON
  B:00C0H.2       PUBLIC        P42
  C:1FACH         PUBLIC        read_power_status
  B:00D8H.3       PUBLIC        P53
  B:00C0H.4       PUBLIC        P44
  D:0049H         PUBLIC        power_status
  D:00D4H         PUBLIC        PWMCFG
  C:14DCH         PUBLIC        fan_task
  D:008CH         PUBLIC        TH0
  C:1F2DH         PUBLIC        power_off
  C:1C8CH         PUBLIC        fan_init
  X:00A0H         PUBLIC        fan_pulse_count
  D:008AH         PUBLIC        TL0
  X:0744H         PUBLIC        PWMRD_42
  D:004AH         PUBLIC        fan_return_pulse_count
BL51 BANKED LINKER/LOCATER V6.22                                                      10/04/2019  21:28:59  PAGE 16


  D:00D3H         PUBLIC        PWMCON
  C:1DDEH         PUBLIC        store_fan_return_pulse
  C:1F6FH         PUBLIC        read_disp_fan_return_pulse
  D:004CH         PUBLIC        disp_fan_return_pulse
  D:009AH         PUBLIC        P0CON
  D:0091H         PUBLIC        P1CON
  D:00C1H         PUBLIC        P4CON
  D:00C8H         PUBLIC        T2CON
  C:1F20H         PUBLIC        regulate_fan_speed
  X:00A2H         PUBLIC        fan_pwm_value
  C:1EF5H         PUBLIC        power_on
  D:004EH         PUBLIC        fan_regulate_flag
  D:00D0H         PUBLIC        PSW
  -------         PROC          READ_POWER_STATUS
  C:1FACH         LINE#         46
  C:1FACH         LINE#         47
  C:1FACH         LINE#         48
  C:1FAEH         LINE#         49
  -------         ENDPROC       READ_POWER_STATUS
  -------         PROC          FAN_INIT
  C:1C8CH         LINE#         51
  C:1C8CH         LINE#         52
  C:1C8CH         LINE#         53
  C:1C8FH         LINE#         54
  C:1C92H         LINE#         55
  C:1C95H         LINE#         57
  C:1C98H         LINE#         58
  C:1C9BH         LINE#         65
  C:1C9EH         LINE#         66
  C:1CA0H         LINE#         67
  C:1CA2H         LINE#         71
  C:1CA5H         LINE#         72
  C:1CA8H         LINE#         74
  C:1CB2H         LINE#         75
  -------         ENDPROC       FAN_INIT
  -------         PROC          FAN_PWM_START
  C:1D8BH         LINE#         79
  C:1D8BH         LINE#         80
  C:1D8BH         LINE#         81
  C:1D8DH         LINE#         83
  C:1D96H         LINE#         84
  C:1DA0H         LINE#         85
  C:1DA7H         LINE#         86
  -------         ENDPROC       FAN_PWM_START
  -------         PROC          REGULATE_FAN_SPEED
  C:1F20H         LINE#         101
  C:1F20H         LINE#         103
  C:1F20H         LINE#         104
  C:1F2CH         LINE#         105
  -------         ENDPROC       REGULATE_FAN_SPEED
  -------         PROC          READ_FAN_SPEED
  C:1FAFH         LINE#         107
  C:1FAFH         LINE#         108
  C:1FAFH         LINE#         109
  C:1FB1H         LINE#         110
  -------         ENDPROC       READ_FAN_SPEED
  -------         PROC          FAN_TASK
BL51 BANKED LINKER/LOCATER V6.22                                                      10/04/2019  21:28:59  PAGE 17


  C:14DCH         LINE#         112
  C:14DCH         LINE#         114
  C:14DCH         LINE#         117
  C:14E4H         LINE#         118
  C:14E4H         LINE#         120
  C:14FBH         LINE#         121
  C:14FBH         LINE#         122
  C:1502H         LINE#         123
  C:1502H         LINE#         124
  C:1510H         LINE#         125
  C:1512H         LINE#         126
  C:1520H         LINE#         128
  C:1523H         LINE#         129
  C:1523H         LINE#         133
  C:1525H         LINE#         135
  C:1525H         LINE#         136
  C:1534H         LINE#         137
  C:1534H         LINE#         138
  C:1540H         LINE#         139
  C:154EH         LINE#         140
  C:154FH         LINE#         142
  C:154FH         LINE#         143
  C:1556H         LINE#         144
  C:155DH         LINE#         145
  C:155FH         LINE#         146
  C:1561H         LINE#         147
  C:1561H         LINE#         148
  C:1561H         LINE#         149
  -------         ENDPROC       FAN_TASK
  -------         PROC          READ_DISP_FAN_RETURN_PULSE
  C:1F6FH         LINE#         151
  C:1F6FH         LINE#         152
  C:1F6FH         LINE#         154
  C:1F77H         LINE#         155
  -------         ENDPROC       READ_DISP_FAN_RETURN_PULSE
  -------         PROC          STORE_FAN_RETURN_PULSE
  C:1DDEH         LINE#         157
  C:1DDEH         LINE#         159
  C:1DDEH         LINE#         162
  C:1DEEH         LINE#         163
  C:1DF1H         LINE#         164
  C:1DF3H         LINE#         165
  C:1DF6H         LINE#         167
  -------         ENDPROC       STORE_FAN_RETURN_PULSE
  -------         PROC          FAN_HANDLE
  C:0993H         LINE#         170
  C:0993H         LINE#         172
  C:0993H         LINE#         174
  C:099AH         LINE#         175
  C:099DH         LINE#         176
  C:09A3H         LINE#         177
  C:09BEH         LINE#         178
  C:09BEH         LINE#         179
  C:09BEH         LINE#         180
  C:09D3H         LINE#         181
  C:09D3H         LINE#         182
  C:09D3H         LINE#         183
BL51 BANKED LINKER/LOCATER V6.22                                                      10/04/2019  21:28:59  PAGE 18


  C:09DEH         LINE#         184
  C:09DEH         LINE#         185
  C:09ECH         LINE#         186
  C:09EEH         LINE#         187
  C:09F1H         LINE#         189
  C:09F1H         LINE#         190
  C:09FCH         LINE#         191
  C:09FCH         LINE#         192
  C:0A0AH         LINE#         193
  C:0A0CH         LINE#         194
  C:0A0FH         LINE#         199
  C:0A0FH         LINE#         200
  C:0A1AH         LINE#         201
  C:0A1AH         LINE#         202
  C:0A28H         LINE#         203
  C:0A2AH         LINE#         204
  C:0A2DH         LINE#         205
  C:0A2DH         LINE#         206
  C:0A38H         LINE#         207
  C:0A38H         LINE#         208
  C:0A46H         LINE#         209
  C:0A48H         LINE#         210
  C:0A4BH         LINE#         211
  C:0A4BH         LINE#         212
  C:0A4BH         LINE#         213
  C:0A4EH         LINE#         214
  C:0A4EH         LINE#         215
  C:0A59H         LINE#         216
  C:0A59H         LINE#         217
  C:0A67H         LINE#         218
  C:0A69H         LINE#         219
  C:0A6CH         LINE#         220
  C:0A6CH         LINE#         221
  C:0A77H         LINE#         222
  C:0A77H         LINE#         223
  C:0A85H         LINE#         224
  C:0A87H         LINE#         225
  C:0A8AH         LINE#         226
  C:0A8AH         LINE#         227
  C:0A8AH         LINE#         229
  C:0A8DH         LINE#         230
  C:0A8DH         LINE#         231
  C:0A8DH         LINE#         232
  C:0A8DH         LINE#         234
  C:0A98H         LINE#         235
  C:0A98H         LINE#         236
  C:0AA5H         LINE#         237
  C:0AA7H         LINE#         238
  C:0AAAH         LINE#         239
  C:0AAAH         LINE#         240
  C:0AB5H         LINE#         241
  C:0AB5H         LINE#         242
  C:0AC2H         LINE#         243
  C:0AC4H         LINE#         244
  C:0AC7H         LINE#         245
  C:0AC7H         LINE#         246
  C:0AC7H         LINE#         248
BL51 BANKED LINKER/LOCATER V6.22                                                      10/04/2019  21:28:59  PAGE 19


  C:0AC9H         LINE#         249
  C:0AC9H         LINE#         251
  C:0AD4H         LINE#         252
  C:0AD4H         LINE#         253
  C:0AE1H         LINE#         254
  C:0AE3H         LINE#         255
  C:0AE5H         LINE#         256
  C:0AE5H         LINE#         257
  C:0AF0H         LINE#         258
  C:0AF0H         LINE#         259
  C:0AFDH         LINE#         260
  C:0AFFH         LINE#         261
  C:0B01H         LINE#         262
  C:0B01H         LINE#         263
  C:0B01H         LINE#         265
  C:0B03H         LINE#         266
  C:0B03H         LINE#         268
  C:0B0EH         LINE#         269
  C:0B0EH         LINE#         270
  C:0B1DH         LINE#         271
  C:0B1FH         LINE#         272
  C:0B21H         LINE#         273
  C:0B21H         LINE#         274
  C:0B2CH         LINE#         275
  C:0B2CH         LINE#         276
  C:0B3FH         LINE#         277
  C:0B41H         LINE#         278
  C:0B43H         LINE#         279
  C:0B46H         LINE#         280
  C:0B46H         LINE#         281
  C:0B46H         LINE#         282
  C:0B46H         LINE#         283
  C:0B46H         LINE#         284
  C:0B46H         LINE#         286
  C:0B4DH         LINE#         287
  C:0B4DH         LINE#         288
  C:0B50H         LINE#         289
  C:0B5EH         LINE#         291
  C:0B5EH         LINE#         292
  C:0B65H         LINE#         293
  C:0B65H         LINE#         294
  C:0B68H         LINE#         295
  C:0B76H         LINE#         296
  C:0B76H         LINE#         297
  C:0B85H         LINE#         298
  C:0B85H         LINE#         299
  C:0B8BH         LINE#         300
  C:0B8BH         LINE#         302
  -------         ENDPROC       FAN_HANDLE
  -------         PROC          POWER_ON
  C:1EF5H         LINE#         305
  C:1EF5H         LINE#         306
  C:1EF5H         LINE#         307
  C:1EF8H         LINE#         308
  C:1EFBH         LINE#         309
  C:1EFEH         LINE#         310
  C:1F01H         LINE#         312
BL51 BANKED LINKER/LOCATER V6.22                                                      10/04/2019  21:28:59  PAGE 20


  C:1F03H         LINE#         313
  -------         ENDPROC       POWER_ON
  -------         PROC          POWER_OFF
  C:1F2DH         LINE#         315
  C:1F2DH         LINE#         316
  C:1F2DH         LINE#         318
  C:1F30H         LINE#         319
  C:1F33H         LINE#         320
  C:1F36H         LINE#         321
  C:1F38H         LINE#         322
  -------         ENDPROC       POWER_OFF
  -------         ENDMOD        FAN

  -------         MODULE        FILTER
  C:0000H         SYMBOL        _ICE_DUMMY_
  D:0080H         PUBLIC        P0
  D:0090H         PUBLIC        P1
  D:00A0H         PUBLIC        P2
  D:00B0H         PUBLIC        P3
  D:00C0H         PUBLIC        P4
  D:00D8H         PUBLIC        P5
  D:00A8H         PUBLIC        IE
  D:00B8H         PUBLIC        IP
  C:1243H         PUBLIC        read_filter_time
  D:0051H         PUBLIC        filter_time
  C:1743H         PUBLIC        filter_task
  C:1CB3H         PUBLIC        filter_init
  C:1B43H         PUBLIC        reset_filter_time
  C:1455H         PUBLIC        write_filter_time
  D:0098H         PUBLIC        SCON
  D:0088H         PUBLIC        TCON
  D:00CFH         PUBLIC        WDTCON
  D:0055H         PUBLIC        filter_out_time_flag
  D:00C8H         PUBLIC        T2CON
  D:00D0H         PUBLIC        PSW
  -------         PROC          FILTER_INIT
  C:1CB3H         LINE#         19
  C:1CB3H         LINE#         20
  C:1CB3H         LINE#         22
  C:1CBEH         LINE#         23
  C:1CD7H         LINE#         24
  -------         ENDPROC       FILTER_INIT
  -------         PROC          FILTER_TASK
  -------         DO            
  D:004FH         SYMBOL        count_1s
  D:0050H         SYMBOL        count2
  -------         ENDDO         
  C:1743H         LINE#         26
  C:1743H         LINE#         28
  C:1743H         LINE#         31
  C:1749H         LINE#         32
  C:174EH         LINE#         33
  C:174EH         LINE#         34
  C:1757H         LINE#         35
  C:1757H         LINE#         36
  C:175AH         LINE#         38
  C:175AH         LINE#         39
BL51 BANKED LINKER/LOCATER V6.22                                                      10/04/2019  21:28:59  PAGE 21


  C:175AH         LINE#         40
  C:1763H         LINE#         41
  C:1763H         LINE#         42
  C:1766H         LINE#         43
  C:177AH         LINE#         44
  C:177AH         LINE#         45
  C:1781H         LINE#         46
  C:1784H         LINE#         47
  C:1785H         LINE#         48
  C:179EH         LINE#         50
  C:179EH         LINE#         51
  -------         ENDPROC       FILTER_TASK
  -------         PROC          WRITE_FILTER_TIME
  -------         DO            
  D:0008H         SYMBOL        tmp
  -------         ENDDO         
  C:1455H         LINE#         53
  C:1455H         LINE#         54
  C:1455H         LINE#         56
  C:1465H         LINE#         60
  C:1468H         LINE#         61
  C:1473H         LINE#         64
  C:1488H         LINE#         65
  C:148BH         LINE#         66
  C:1496H         LINE#         67
  C:14ABH         LINE#         68
  C:14AEH         LINE#         69
  C:14B9H         LINE#         70
  C:14CEH         LINE#         71
  C:14D1H         LINE#         72
  -------         ENDPROC       WRITE_FILTER_TIME
  -------         PROC          READ_FILTER_TIME
  -------         DO            
  D:0008H         SYMBOL        temp
  -------         ENDDO         
  C:1243H         LINE#         78
  C:1243H         LINE#         79
  C:1243H         LINE#         80
  C:124CH         LINE#         85
  C:124FH         LINE#         86
  C:125DH         LINE#         87
  C:1270H         LINE#         88
  C:1273H         LINE#         89
  C:1290H         LINE#         90
  C:12A4H         LINE#         91
  C:12A7H         LINE#         92
  C:12C4H         LINE#         93
  C:12D8H         LINE#         94
  C:12DBH         LINE#         95
  C:12F8H         LINE#         97
  C:12FFH         LINE#         98
  -------         ENDPROC       READ_FILTER_TIME
  -------         PROC          RESET_FILTER_TIME
  C:1B43H         LINE#         102
  C:1B43H         LINE#         103
  C:1B43H         LINE#         105
  C:1B46H         LINE#         106
BL51 BANKED LINKER/LOCATER V6.22                                                      10/04/2019  21:28:59  PAGE 22


  C:1B4DH         LINE#         107
  C:1B50H         LINE#         108
  C:1B57H         LINE#         109
  C:1B5AH         LINE#         110
  C:1B61H         LINE#         111
  C:1B64H         LINE#         112
  C:1B6BH         LINE#         125
  C:1B74H         LINE#         126
  C:1B76H         LINE#         129
  -------         ENDPROC       RESET_FILTER_TIME
  -------         ENDMOD        FILTER

  -------         MODULE        ION
  C:0000H         SYMBOL        _ICE_DUMMY_
  D:0080H         PUBLIC        P0
  D:0090H         PUBLIC        P1
  D:00A0H         PUBLIC        P2
  D:00B0H         PUBLIC        P3
  D:00C0H         PUBLIC        P4
  D:00D8H         PUBLIC        P5
  C:1FB5H         PUBLIC        ion_on
  D:00A8H         PUBLIC        IE
  D:00B8H         PUBLIC        IP
  D:0098H         PUBLIC        SCON
  D:0088H         PUBLIC        TCON
  B:0090H.7       PUBLIC        P17
  C:1FB2H         PUBLIC        ion_init
  C:1FB8H         PUBLIC        ion_off
  D:00C8H         PUBLIC        T2CON
  D:00D0H         PUBLIC        PSW
  -------         PROC          ION_INIT
  C:1FB2H         LINE#         10
  C:1FB2H         LINE#         11
  C:1FB2H         LINE#         15
  -------         ENDPROC       ION_INIT
  -------         PROC          ION_ON
  C:1FB5H         LINE#         18
  C:1FB5H         LINE#         19
  C:1FB5H         LINE#         20
  C:1FB7H         LINE#         21
  -------         ENDPROC       ION_ON
  -------         PROC          ION_OFF
  C:1FB8H         LINE#         23
  C:1FB8H         LINE#         24
  C:1FB8H         LINE#         25
  C:1FBAH         LINE#         26
  -------         ENDPROC       ION_OFF
  -------         ENDMOD        ION

  -------         MODULE        KEY
  C:0000H         SYMBOL        _ICE_DUMMY_
  D:0021H         PUBLIC        key_ion_count
  D:0080H         PUBLIC        P0
  D:0090H         PUBLIC        P1
  D:00A0H         PUBLIC        P2
  D:00B0H         PUBLIC        P3
  D:00C0H         PUBLIC        P4
BL51 BANKED LINKER/LOCATER V6.22                                                      10/04/2019  21:28:59  PAGE 23


  D:00D8H         PUBLIC        P5
  D:0023H         PUBLIC        exKeyValueFlag
  C:1F65H         PUBLIC        read_unlock_flag
  D:00A8H         PUBLIC        IE
  C:1FBBH         PUBLIC        key_ion_com
  D:00B8H         PUBLIC        IP
  C:1DC4H         PUBLIC        Sys_Scan
  D:0098H         PUBLIC        SCON
  D:0088H         PUBLIC        TCON
  B:0090H.7       PUBLIC        P17
  D:0027H         PUBLIC        key_flag
  D:0028H         PUBLIC        key_speed_count
  D:002AH         PUBLIC        key_timer_count
  C:1FBEH         PUBLIC        key_speed_com
  C:0B8CH         PUBLIC        key_task
  C:1F99H         PUBLIC        key_init
  D:002CH         PUBLIC        key_lock_count
  D:00C8H         PUBLIC        T2CON
  D:002EH         PUBLIC        key_power_count
  D:0030H         PUBLIC        key_arom_count
  C:1FD1H         PUBLIC        key_timer_com
  C:1FC1H         PUBLIC        key_speed_long_com
  C:1DF7H         PUBLIC        key_lock_com
  D:00D0H         PUBLIC        PSW
  C:1EE5H         PUBLIC        key_power_com
  C:1FD2H         PUBLIC        key_arom_com
  -------         PROC          SYS_SCAN
  C:1DC4H         LINE#         45
  C:1DC4H         LINE#         46
  C:1DC4H         LINE#         47
  C:1DCCH         LINE#         48
  C:1DCCH         LINE#         49
  C:1DCFH         LINE#         50
  C:1DDAH         LINE#         51
  C:1DDDH         LINE#         52
  C:1DDDH         LINE#         53
  -------         ENDPROC       SYS_SCAN
  -------         PROC          KEY_INIT
  C:1F99H         LINE#         55
  C:1F99H         LINE#         56
  C:1F99H         LINE#         57
  C:1F9CH         LINE#         58
  -------         ENDPROC       KEY_INIT
  -------         PROC          KEY_TASK
  C:0B8CH         LINE#         68
  C:0B8CH         LINE#         70
  C:0B8CH         LINE#         71
  C:0BA4H         LINE#         72
  C:0BA4H         LINE#         73
  C:0BA9H         LINE#         74
  C:0BA9H         LINE#         75
  C:0BBAH         LINE#         76
  C:0BBAH         LINE#         77
  C:0BBDH         LINE#         78
  C:0BC0H         LINE#         79
  C:0BC0H         LINE#         80
  C:0BC0H         LINE#         81
BL51 BANKED LINKER/LOCATER V6.22                                                      10/04/2019  21:28:59  PAGE 24


  C:0BC2H         LINE#         83
  C:0BC2H         LINE#         84
  C:0BC5H         LINE#         85
  C:0BCAH         LINE#         86
  C:0BCAH         LINE#         90
  C:0BD3H         LINE#         92
  C:0BEBH         LINE#         93
  C:0BEBH         LINE#         94
  C:0BF0H         LINE#         95
  C:0BF0H         LINE#         96
  C:0C01H         LINE#         97
  C:0C01H         LINE#         98
  C:0C04H         LINE#         99
  C:0C07H         LINE#         100
  C:0C07H         LINE#         101
  C:0C07H         LINE#         102
  C:0C09H         LINE#         104
  C:0C09H         LINE#         105
  C:0C1EH         LINE#         106
  C:0C1EH         LINE#         107
  C:0C21H         LINE#         108
  C:0C21H         LINE#         109
  C:0C24H         LINE#         110
  C:0C29H         LINE#         111
  C:0C29H         LINE#         113
  C:0C41H         LINE#         114
  C:0C41H         LINE#         115
  C:0C46H         LINE#         116
  C:0C46H         LINE#         117
  C:0C57H         LINE#         118
  C:0C57H         LINE#         119
  C:0C5AH         LINE#         120
  C:0C5DH         LINE#         121
  C:0C5DH         LINE#         122
  C:0C5DH         LINE#         123
  C:0C5FH         LINE#         125
  C:0C5FH         LINE#         126
  C:0C62H         LINE#         127
  C:0C67H         LINE#         128
  C:0C67H         LINE#         130
  C:0C7FH         LINE#         131
  C:0C7FH         LINE#         132
  C:0C84H         LINE#         133
  C:0C84H         LINE#         134
  C:0C95H         LINE#         135
  C:0C95H         LINE#         136
  C:0C98H         LINE#         137
  C:0C9BH         LINE#         138
  C:0C9BH         LINE#         139
  C:0C9BH         LINE#         140
  C:0C9DH         LINE#         142
  C:0C9DH         LINE#         143
  C:0CA0H         LINE#         144
  C:0CA5H         LINE#         145
  C:0CA5H         LINE#         147
  C:0CBDH         LINE#         148
  C:0CBDH         LINE#         149
BL51 BANKED LINKER/LOCATER V6.22                                                      10/04/2019  21:28:59  PAGE 25


  C:0CC2H         LINE#         150
  C:0CC2H         LINE#         151
  C:0CD3H         LINE#         152
  C:0CD3H         LINE#         153
  C:0CD6H         LINE#         154
  C:0CD9H         LINE#         155
  C:0CD9H         LINE#         156
  C:0CD9H         LINE#         157
  C:0CDBH         LINE#         159
  C:0CDBH         LINE#         160
  C:0CDEH         LINE#         161
  C:0CE3H         LINE#         162
  C:0CE3H         LINE#         163
  C:0CFBH         LINE#         164
  C:0CFBH         LINE#         165
  C:0D00H         LINE#         166
  C:0D00H         LINE#         167
  C:0D11H         LINE#         168
  C:0D11H         LINE#         169
  C:0D14H         LINE#         170
  C:0D17H         LINE#         171
  C:0D17H         LINE#         172
  C:0D17H         LINE#         173
  C:0D17H         LINE#         175
  C:0D17H         LINE#         176
  C:0D1AH         LINE#         177
  C:0D1FH         LINE#         178
  C:0D1FH         LINE#         179
  -------         ENDPROC       KEY_TASK
  -------         PROC          KEY_ION_COM
  C:1FBBH         LINE#         181
  C:1FBBH         LINE#         182
  C:1FBBH         LINE#         183
  C:1FBDH         LINE#         184
  -------         ENDPROC       KEY_ION_COM
  -------         PROC          KEY_TIMER_COM
  C:1FD1H         LINE#         186
  C:1FD1H         LINE#         187
  C:1FD1H         LINE#         189
  -------         ENDPROC       KEY_TIMER_COM
  -------         PROC          KEY_AROM_COM
  C:1FD2H         LINE#         191
  C:1FD2H         LINE#         192
  C:1FD2H         LINE#         194
  -------         ENDPROC       KEY_AROM_COM
  -------         PROC          KEY_LOCK_COM
  C:1DF7H         LINE#         196
  C:1DF7H         LINE#         197
  C:1DF7H         LINE#         199
  C:1E0FH         LINE#         200
  -------         ENDPROC       KEY_LOCK_COM
  -------         PROC          READ_UNLOCK_FLAG
  C:1F65H         LINE#         202
  C:1F65H         LINE#         203
  C:1F65H         LINE#         204
  C:1F6EH         LINE#         205
  -------         ENDPROC       READ_UNLOCK_FLAG
BL51 BANKED LINKER/LOCATER V6.22                                                      10/04/2019  21:28:59  PAGE 26


  -------         PROC          KEY_SPEED_COM
  C:1FBEH         LINE#         207
  C:1FBEH         LINE#         208
  C:1FBEH         LINE#         209
  -------         ENDPROC       KEY_SPEED_COM
  -------         PROC          KEY_SPEED_LONG_COM
  C:1FC1H         LINE#         212
  C:1FC1H         LINE#         214
  C:1FC1H         LINE#         215
  -------         ENDPROC       KEY_SPEED_LONG_COM
  -------         PROC          KEY_POWER_COM
  C:1EE5H         LINE#         238
  C:1EE5H         LINE#         239
  C:1EE5H         LINE#         242
  C:1EEBH         LINE#         243
  C:1EEBH         LINE#         244
  C:1EEEH         LINE#         252
  C:1EF1H         LINE#         253
  C:1EF1H         LINE#         255
  C:1EF1H         LINE#         256
  C:1EF4H         LINE#         257
  C:1EF4H         LINE#         258
  -------         ENDPROC       KEY_POWER_COM
  -------         ENDMOD        KEY

  -------         MODULE        LED
  C:0000H         SYMBOL        _ICE_DUMMY_
  D:0080H         PUBLIC        P0
  D:0090H         PUBLIC        P1
  D:00A0H         PUBLIC        P2
  D:00B0H         PUBLIC        P3
  C:1ED4H         PUBLIC        led_display_unlock
  D:00C0H         PUBLIC        P4
  D:008FH         PUBLIC        OTCON
  D:00D8H         PUBLIC        P5
  D:00A8H         PUBLIC        IE
  D:00B8H         PUBLIC        IP
  C:16E0H         PUBLIC        led_display_mode
  C:04A8H         PUBLIC        _led_display_bcd
  D:009CH         PUBLIC        P0VO
  D:0094H         PUBLIC        P1VO
  D:00A3H         PUBLIC        P2VO
  D:00B3H         PUBLIC        P3VO
  C:1D22H         PUBLIC        led_display_dust_level
  D:0098H         PUBLIC        SCON
  B:00D8H.0       PUBLIC        P50
  D:0088H         PUBLIC        TCON
  B:00D8H.1       PUBLIC        P51
  X:0700H         PUBLIC        LEDRAM
  B:00D8H.2       PUBLIC        P52
  B:0090H.7       PUBLIC        P17
  C:193DH         PUBLIC        led_display_pm25
  C:1F04H         PUBLIC        led_display_ion
  D:0093H         PUBLIC        DDRCON
  C:1E6FH         PUBLIC        led_task
  C:1A55H         PUBLIC        led_init
  C:1A15H         PUBLIC        led_off
BL51 BANKED LINKER/LOCATER V6.22                                                      10/04/2019  21:28:59  PAGE 27


  D:00D9H         PUBLIC        P5CON
  D:00C8H         PUBLIC        T2CON
  C:1F9DH         PUBLIC        led_on
  D:00D0H         PUBLIC        PSW
  -------         PROC          LED_INIT
  C:1A55H         LINE#         19
  C:1A55H         LINE#         20
  C:1A55H         LINE#         21
  C:1A58H         LINE#         22
  C:1A5BH         LINE#         23
  C:1A5DH         LINE#         24
  C:1A5FH         LINE#         25
  C:1A61H         LINE#         27
  C:1A64H         LINE#         32
  C:1A67H         LINE#         33
  C:1A6AH         LINE#         34
  C:1A6DH         LINE#         36
  C:1A70H         LINE#         38
  C:1A73H         LINE#         40
  C:1A7AH         LINE#         42
  C:1A7FH         LINE#         44
  C:1A84H         LINE#         46
  C:1A89H         LINE#         48
  C:1A8EH         LINE#         50
  C:1A93H         LINE#         51
  -------         ENDPROC       LED_INIT
  -------         PROC          LED_TASK
  C:1E6FH         LINE#         53
  C:1E6FH         LINE#         55
  C:1E6FH         LINE#         56
  C:1E75H         LINE#         57
  C:1E75H         LINE#         59
  C:1E75H         LINE#         60
  C:1E78H         LINE#         61
  C:1E7BH         LINE#         62
  C:1E7EH         LINE#         63
  C:1E81H         LINE#         64
  C:1E84H         LINE#         65
  -------         ENDPROC       LED_TASK
  -------         PROC          LED_OFF
  C:1A15H         LINE#         67
  C:1A15H         LINE#         68
  C:1A15H         LINE#         70
  C:1A17H         LINE#         71
  C:1A19H         LINE#         72
  C:1A1BH         LINE#         74
  C:1A22H         LINE#         75
  C:1A27H         LINE#         76
  C:1A2CH         LINE#         77
  C:1A31H         LINE#         79
  C:1A36H         LINE#         81
  C:1A3BH         LINE#         83
  C:1A40H         LINE#         85
  C:1A45H         LINE#         87
  C:1A4AH         LINE#         89
  C:1A4FH         LINE#         91
  C:1A54H         LINE#         93
BL51 BANKED LINKER/LOCATER V6.22                                                      10/04/2019  21:28:59  PAGE 28


  -------         ENDPROC       LED_OFF
  -------         PROC          LED_ON
  C:1F9DH         LINE#         95
  C:1F9DH         LINE#         96
  C:1F9DH         LINE#         97
  C:1FA0H         LINE#         98
  -------         ENDPROC       LED_ON
  -------         PROC          LED_DISPLAY_PM25
  -------         DO            
  D:0008H         SYMBOL        tmp_dust_display_value
  -------         ENDDO         
  C:193DH         LINE#         101
  C:193DH         LINE#         102
  C:193DH         LINE#         104
  C:1944H         LINE#         105
  C:1950H         LINE#         106
  C:196DH         LINE#         107
  C:197FH         LINE#         108
  C:1986H         LINE#         109
  -------         ENDPROC       LED_DISPLAY_PM25
  -------         PROC          LED_DISPLAY_DUST_LEVEL
  C:1D22H         LINE#         111
  C:1D22H         LINE#         112
  C:1D22H         LINE#         113
  C:1D2FH         LINE#         114
  C:1D2FH         LINE#         115
  C:1D2FH         LINE#         116
  C:1D2FH         LINE#         117
  C:1D2FH         LINE#         118
  C:1D2FH         LINE#         119
  C:1D31H         LINE#         120
  C:1D31H         LINE#         121
  C:1D33H         LINE#         122
  C:1D35H         LINE#         123
  C:1D37H         LINE#         124
  C:1D38H         LINE#         125
  C:1D38H         LINE#         126
  C:1D3AH         LINE#         127
  C:1D3CH         LINE#         128
  C:1D3EH         LINE#         129
  C:1D3FH         LINE#         130
  C:1D41H         LINE#         132
  C:1D43H         LINE#         133
  C:1D45H         LINE#         134
  C:1D45H         LINE#         135
  C:1D45H         LINE#         136
  -------         ENDPROC       LED_DISPLAY_DUST_LEVEL
  -------         PROC          LED_DISPLAY_UNLOCK
  C:1ED4H         LINE#         138
  C:1ED4H         LINE#         139
  C:1ED4H         LINE#         140
  C:1EDDH         LINE#         141
  C:1EDDH         LINE#         142
  C:1EE0H         LINE#         143
  C:1EE1H         LINE#         145
  C:1EE1H         LINE#         146
  C:1EE4H         LINE#         147
BL51 BANKED LINKER/LOCATER V6.22                                                      10/04/2019  21:28:59  PAGE 29


  C:1EE4H         LINE#         148
  -------         ENDPROC       LED_DISPLAY_UNLOCK
  -------         PROC          LED_DISPLAY_ION
  C:1F04H         LINE#         150
  C:1F04H         LINE#         151
  C:1F04H         LINE#         152
  C:1F0BH         LINE#         153
  C:1F0BH         LINE#         154
  C:1F0EH         LINE#         155
  C:1F0FH         LINE#         157
  C:1F0FH         LINE#         158
  C:1F12H         LINE#         159
  C:1F12H         LINE#         160
  -------         ENDPROC       LED_DISPLAY_ION
  -------         PROC          LED_DISPLAY_MODE
  C:16E0H         LINE#         162
  C:16E0H         LINE#         164
  C:16E0H         LINE#         165
  C:16EFH         LINE#         166
  C:16EFH         LINE#         167
  C:16EFH         LINE#         168
  C:16EFH         LINE#         170
  C:16EFH         LINE#         172
  C:16EFH         LINE#         174
  C:16EFH         LINE#         175
  C:16F1H         LINE#         176
  C:16F1H         LINE#         177
  C:16F8H         LINE#         179
  C:16FDH         LINE#         181
  C:1701H         LINE#         183
  C:1701H         LINE#         184
  C:1703H         LINE#         185
  C:1703H         LINE#         186
  C:170AH         LINE#         188
  C:170FH         LINE#         190
  C:1713H         LINE#         192
  C:1713H         LINE#         193
  C:1715H         LINE#         194
  C:1715H         LINE#         195
  C:171CH         LINE#         197
  C:1721H         LINE#         199
  C:1726H         LINE#         201
  C:172BH         LINE#         202
  C:172CH         LINE#         203
  C:1733H         LINE#         206
  C:1738H         LINE#         208
  C:173DH         LINE#         210
  C:1742H         LINE#         211
  C:1742H         LINE#         212
  C:1742H         LINE#         213
  -------         ENDPROC       LED_DISPLAY_MODE
  -------         PROC          _LED_DISPLAY_BCD
  D:0007H         SYMBOL        bcd_value
  D:0005H         SYMBOL        digit
  C:04A8H         LINE#         215
  C:04A8H         LINE#         217
  C:04A8H         LINE#         218
BL51 BANKED LINKER/LOCATER V6.22                                                      10/04/2019  21:28:59  PAGE 30


  C:04D6H         LINE#         219
  C:04D6H         LINE#         220
  C:04D6H         LINE#         221
  C:04EDH         LINE#         223
  C:04F1H         LINE#         225
  C:0504H         LINE#         227
  C:0504H         LINE#         229
  C:0504H         LINE#         231
  C:0504H         LINE#         233
  C:0504H         LINE#         235
  C:0507H         LINE#         236
  C:0507H         LINE#         237
  C:051FH         LINE#         239
  C:0523H         LINE#         241
  C:0527H         LINE#         243
  C:052BH         LINE#         245
  C:052FH         LINE#         247
  C:0542H         LINE#         249
  C:0542H         LINE#         251
  C:0545H         LINE#         252
  C:0545H         LINE#         253
  C:055BH         LINE#         255
  C:0564H         LINE#         257
  C:0578H         LINE#         259
  C:057CH         LINE#         261
  C:0580H         LINE#         263
  C:0583H         LINE#         265
  C:0583H         LINE#         267
  C:0586H         LINE#         268
  C:0586H         LINE#         269
  C:059CH         LINE#         271
  C:05A5H         LINE#         273
  C:05A9H         LINE#         275
  C:05B7H         LINE#         277
  C:05B7H         LINE#         279
  C:05B7H         LINE#         281
  C:05B7H         LINE#         283
  C:05BAH         LINE#         284
  C:05BAH         LINE#         285
  C:05D0H         LINE#         287
  C:05D4H         LINE#         289
  C:05DDH         LINE#         291
  C:05E1H         LINE#         293
  C:05F5H         LINE#         295
  C:05F9H         LINE#         297
  C:0602H         LINE#         299
  C:0603H         LINE#         300
  C:0603H         LINE#         301
  C:0619H         LINE#         303
  C:061DH         LINE#         305
  C:0626H         LINE#         307
  C:063AH         LINE#         309
  C:063EH         LINE#         311
  C:0642H         LINE#         313
  C:0646H         LINE#         315
  C:0647H         LINE#         316
  C:0647H         LINE#         317
BL51 BANKED LINKER/LOCATER V6.22                                                      10/04/2019  21:28:59  PAGE 31


  C:065DH         LINE#         319
  C:0661H         LINE#         321
  C:0665H         LINE#         323
  C:0669H         LINE#         325
  C:066DH         LINE#         327
  C:0676H         LINE#         329
  C:0689H         LINE#         331
  C:068AH         LINE#         332
  C:068AH         LINE#         333
  C:06A2H         LINE#         335
  C:06A6H         LINE#         337
  C:06AAH         LINE#         339
  C:06AEH         LINE#         341
  C:06B2H         LINE#         343
  C:06C5H         LINE#         345
  C:06C5H         LINE#         347
  C:06C7H         LINE#         348
  C:06C7H         LINE#         349
  C:06DDH         LINE#         351
  C:06E1H         LINE#         353
  C:06E5H         LINE#         355
  C:06E9H         LINE#         357
  C:06EDH         LINE#         359
  C:06F0H         LINE#         361
  C:06F0H         LINE#         363
  C:06F2H         LINE#         364
  C:06F2H         LINE#         365
  C:0708H         LINE#         367
  C:070CH         LINE#         369
  C:0715H         LINE#         371
  C:0729H         LINE#         373
  C:072DH         LINE#         375
  C:0731H         LINE#         377
  C:0735H         LINE#         379
  C:0735H         LINE#         380
  C:0735H         LINE#         381
  C:0735H         LINE#         382
  C:0735H         LINE#         383
  -------         ENDPROC       _LED_DISPLAY_BCD
  -------         ENDMOD        LED

  -------         MODULE        MAIN
  C:0000H         SYMBOL        _ICE_DUMMY_
  D:0080H         PUBLIC        P0
  D:0090H         PUBLIC        P1
  D:00A0H         PUBLIC        P2
  D:008EH         PUBLIC        TMCON
  D:00B0H         PUBLIC        P3
  D:00C0H         PUBLIC        P4
  D:00D8H         PUBLIC        P5
  D:0032H         PUBLIC        task_100ms_flag
  B:00A8H.7       PUBLIC        EA
  C:1E85H         PUBLIC        task_100ms
  D:00A8H         PUBLIC        IE
  D:0033H         PUBLIC        task_100ms_count
  D:00B8H         PUBLIC        IP
  C:1C37H         PUBLIC        TimerInit
BL51 BANKED LINKER/LOCATER V6.22                                                      10/04/2019  21:28:59  PAGE 32


  D:00CBH         PUBLIC        RCAP2H
  D:0034H         PUBLIC        task_1ms_flag
  D:00CAH         PUBLIC        RCAP2L
  C:1B0CH         PUBLIC        main
  C:1EAFH         PUBLIC        task_1ms
  D:0035H         PUBLIC        Timercount
  D:0098H         PUBLIC        SCON
  D:0036H         PUBLIC        task_1ms_count
  D:0088H         PUBLIC        TCON
  D:0089H         PUBLIC        TMOD
  C:1C63H         PUBLIC        Sys_Init
  D:0037H         PUBLIC        task_1s_flag
  B:00D8H.2       PUBLIC        P52
  B:00D8H.4       PUBLIC        P54
  C:1FD4H         PUBLIC        task_1s
  D:0038H         PUBLIC        task_1s_count
  D:0039H         PUBLIC        fan_count_1s
  B:00A8H.1       PUBLIC        ET0
  B:00A8H.3       PUBLIC        ET1
  B:00A8H.5       PUBLIC        ET2
  B:00C8H.7       PUBLIC        TF2
  D:008DH         PUBLIC        TH1
  D:003BH         PUBLIC        dust_count
  D:00CFH         PUBLIC        WDTCON
  D:008BH         PUBLIC        TL1
  C:1FD3H         PUBLIC        timer0
  C:1A94H         PUBLIC        timer1
  D:003CH         PUBLIC        task_10ms_flag
  B:0088H.4       PUBLIC        TR0
  B:0088H.6       PUBLIC        TR1
  C:1E41H         PUBLIC        task_10ms
  B:00C8H.2       PUBLIC        TR2
  D:0091H         PUBLIC        P1CON
  C:15E2H         PUBLIC        Timer2Int
  D:00B1H         PUBLIC        P3CON
  D:003DH         PUBLIC        task_10ms_count
  C:1F78H         PUBLIC        timer1_start
  D:00C9H         PUBLIC        T2MOD
  D:00C8H         PUBLIC        T2CON
  B:0020H.2       PUBLIC        TimerFlag_1ms
  D:00D0H         PUBLIC        PSW
  -------         PROC          TIMERINIT
  C:1C37H         LINE#         60
  C:1C37H         LINE#         61
  C:1C37H         LINE#         62
  C:1C3AH         LINE#         63
  C:1C3DH         LINE#         64
  C:1C40H         LINE#         65
  C:1C43H         LINE#         66
  C:1C45H         LINE#         67
  C:1C47H         LINE#         69
  C:1C4AH         LINE#         71
  C:1C4DH         LINE#         72
  C:1C4FH         LINE#         73
  C:1C52H         LINE#         74
  C:1C55H         LINE#         75
  C:1C57H         LINE#         76
BL51 BANKED LINKER/LOCATER V6.22                                                      10/04/2019  21:28:59  PAGE 33


  C:1C59H         LINE#         77
  C:1C5BH         LINE#         81
  C:1C5EH         LINE#         85
  C:1C60H         LINE#         86
  C:1C62H         LINE#         90
  -------         ENDPROC       TIMERINIT
  -------         PROC          TIMER1_START
  C:1F78H         LINE#         92
  C:1F78H         LINE#         93
  C:1F78H         LINE#         94
  C:1F7BH         LINE#         95
  C:1F7EH         LINE#         96
  C:1F80H         LINE#         97
  -------         ENDPROC       TIMER1_START
  -------         PROC          TIMER0
  C:1FD3H         LINE#         104
  C:1FD3H         LINE#         119
  -------         ENDPROC       TIMER0
  -------         PROC          TIMER2INT
  C:15E2H         LINE#         122
  C:15FFH         LINE#         126
  C:1601H         LINE#         127
  C:1603H         LINE#         128
  C:160CH         LINE#         129
  C:1613H         LINE#         130
  C:1615H         LINE#         131
  C:1618H         LINE#         132
  C:161BH         LINE#         133
  C:161BH         LINE#         134
  C:161DH         LINE#         135
  C:162CH         LINE#         136
  C:163DH         LINE#         137
  C:163DH         LINE#         138
  C:1643H         LINE#         140
  C:1646H         LINE#         141
  C:1646H         LINE#         142
  -------         ENDPROC       TIMER2INT
  -------         PROC          SYS_INIT
  C:1C63H         LINE#         150
  C:1C63H         LINE#         151
  C:1C63H         LINE#         152
  C:1C66H         LINE#         155
[...]


  C:01A7H         LINE#         379
  C:01AEH         LINE#         380
  C:01AEH         LINE#         381
  C:01B4H         LINE#         382
  C:01B4H         LINE#         383
  C:01B4H         LINE#         384
  C:01C4H         LINE#         385
  C:01C4H         LINE#         386
  C:01C7H         LINE#         388
  C:01CDH         LINE#         389
  C:01CDH         LINE#         390
  C:01D6H         LINE#         391
  C:01D6H         LINE#         392
  C:01DCH         LINE#         393
  C:01DCH         LINE#         394
  C:01E7H         LINE#         395
  C:01E7H         LINE#         396
  C:01EAH         LINE#         397
  C:01ECH         LINE#         398
  C:01ECH         LINE#         399
  C:01ECH         LINE#         400
  C:01F0H         LINE#         401
  C:01F6H         LINE#         402
  C:01F6H         LINE#         403
  C:01FAH         LINE#         404
  C:01FAH         LINE#         405
  C:0203H         LINE#         406
  C:0203H         LINE#         407
  C:0209H         LINE#         408
  C:0209H         LINE#         409
  C:0218H         LINE#         410
  C:0218H         LINE#         411
  C:0218H         LINE#         412
  C:021AH         LINE#         413
  C:021AH         LINE#         414
  C:021AH         LINE#         415
  C:021EH         LINE#         416
  C:021EH         LINE#         417
  C:021EH         LINE#         418
  C:021EH         LINE#         420
  C:021EH         LINE#         421
  C:0224H         LINE#         422
  C:0224H         LINE#         423
  C:0226H         LINE#         424
  C:022FH         LINE#         425
  C:022FH         LINE#         426
  C:0238H         LINE#         427
  C:0238H         LINE#         428
  C:023AH         LINE#         429
  C:023AH         LINE#         430
  C:023EH         LINE#         431
  C:0245H         LINE#         432
  C:0245H         LINE#         433
  C:0248H         LINE#         434
  C:0248H         LINE#         435
  C:0248H         LINE#         436
  C:0248H         LINE#         438
BL51 BANKED LINKER/LOCATER V6.22                                                      10/04/2019  21:28:59  PAGE 41


  C:024DH         LINE#         439
  C:024DH         LINE#         440
  C:024FH         LINE#         441
  C:024FH         LINE#         442
  C:026AH         LINE#         443
  C:026AH         LINE#         444
  C:026AH         LINE#         447
  C:026FH         LINE#         448
  C:0274H         LINE#         449
  C:027BH         LINE#         450
  C:0284H         LINE#         451
  C:0287H         LINE#         454
  C:0287H         LINE#         455
  C:0291H         LINE#         456
  C:0291H         LINE#         457
  C:0291H         LINE#         458
  C:0291H         LINE#         459
  C:0297H         LINE#         460
  C:0297H         LINE#         461
  C:0299H         LINE#         463
  C:0299H         LINE#         464
  C:029FH         LINE#         465
  C:02A4H         LINE#         466
  C:02A4H         LINE#         468
  C:02BDH         LINE#         469
  C:02BDH         LINE#         470
  C:02C1H         LINE#         471
  C:02C4H         LINE#         472
  C:02CCH         LINE#         473
  C:02CCH         LINE#         474
  C:02D7H         LINE#         475
  C:02E7H         LINE#         476
  C:02E7H         LINE#         477
  C:02EEH         LINE#         478
  C:02EEH         LINE#         479
  C:02F0H         LINE#         480
  C:030AH         LINE#         481
  C:030AH         LINE#         482
  C:0314H         LINE#         483
  C:031BH         LINE#         484
  C:031BH         LINE#         485
  C:031BH         LINE#         486
  C:031EH         LINE#         487
  C:0339H         LINE#         488
  C:0339H         LINE#         489
  C:033CH         LINE#         490
  C:0341H         LINE#         491
  C:034EH         LINE#         492
  C:034EH         LINE#         494
  C:0354H         LINE#         495
  C:0354H         LINE#         496
  C:0359H         LINE#         497
  C:035BH         LINE#         498
  C:0360H         LINE#         499
  C:0362H         LINE#         501
  C:0362H         LINE#         502
  C:0385H         LINE#         503
BL51 BANKED LINKER/LOCATER V6.22                                                      10/04/2019  21:28:59  PAGE 42


  C:0385H         LINE#         504
  C:0385H         LINE#         505
  C:038DH         LINE#         506
  C:038DH         LINE#         507
  C:0390H         LINE#         508
  C:0390H         LINE#         509
  C:0393H         LINE#         510
  C:039BH         LINE#         511
  C:039BH         LINE#         512
  C:039EH         LINE#         513
  C:03A3H         LINE#         514
  C:03A3H         LINE#         515
  C:03A6H         LINE#         516
  C:03ADH         LINE#         517
  C:03ADH         LINE#         518
  C:03B2H         LINE#         519
  C:03CAH         LINE#         520
  C:03CAH         LINE#         521
  C:03CAH         LINE#         522
  C:03CAH         LINE#         525
  C:03D5H         LINE#         526
  C:03D5H         LINE#         527
  C:03F3H         LINE#         528
  C:03F3H         LINE#         529
  C:03F9H         LINE#         530
  C:03FEH         LINE#         531
  C:0408H         LINE#         532
  C:0408H         LINE#         533
  C:0411H         LINE#         534
  C:0413H         LINE#         535
  C:0417H         LINE#         536
  C:041EH         LINE#         537
  C:041EH         LINE#         538
  C:0424H         LINE#         539
  C:0424H         LINE#         540
  C:042DH         LINE#         541
  C:042DH         LINE#         542
  C:0432H         LINE#         543
  C:0454H         LINE#         544
  C:0461H         LINE#         545
  C:0461H         LINE#         546
  C:0462H         LINE#         548
  C:0462H         LINE#         549
  C:0468H         LINE#         550
  C:0468H         LINE#         551
  C:0469H         LINE#         553
  C:0469H         LINE#         554
  C:0470H         LINE#         556
  C:0475H         LINE#         557
  C:0475H         LINE#         558
  C:047AH         LINE#         559
  C:047AH         LINE#         561
  C:0481H         LINE#         562
  C:0481H         LINE#         564
  C:0481H         LINE#         566
  C:048AH         LINE#         567
  C:048AH         LINE#         569
BL51 BANKED LINKER/LOCATER V6.22                                                      10/04/2019  21:28:59  PAGE 43


  C:048AH         LINE#         571
  C:0494H         LINE#         572
  C:0494H         LINE#         573
  C:049AH         LINE#         574
  C:049AH         LINE#         575
  C:049DH         LINE#         576
  C:049DH         LINE#         577
  C:04A1H         LINE#         578
  C:04A5H         LINE#         579
  C:04A5H         LINE#         580
  C:04A7H         LINE#         581
  C:04A7H         LINE#         582
  C:04A7H         LINE#         584
  C:04A7H         LINE#         585
  -------         ENDPROC       _SENSORRENOVATE
  -------         PROC          FILTERIIRINIT
  -------         DO            
  D:0007H         SYMBOL        i
  -------         ENDDO         
  C:1D6AH         LINE#         593
  C:1D6AH         LINE#         594
  C:1D6AH         LINE#         596
  C:1D72H         LINE#         597
  C:1D72H         LINE#         598
  C:1D87H         LINE#         599
  C:1D8AH         LINE#         600
  -------         ENDPROC       FILTERIIRINIT
  -------         PROC          _FILTERDATADEAL
  D:0013H         SYMBOL        i
  -------         DO            
  D:0014H         SYMBOL        FilterTemp
  D:0004H         SYMBOL        SetFingerThresholdtmp
  -------         ENDDO         
  C:1300H         LINE#         609
  C:1302H         LINE#         610
  C:1302H         LINE#         614
  C:130FH         LINE#         616
  C:1318H         LINE#         618
  C:132DH         LINE#         619
  C:132DH         LINE#         620
  C:1335H         LINE#         621
  C:1338H         LINE#         622
  C:1351H         LINE#         623
  C:1351H         LINE#         624
  C:1376H         LINE#         625
  C:1378H         LINE#         627
  C:1378H         LINE#         628
  C:13B0H         LINE#         629
  C:13B0H         LINE#         631
  C:13BAH         LINE#         632
  -------         ENDPROC       _FILTERDATADEAL
  -------         PROC          GETISNEEDUPDATEBASELINE
  C:1FC7H         LINE#         641
  C:1FC7H         LINE#         642
  C:1FC7H         LINE#         643
  C:1FC9H         LINE#         644
  -------         ENDPROC       GETISNEEDUPDATEBASELINE
BL51 BANKED LINKER/LOCATER V6.22                                                      10/04/2019  21:28:59  PAGE 44


  -------         PROC          SETNEEDUPDATEBASELINE
  C:1FCAH         LINE#         653
  C:1FCAH         LINE#         654
  C:1FCAH         LINE#         655
  C:1FCCH         LINE#         656
  -------         ENDPROC       SETNEEDUPDATEBASELINE
  -------         PROC          INITIALIZESENSORFLAG
  -------         DO            
  D:0007H         SYMBOL        i
  -------         ENDDO         
  C:18F1H         LINE#         665
  C:18F1H         LINE#         666
  C:18F1H         LINE#         668
  C:18F9H         LINE#         669
  C:18F9H         LINE#         670
  C:1901H         LINE#         671
  C:1909H         LINE#         672
  C:1911H         LINE#         673
  C:1919H         LINE#         674
  C:1921H         LINE#         675
  C:1924H         LINE#         677
  C:192DH         LINE#         678
  C:1933H         LINE#         679
  C:193AH         LINE#         680
  C:193CH         LINE#         681
  -------         ENDPROC       INITIALIZESENSORFLAG
  -------         PROC          _MULTIPLEDEAL
  D:0011H         SYMBOL        CycleCnt
  -------         DO            
  X:0095H         SYMBOL        InitSensorCnt
  D:0004H         SYMBOL        FilterTemp
  D:0012H         SYMBOL        t
  -------         ENDDO         
  C:0E46H         LINE#         690
  C:0E48H         LINE#         691
  C:0E48H         LINE#         697
  C:0E51H         LINE#         698
  C:0E51H         LINE#         699
  C:0E53H         LINE#         700
  C:0E59H         LINE#         701
  C:0E59H         LINE#         702
  C:0E62H         LINE#         703
  C:0E62H         LINE#         704
  C:0E77H         LINE#         705
  C:0E7BH         LINE#         706
  C:0E7BH         LINE#         707
  C:0E7EH         LINE#         708
  C:0E80H         LINE#         709
  C:0E86H         LINE#         711
  C:0E86H         LINE#         713
  C:0E8CH         LINE#         714
  C:0E90H         LINE#         715
  C:0E90H         LINE#         716
  C:0E93H         LINE#         717
  C:0E98H         LINE#         718
  C:0E98H         LINE#         720
  C:0EA4H         LINE#         721
BL51 BANKED LINKER/LOCATER V6.22                                                      10/04/2019  21:28:59  PAGE 45


  C:0EA4H         LINE#         722
  C:0EAEH         LINE#         723
  C:0EAEH         LINE#         724
  C:0EC7H         LINE#         725
  C:0ECDH         LINE#         726
  C:0ECDH         LINE#         727
  C:0EF4H         LINE#         728
  C:0EF6H         LINE#         731
  C:0EF6H         LINE#         732
  C:0F1EH         LINE#         733
  C:0F1EH         LINE#         734
  C:0F1EH         LINE#         735
  C:0F23H         LINE#         736
  C:0F28H         LINE#         738
  C:0F2DH         LINE#         739
  C:0F2DH         LINE#         740
  C:0F33H         LINE#         741
  C:0F33H         LINE#         743
  C:0F40H         LINE#         744
  C:0F40H         LINE#         745
  C:0F42H         LINE#         746
  C:0F44H         LINE#         747
  C:0F4AH         LINE#         748
  C:0F57H         LINE#         749
  C:0F57H         LINE#         750
  C:0F5CH         LINE#         751
  C:0F5FH         LINE#         752
  C:0F62H         LINE#         753
  C:0F64H         LINE#         754
  C:0F64H         LINE#         755
  C:0F64H         LINE#         756
  C:0F64H         LINE#         757
  -------         ENDPROC       _MULTIPLEDEAL
  -------         ENDMOD        SENSORMETHOD

  -------         MODULE        DUST
  C:0000H         SYMBOL        _ICE_DUMMY_
  D:0080H         PUBLIC        P0
  D:0090H         PUBLIC        P1
  D:00A0H         PUBLIC        P2
  D:00B0H         PUBLIC        P3
  D:00C0H         PUBLIC        P4
  D:00D8H         PUBLIC        P5
  D:00A8H         PUBLIC        IE
  D:00B8H         PUBLIC        IP
  C:1FA1H         PUBLIC        read_dust_display_value
  X:0062H         PUBLIC        dust_display_value
  D:00ADH         PUBLIC        ADCCON
  D:0098H         PUBLIC        SCON
  D:0088H         PUBLIC        TCON
  X:0064H         PUBLIC        dust_last_display_value
  C:1FA5H         PUBLIC        adc_start
  C:1FCDH         PUBLIC        read_dust_level
  D:005AH         PUBLIC        dust_level
  X:0066H         PUBLIC        dust_index
  C:1BA9H         PUBLIC        _adc_init
  X:0067H         PUBLIC        dust_delay_count
BL51 BANKED LINKER/LOCATER V6.22                                                      10/04/2019  21:28:59  PAGE 46


  D:00ABH         PUBLIC        ADCCFG0
  D:00ACH         PUBLIC        ADCCFG1
  X:0068H         PUBLIC        dust_adc_value
  X:0090H         PUBLIC        dust_adc_mean
  C:117DH         PUBLIC        dust_adc_mean_value
  C:1082H         PUBLIC        dust_task
  C:1E9AH         PUBLIC        dust_init
  D:00D9H         PUBLIC        P5CON
  D:00AFH         PUBLIC        ADCVH
  D:00C8H         PUBLIC        T2CON
  D:00AEH         PUBLIC        ADCVL
  X:0094H         PUBLIC        dust_ok_flag
  D:00D0H         PUBLIC        PSW
  C:1E10H         PUBLIC        ADC_Interrupt
  -------         PROC          DUST_INIT
  C:1E9AH         LINE#         22
  C:1E9AH         LINE#         23
  C:1E9AH         LINE#         24
  C:1E9DH         LINE#         26
  C:1EA4H         LINE#         27
  C:1EAEH         LINE#         28
  -------         ENDPROC       DUST_INIT
  -------         PROC          READ_DUST_DISPLAY_VALUE
  C:1FA1H         LINE#         35
  C:1FA1H         LINE#         36
  C:1FA1H         LINE#         38
  C:1FA4H         LINE#         39
  -------         ENDPROC       READ_DUST_DISPLAY_VALUE
  -------         PROC          DUST_ADC_MEAN_VALUE
  -------         DO            
  D:0003H         SYMBOL        i
  D:0008H         SYMBOL        sum
  D:000CH         SYMBOL        dust_voltage
  -------         ENDDO         
  C:117DH         LINE#         41
  C:117DH         LINE#         42
  C:117DH         LINE#         46
  C:1186H         LINE#         47
  C:1187H         LINE#         48
  C:1187H         LINE#         49
  C:11AFH         LINE#         50
  C:11B3H         LINE#         56
  C:11C8H         LINE#         57
  C:11F1H         LINE#         58
  C:1220H         LINE#         59
  C:1229H         LINE#         60
  C:1242H         LINE#         63
  -------         ENDPROC       DUST_ADC_MEAN_VALUE
  -------         PROC          DUST_TASK
  C:1082H         LINE#         66
  C:1082H         LINE#         68
  C:1082H         LINE#         69
  C:108AH         LINE#         70
  C:108AH         LINE#         71
  C:108BH         LINE#         72
  C:10B4H         LINE#         73
  C:10BFH         LINE#         74
BL51 BANKED LINKER/LOCATER V6.22                                                      10/04/2019  21:28:59  PAGE 47


  C:10BFH         LINE#         75
  C:10C2H         LINE#         77
  C:10C7H         LINE#         78
  C:10C7H         LINE#         79
  C:10C7H         LINE#         81
  C:10D5H         LINE#         82
  C:10D5H         LINE#         83
  C:10D7H         LINE#         85
  C:10F2H         LINE#         86
  C:10F2H         LINE#         87
  C:1109H         LINE#         88
  C:110BH         LINE#         90
  C:110BH         LINE#         91
  C:1118H         LINE#         92
  C:1118H         LINE#         93
  C:112EH         LINE#         94
  C:114FH         LINE#         95
  C:1163H         LINE#         96
  C:1179H         LINE#         97
  C:117CH         LINE#         98
  C:117CH         LINE#         99
  -------         ENDPROC       DUST_TASK
  -------         PROC          READ_DUST_LEVEL
  C:1FCDH         LINE#         101
  C:1FCDH         LINE#         102
  C:1FCDH         LINE#         103
  C:1FCFH         LINE#         104
  -------         ENDPROC       READ_DUST_LEVEL
  -------         PROC          _ADC_INIT
  D:0006H         SYMBOL        channel
  C:1BA9H         LINE#         112
  C:1BA9H         LINE#         113
  C:1BA9H         LINE#         114
  C:1BAEH         LINE#         115
  C:1BB7H         LINE#         116
  C:1BB7H         LINE#         117
  C:1BC4H         LINE#         118
  C:1BC6H         LINE#         120
  C:1BC6H         LINE#         121
  C:1BD7H         LINE#         122
  C:1BD7H         LINE#         125
  C:1BDAH         LINE#         126
  -------         ENDPROC       _ADC_INIT
  -------         PROC          ADC_START
  C:1FA5H         LINE#         128
  C:1FA5H         LINE#         130
  C:1FA5H         LINE#         131
  C:1FA8H         LINE#         132
  -------         ENDPROC       ADC_START
  -------         PROC          ADC_INTERRUPT
  C:1E10H         LINE#         135
  C:1E16H         LINE#         137
  C:1E19H         LINE#         138
  C:1E1CH         LINE#         139
  C:1E22H         LINE#         140
  -------         ENDPROC       ADC_INTERRUPT
  -------         ENDMOD        DUST
BL51 BANKED LINKER/LOCATER V6.22                                                      10/04/2019  21:28:59  PAGE 48



  -------         MODULE        ?C?IMUL
  C:0736H         PUBLIC        ?C?IMUL
  -------         ENDMOD        ?C?IMUL

  -------         MODULE        ?C?UIDIV
  C:0748H         PUBLIC        ?C?UIDIV
  -------         ENDMOD        ?C?UIDIV

  -------         MODULE        ?C?SIDIV
  C:079DH         PUBLIC        ?C?SIDIV
  -------         ENDMOD        ?C?SIDIV

  -------         MODULE        ?C?IILDX
  C:07D3H         PUBLIC        ?C?IILDX
  -------         ENDMOD        ?C?IILDX

  -------         MODULE        ?C?LMUL
  C:07E9H         PUBLIC        ?C?LMUL
  -------         ENDMOD        ?C?LMUL

  -------         MODULE        ?C?ULDIV
  C:0874H         PUBLIC        ?C?ULDIV
  -------         ENDMOD        ?C?ULDIV

  -------         MODULE        ?C?LNOT
  C:0906H         PUBLIC        ?C?LNOT
  -------         ENDMOD        ?C?LNOT

  -------         MODULE        ?C?ULCMP
  C:0913H         PUBLIC        ?C?ULCMP
  -------         ENDMOD        ?C?ULCMP

  -------         MODULE        ?C?ULSHR
  C:0924H         PUBLIC        ?C?ULSHR
  -------         ENDMOD        ?C?ULSHR

  -------         MODULE        ?C?LSHL
  C:0937H         PUBLIC        ?C?LSHL
  -------         ENDMOD        ?C?LSHL

  -------         MODULE        ?C?LSTXDATA
  C:094AH         PUBLIC        ?C?LSTXDATA
  -------         ENDMOD        ?C?LSTXDATA

  -------         MODULE        ?C?LSTKXDATA
  C:0956H         PUBLIC        ?C?LSTKXDATA
  -------         ENDMOD        ?C?LSTKXDATA

  -------         MODULE        ?C?OFFXADD
  C:0987H         PUBLIC        ?C?OFFXADD
  -------         ENDMOD        ?C?OFFXADD

  -------         MODULE        RAND
  D:0056H         PUBLIC        ?SRAND?BYTE
  C:18A4H         PUBLIC        RAND
  C:18E6H         PUBLIC        _SRAND
BL51 BANKED LINKER/LOCATER V6.22                                                      10/04/2019  21:28:59  PAGE 49


  -------         ENDMOD        RAND

Program Size: data=91.4 xdata=197 code=7911
LINK/LOCATE RUN COMPLETE.  0 WARNING(S),  0 ERROR(S)
